Archive member included to satisfy reference by file (symbol)

c:/st/stm32cubeide_1.9.0/stm32cubeide/plugins/com.st.stm32cube.ide.mcu.externaltools.gnu-tools-for-stm32.10.3-2021.10.win32_1.0.0.202111181127/tools/bin/../lib/gcc/arm-none-eabi/10.3.1/../../../../arm-none-eabi/lib/thumb/v6-m/nofp\libc_nano.a(lib_a-errno.o)
                              ./Core/Src/syscalls.o (__errno)
c:/st/stm32cubeide_1.9.0/stm32cubeide/plugins/com.st.stm32cube.ide.mcu.externaltools.gnu-tools-for-stm32.10.3-2021.10.win32_1.0.0.202111181127/tools/bin/../lib/gcc/arm-none-eabi/10.3.1/../../../../arm-none-eabi/lib/thumb/v6-m/nofp\libc_nano.a(lib_a-exit.o)
                              c:/st/stm32cubeide_1.9.0/stm32cubeide/plugins/com.st.stm32cube.ide.mcu.externaltools.gnu-tools-for-stm32.10.3-2021.10.win32_1.0.0.202111181127/tools/bin/../lib/gcc/arm-none-eabi/10.3.1/../../../../arm-none-eabi/lib/thumb/v6-m/nofp/crt0.o (exit)
c:/st/stm32cubeide_1.9.0/stm32cubeide/plugins/com.st.stm32cube.ide.mcu.externaltools.gnu-tools-for-stm32.10.3-2021.10.win32_1.0.0.202111181127/tools/bin/../lib/gcc/arm-none-eabi/10.3.1/../../../../arm-none-eabi/lib/thumb/v6-m/nofp\libc_nano.a(lib_a-impure.o)
                              c:/st/stm32cubeide_1.9.0/stm32cubeide/plugins/com.st.stm32cube.ide.mcu.externaltools.gnu-tools-for-stm32.10.3-2021.10.win32_1.0.0.202111181127/tools/bin/../lib/gcc/arm-none-eabi/10.3.1/../../../../arm-none-eabi/lib/thumb/v6-m/nofp\libc_nano.a(lib_a-exit.o) (_global_impure_ptr)
c:/st/stm32cubeide_1.9.0/stm32cubeide/plugins/com.st.stm32cube.ide.mcu.externaltools.gnu-tools-for-stm32.10.3-2021.10.win32_1.0.0.202111181127/tools/bin/../lib/gcc/arm-none-eabi/10.3.1/../../../../arm-none-eabi/lib/thumb/v6-m/nofp\libc_nano.a(lib_a-init.o)
                              c:/st/stm32cubeide_1.9.0/stm32cubeide/plugins/com.st.stm32cube.ide.mcu.externaltools.gnu-tools-for-stm32.10.3-2021.10.win32_1.0.0.202111181127/tools/bin/../lib/gcc/arm-none-eabi/10.3.1/../../../../arm-none-eabi/lib/thumb/v6-m/nofp/crt0.o (__libc_init_array)
c:/st/stm32cubeide_1.9.0/stm32cubeide/plugins/com.st.stm32cube.ide.mcu.externaltools.gnu-tools-for-stm32.10.3-2021.10.win32_1.0.0.202111181127/tools/bin/../lib/gcc/arm-none-eabi/10.3.1/../../../../arm-none-eabi/lib/thumb/v6-m/nofp\libc_nano.a(lib_a-memset.o)
                              c:/st/stm32cubeide_1.9.0/stm32cubeide/plugins/com.st.stm32cube.ide.mcu.externaltools.gnu-tools-for-stm32.10.3-2021.10.win32_1.0.0.202111181127/tools/bin/../lib/gcc/arm-none-eabi/10.3.1/../../../../arm-none-eabi/lib/thumb/v6-m/nofp/crt0.o (memset)
c:/st/stm32cubeide_1.9.0/stm32cubeide/plugins/com.st.stm32cube.ide.mcu.externaltools.gnu-tools-for-stm32.10.3-2021.10.win32_1.0.0.202111181127/tools/bin/../lib/gcc/arm-none-eabi/10.3.1/../../../../arm-none-eabi/lib/thumb/v6-m/nofp\libc_nano.a(lib_a-sprintf.o)
                              ./Core/Src/lcd.o (sprintf)
c:/st/stm32cubeide_1.9.0/stm32cubeide/plugins/com.st.stm32cube.ide.mcu.externaltools.gnu-tools-for-stm32.10.3-2021.10.win32_1.0.0.202111181127/tools/bin/../lib/gcc/arm-none-eabi/10.3.1/../../../../arm-none-eabi/lib/thumb/v6-m/nofp\libc_nano.a(lib_a-strlen.o)
                              ./Core/Src/gesture.o (strlen)
c:/st/stm32cubeide_1.9.0/stm32cubeide/plugins/com.st.stm32cube.ide.mcu.externaltools.gnu-tools-for-stm32.10.3-2021.10.win32_1.0.0.202111181127/tools/bin/../lib/gcc/arm-none-eabi/10.3.1/../../../../arm-none-eabi/lib/thumb/v6-m/nofp\libc_nano.a(lib_a-nano-svfprintf.o)
                              c:/st/stm32cubeide_1.9.0/stm32cubeide/plugins/com.st.stm32cube.ide.mcu.externaltools.gnu-tools-for-stm32.10.3-2021.10.win32_1.0.0.202111181127/tools/bin/../lib/gcc/arm-none-eabi/10.3.1/../../../../arm-none-eabi/lib/thumb/v6-m/nofp\libc_nano.a(lib_a-sprintf.o) (_svfprintf_r)
c:/st/stm32cubeide_1.9.0/stm32cubeide/plugins/com.st.stm32cube.ide.mcu.externaltools.gnu-tools-for-stm32.10.3-2021.10.win32_1.0.0.202111181127/tools/bin/../lib/gcc/arm-none-eabi/10.3.1/../../../../arm-none-eabi/lib/thumb/v6-m/nofp\libc_nano.a(lib_a-nano-vfprintf_i.o)
                              c:/st/stm32cubeide_1.9.0/stm32cubeide/plugins/com.st.stm32cube.ide.mcu.externaltools.gnu-tools-for-stm32.10.3-2021.10.win32_1.0.0.202111181127/tools/bin/../lib/gcc/arm-none-eabi/10.3.1/../../../../arm-none-eabi/lib/thumb/v6-m/nofp\libc_nano.a(lib_a-nano-svfprintf.o) (_printf_i)
c:/st/stm32cubeide_1.9.0/stm32cubeide/plugins/com.st.stm32cube.ide.mcu.externaltools.gnu-tools-for-stm32.10.3-2021.10.win32_1.0.0.202111181127/tools/bin/../lib/gcc/arm-none-eabi/10.3.1/../../../../arm-none-eabi/lib/thumb/v6-m/nofp\libc_nano.a(lib_a-memchr-stub.o)
                              c:/st/stm32cubeide_1.9.0/stm32cubeide/plugins/com.st.stm32cube.ide.mcu.externaltools.gnu-tools-for-stm32.10.3-2021.10.win32_1.0.0.202111181127/tools/bin/../lib/gcc/arm-none-eabi/10.3.1/../../../../arm-none-eabi/lib/thumb/v6-m/nofp\libc_nano.a(lib_a-nano-svfprintf.o) (memchr)
[...]
Memory Configuration

Name             Origin             Length             Attributes
RAM              0x0000000020000000 0x0000000000002000 xrw
FLASH            0x0000000008000000 0x0000000000010000 xr
*default*        0x0000000000000000 0xffffffffffffffff

Linker script and memory map

LOAD c:/st/stm32cubeide_1.9.0/stm32cubeide/plugins/com.st.stm32cube.ide.mcu.externaltools.gnu-tools-for-stm32.10.3-2021.10.win32_1.0.0.202111181127/tools/bin/../lib/gcc/arm-none-eabi/10.3.1/thumb/v6-m/nofp/crti.o
LOAD c:/st/stm32cubeide_1.9.0/stm32cubeide/plugins/com.st.stm32cube.ide.mcu.externaltools.gnu-tools-for-stm32.10.3-2021.10.win32_1.0.0.202111181127/tools/bin/../lib/gcc/arm-none-eabi/10.3.1/thumb/v6-m/nofp/crtbegin.o
LOAD c:/st/stm32cubeide_1.9.0/stm32cubeide/plugins/com.st.stm32cube.ide.mcu.externaltools.gnu-tools-for-stm32.10.3-2021.10.win32_1.0.0.202111181127/tools/bin/../lib/gcc/arm-none-eabi/10.3.1/../../../../arm-none-eabi/lib/thumb/v6-m/nofp/crt0.o
LOAD ./Core/Src/gesture.o
LOAD ./Core/Src/lcd.o
LOAD ./Core/Src/main.o
LOAD ./Core/Src/stm32f0xx_hal_msp.o
LOAD ./Core/Src/stm32f0xx_it.o
LOAD ./Core/Src/syscalls.o
LOAD ./Core/Src/sysmem.o
LOAD ./Core/Src/system_stm32f0xx.o
LOAD ./Core/Startup/startup_stm32f030c8tx.o
LOAD ./Drivers/STM32F0xx_HAL_Driver/Src/stm32f0xx_hal.o
LOAD ./Drivers/STM32F0xx_HAL_Driver/Src/stm32f0xx_hal_cortex.o
LOAD ./Drivers/STM32F0xx_HAL_Driver/Src/stm32f0xx_hal_dma.o
LOAD ./Drivers/STM32F0xx_HAL_Driver/Src/stm32f0xx_hal_exti.o
LOAD ./Drivers/STM32F0xx_HAL_Driver/Src/stm32f0xx_hal_flash.o
LOAD ./Drivers/STM32F0xx_HAL_Driver/Src/stm32f0xx_hal_flash_ex.o
LOAD ./Drivers/STM32F0xx_HAL_Driver/Src/stm32f0xx_hal_gpio.o
LOAD ./Drivers/STM32F0xx_HAL_Driver/Src/stm32f0xx_hal_i2c.o
LOAD ./Drivers/STM32F0xx_HAL_Driver/Src/stm32f0xx_hal_i2c_ex.o
LOAD ./Drivers/STM32F0xx_HAL_Driver/Src/stm32f0xx_hal_pwr.o
LOAD ./Drivers/STM32F0xx_HAL_Driver/Src/stm32f0xx_hal_pwr_ex.o
LOAD ./Drivers/STM32F0xx_HAL_Driver/Src/stm32f0xx_hal_rcc.o
LOAD ./Drivers/STM32F0xx_HAL_Driver/Src/stm32f0xx_hal_rcc_ex.o
LOAD ./Drivers/STM32F0xx_HAL_Driver/Src/stm32f0xx_hal_tim.o
LOAD ./Drivers/STM32F0xx_HAL_Driver/Src/stm32f0xx_hal_tim_ex.o
LOAD ./Drivers/STM32F0xx_HAL_Driver/Src/stm32f0xx_hal_uart.o
LOAD ./Drivers/STM32F0xx_HAL_Driver/Src/stm32f0xx_hal_uart_ex.o
START GROUP
LOAD c:/st/stm32cubeide_1.9.0/stm32cubeide/plugins/com.st.stm32cube.ide.mcu.externaltools.gnu-tools-for-stm32.10.3-2021.10.win32_1.0.0.202111181127/tools/bin/../lib/gcc/arm-none-eabi/10.3.1/../../../../arm-none-eabi/lib/thumb/v6-m/nofp\libc_nano.a
LOAD c:/st/stm32cubeide_1.9.0/stm32cubeide/plugins/com.st.stm32cube.ide.mcu.externaltools.gnu-tools-for-stm32.10.3-2021.10.win32_1.0.0.202111181127/tools/bin/../lib/gcc/arm-none-eabi/10.3.1/../../../../arm-none-eabi/lib/thumb/v6-m/nofp\libm.a
END GROUP
START GROUP
LOAD c:/st/stm32cubeide_1.9.0/stm32cubeide/plugins/com.st.stm32cube.ide.mcu.externaltools.gnu-tools-for-stm32.10.3-2021.10.win32_1.0.0.202111181127/tools/bin/../lib/gcc/arm-none-eabi/10.3.1/thumb/v6-m/nofp\libgcc.a
LOAD c:/st/stm32cubeide_1.9.0/stm32cubeide/plugins/com.st.stm32cube.ide.mcu.externaltools.gnu-tools-for-stm32.10.3-2021.10.win32_1.0.0.202111181127/tools/bin/../lib/gcc/arm-none-eabi/10.3.1/../../../../arm-none-eabi/lib/thumb/v6-m/nofp\libc_nano.a
END GROUP
START GROUP
LOAD c:/st/stm32cubeide_1.9.0/stm32cubeide/plugins/com.st.stm32cube.ide.mcu.externaltools.gnu-tools-for-stm32.10.3-2021.10.win32_1.0.0.202111181127/tools/bin/../lib/gcc/arm-none-eabi/10.3.1/thumb/v6-m/nofp\libgcc.a
LOAD c:/st/stm32cubeide_1.9.0/stm32cubeide/plugins/com.st.stm32cube.ide.mcu.externaltools.gnu-tools-for-stm32.10.3-2021.10.win32_1.0.0.202111181127/tools/bin/../lib/gcc/arm-none-eabi/10.3.1/../../../../arm-none-eabi/lib/thumb/v6-m/nofp\libc_nano.a
LOAD c:/st/stm32cubeide_1.9.0/stm32cubeide/plugins/com.st.stm32cube.ide.mcu.externaltools.gnu-tools-for-stm32.10.3-2021.10.win32_1.0.0.202111181127/tools/bin/../lib/gcc/arm-none-eabi/10.3.1/../../../../arm-none-eabi/lib/thumb/v6-m/nofp\libnosys.a
END GROUP
START GROUP
LOAD c:/st/stm32cubeide_1.9.0/stm32cubeide/plugins/com.st.stm32cube.ide.mcu.externaltools.gnu-tools-for-stm32.10.3-2021.10.win32_1.0.0.202111181127/tools/bin/../lib/gcc/arm-none-eabi/10.3.1/thumb/v6-m/nofp\libgcc.a
LOAD c:/st/stm32cubeide_1.9.0/stm32cubeide/plugins/com.st.stm32cube.ide.mcu.externaltools.gnu-tools-for-stm32.10.3-2021.10.win32_1.0.0.202111181127/tools/bin/../lib/gcc/arm-none-eabi/10.3.1/../../../../arm-none-eabi/lib/thumb/v6-m/nofp\libc_nano.a
LOAD c:/st/stm32cubeide_1.9.0/stm32cubeide/plugins/com.st.stm32cube.ide.mcu.externaltools.gnu-tools-for-stm32.10.3-2021.10.win32_1.0.0.202111181127/tools/bin/../lib/gcc/arm-none-eabi/10.3.1/../../../../arm-none-eabi/lib/thumb/v6-m/nofp\libnosys.a
END GROUP
LOAD c:/st/stm32cubeide_1.9.0/stm32cubeide/plugins/com.st.stm32cube.ide.mcu.externaltools.gnu-tools-for-stm32.10.3-2021.10.win32_1.0.0.202111181127/tools/bin/../lib/gcc/arm-none-eabi/10.3.1/thumb/v6-m/nofp/crtend.o
LOAD c:/st/stm32cubeide_1.9.0/stm32cubeide/plugins/com.st.stm32cube.ide.mcu.externaltools.gnu-tools-for-stm32.10.3-2021.10.win32_1.0.0.202111181127/tools/bin/../lib/gcc/arm-none-eabi/10.3.1/thumb/v6-m/nofp/crtn.o
                0x0000000020002000                _estack = (ORIGIN (RAM) + LENGTH (RAM))
                0x0000000000000200                _Min_Heap_Size = 0x200
                0x0000000000000400                _Min_Stack_Size = 0x400

.isr_vector     0x0000000008000000       0xc0
                0x0000000008000000                . = ALIGN (0x4)
 *(.isr_vector)
 .isr_vector    0x0000000008000000       0xc0 ./Core/Startup/startup_stm32f030c8tx.o
                0x0000000008000000                g_pfnVectors
                0x00000000080000c0                . = ALIGN (0x4)

.text           0x00000000080000c0     0x5a20
                0x00000000080000c0                . = ALIGN (0x4)
 *(.text)
 .text          0x00000000080000c0       0x48 c:/st/stm32cubeide_1.9.0/stm32cubeide/plugins/com.st.stm32cube.ide.mcu.externaltools.gnu-tools-for-stm32.10.3-2021.10.win32_1.0.0.202111181127/tools/bin/../lib/gcc/arm-none-eabi/10.3.1/thumb/v6-m/nofp/crtbegin.o
 .text          0x0000000008000108       0x14 c:/st/stm32cubeide_1.9.0/stm32cubeide/plugins/com.st.stm32cube.ide.mcu.externaltools.gnu-tools-for-stm32.10.3-2021.10.win32_1.0.0.202111181127/tools/bin/../lib/gcc/arm-none-eabi/10.3.1/thumb/v6-m/nofp\libgcc.a(_thumb1_case_shi.o)
                0x0000000008000108                __gnu_thumb1_case_shi
 .text          0x000000000800011c      0x114 c:/st/stm32cubeide_1.9.0/stm32cubeide/plugins/com.st.stm32cube.ide.mcu.externaltools.gnu-tools-for-stm32.10.3-2021.10.win32_1.0.0.202111181127/tools/bin/../lib/gcc/arm-none-eabi/10.3.1/thumb/v6-m/nofp\libgcc.a(_udivsi3.o)
                0x000000000800011c                __aeabi_uidiv
                0x000000000800011c                __udivsi3
                0x0000000008000228                __aeabi_uidivmod
 .text          0x0000000008000230        0x4 c:/st/stm32cubeide_1.9.0/stm32cubeide/plugins/com.st.stm32cube.ide.mcu.externaltools.gnu-tools-for-stm32.10.3-2021.10.win32_1.0.0.202111181127/tools/bin/../lib/gcc/arm-none-eabi/10.3.1/thumb/v6-m/nofp\libgcc.a(_dvmd_tls.o)
                0x0000000008000230                __aeabi_idiv0
                0x0000000008000230                __aeabi_ldiv0
 *(.text*)
 .text.init_gesture
                0x0000000008000234      0x188 ./Core/Src/gesture.o
                0x0000000008000234                init_gesture
 .text.gestureFIFOAvailable
                0x00000000080003bc       0x44 ./Core/Src/gesture.o
                0x00000000080003bc                gestureFIFOAvailable
 .text.readGesture
                0x0000000008000400       0x24 ./Core/Src/gesture.o
                0x0000000008000400                readGesture
 .text.handleGesture
                0x0000000008000424      0x208 ./Core/Src/gesture.o
                0x0000000008000424                handleGesture
 .text.gestureAvailable
                0x000000000800062c       0x94 ./Core/Src/gesture.o
                0x000000000800062c                gestureAvailable
 .text.write8   0x00000000080006c0       0x4c ./Core/Src/gesture.o
                0x00000000080006c0                write8
 .text.read8    0x000000000800070c       0x4c ./Core/Src/gesture.o
                0x000000000800070c                read8
 .text.lcd_init
                0x0000000008000758       0xbe ./Core/Src/lcd.o
                0x0000000008000758                lcd_init
 .text.lcd_write
                0x0000000008000816      0x1be ./Core/Src/lcd.o
                0x0000000008000816                lcd_write
 .text.lcd_puts
                0x00000000080009d4       0xa2 ./Core/Src/lcd.o
                0x00000000080009d4                lcd_puts
 *fill*         0x0000000008000a76        0x2 
 .text.clr_data
                0x0000000008000a78      0x1bc ./Core/Src/lcd.o
                0x0000000008000a78                clr_data
 .text.clr_select
                0x0000000008000c34       0x58 ./Core/Src/lcd.o
                0x0000000008000c34                clr_select
 .text.lcd_clear
                0x0000000008000c8c       0x12 ./Core/Src/lcd.o
                0x0000000008000c8c                lcd_clear
 *fill*         0x0000000008000c9e        0x2 
 .text.clock_page
                0x0000000008000ca0       0x50 ./Core/Src/lcd.o
                0x0000000008000ca0                clock_page
 .text.Total_Time_Print
                0x0000000008000cf0       0xb8 ./Core/Src/lcd.o
                0x0000000008000cf0                Total_Time_Print
 .text.home_page
                0x0000000008000da8       0x40 ./Core/Src/lcd.o
                0x0000000008000da8                home_page
 .text.update_key_press
                0x0000000008000de8      0x148 ./Core/Src/main.o
                0x0000000008000de8                update_key_press
 .text.set_data_positive
                0x0000000008000f30      0x154 ./Core/Src/main.o
                0x0000000008000f30                set_data_positive
 .text.set_data_negative
                0x0000000008001084      0x12c ./Core/Src/main.o
                0x0000000008001084                set_data_negative
 .text.update_new_data
                0x00000000080011b0       0xd0 ./Core/Src/main.o
                0x00000000080011b0                update_new_data
 .text.page_2_print
                0x0000000008001280       0x2c ./Core/Src/main.o
                0x0000000008001280                page_2_print
 .text.page_3_print
                0x00000000080012ac       0xec ./Core/Src/main.o
                0x00000000080012ac                page_3_print
 .text.update_screen_data_2
                0x0000000008001398       0x2c ./Core/Src/main.o
                0x0000000008001398                update_screen_data_2
 .text.update_screen_data_3
                0x00000000080013c4      0x208 ./Core/Src/main.o
                0x00000000080013c4                update_screen_data_3
 .text.update_screen_data
                0x00000000080015cc      0x240 ./Core/Src/main.o
                0x00000000080015cc                update_screen_data
 .text.send_cmd
                0x000000000800180c      0x224 ./Core/Src/main.o
                0x000000000800180c                send_cmd
 .text.page1_print
                0x0000000008001a30      0x198 ./Core/Src/main.o
                0x0000000008001a30                page1_print
 .text.HAL_GPIO_EXTI_Callback
                0x0000000008001bc8       0xe8 ./Core/Src/main.o
                0x0000000008001bc8                HAL_GPIO_EXTI_Callback
 .text.beep_sound
                0x0000000008001cb0       0x32 ./Core/Src/main.o
                0x0000000008001cb0                beep_sound
 *fill*         0x0000000008001ce2        0x2 
 .text.main     0x0000000008001ce4      0x478 ./Core/Src/main.o
                0x0000000008001ce4                main
 .text.SystemClock_Config
                0x000000000800215c       0xc8 ./Core/Src/main.o
                0x000000000800215c                SystemClock_Config
 .text.MX_I2C1_Init
                0x0000000008002224       0x80 ./Core/Src/main.o
 .text.MX_TIM6_Init
                0x00000000080022a4       0x48 ./Core/Src/main.o
 .text.MX_USART1_UART_Init
                0x00000000080022ec       0x64 ./Core/Src/main.o
 .text.MX_GPIO_Init
                0x0000000008002350      0x144 ./Core/Src/main.o
 .text.Error_Handler
                0x0000000008002494        0xa ./Core/Src/main.o
                0x0000000008002494                Error_Handler
 *fill*         0x000000000800249e        0x2 
 .text.HAL_MspInit
                0x00000000080024a0       0x48 ./Core/Src/stm32f0xx_hal_msp.o
                0x00000000080024a0                HAL_MspInit
 .text.HAL_I2C_MspInit
                0x00000000080024e8       0x9c ./Core/Src/stm32f0xx_hal_msp.o
                0x00000000080024e8                HAL_I2C_MspInit
 .text.HAL_TIM_Base_MspInit
                0x0000000008002584       0x4c ./Core/Src/stm32f0xx_hal_msp.o
                0x0000000008002584                HAL_TIM_Base_MspInit
 .text.HAL_UART_MspInit
                0x00000000080025d0       0xe4 ./Core/Src/stm32f0xx_hal_msp.o
                0x00000000080025d0                HAL_UART_MspInit
 .text.NMI_Handler
                0x00000000080026b4        0x6 ./Core/Src/stm32f0xx_it.o
                0x00000000080026b4                NMI_Handler
 .text.HardFault_Handler
                0x00000000080026ba        0x6 ./Core/Src/stm32f0xx_it.o
                0x00000000080026ba                HardFault_Handler
 .text.SVC_Handler
                0x00000000080026c0        0xa ./Core/Src/stm32f0xx_it.o
                0x00000000080026c0                SVC_Handler
 .text.PendSV_Handler
                0x00000000080026ca        0xa ./Core/Src/stm32f0xx_it.o
                0x00000000080026ca                PendSV_Handler
 .text.SysTick_Handler
                0x00000000080026d4        0xe ./Core/Src/stm32f0xx_it.o
                0x00000000080026d4                SysTick_Handler
 .text.EXTI4_15_IRQHandler
                0x00000000080026e2       0x46 ./Core/Src/stm32f0xx_it.o
                0x00000000080026e2                EXTI4_15_IRQHandler
 .text.TIM6_IRQHandler
                0x0000000008002728       0x18 ./Core/Src/stm32f0xx_it.o
                0x0000000008002728                TIM6_IRQHandler
 .text._sbrk    0x0000000008002740       0x6c ./Core/Src/sysmem.o
                0x0000000008002740                _sbrk
 .text.SystemInit
                0x00000000080027ac        0xa ./Core/Src/system_stm32f0xx.o
                0x00000000080027ac                SystemInit
 *fill*         0x00000000080027b6        0x2 
 .text.Reset_Handler
                0x00000000080027b8       0x50 ./Core/Startup/startup_stm32f030c8tx.o
                0x00000000080027b8                Reset_Handler
 .text.Default_Handler
                0x0000000008002808        0x2 ./Core/Startup/startup_stm32f030c8tx.o
                0x0000000008002808                TIM1_CC_IRQHandler
                0x0000000008002808                I2C1_IRQHandler
                0x0000000008002808                SPI1_IRQHandler
                0x0000000008002808                EXTI2_3_IRQHandler
                0x0000000008002808                ADC1_IRQHandler
                0x0000000008002808                I2C2_IRQHandler
                0x0000000008002808                TIM17_IRQHandler
                0x0000000008002808                RTC_IRQHandler
                0x0000000008002808                TIM16_IRQHandler
                0x0000000008002808                TIM3_IRQHandler
                0x0000000008002808                RCC_IRQHandler
                0x0000000008002808                DMA1_Channel1_IRQHandler
                0x0000000008002808                Default_Handler
                0x0000000008002808                TIM14_IRQHandler
                0x0000000008002808                DMA1_Channel4_5_IRQHandler
                0x0000000008002808                TIM15_IRQHandler
                0x0000000008002808                EXTI0_1_IRQHandler
                0x0000000008002808                SPI2_IRQHandler
                0x0000000008002808                WWDG_IRQHandler
                0x0000000008002808                DMA1_Channel2_3_IRQHandler
                0x0000000008002808                USART2_IRQHandler
                0x0000000008002808                FLASH_IRQHandler
                0x0000000008002808                USART1_IRQHandler
                0x0000000008002808                TIM1_BRK_UP_TRG_COM_IRQHandler
 *fill*         0x000000000800280a        0x2 
 .text.HAL_Init
                0x000000000800280c       0x28 ./Drivers/STM32F0xx_HAL_Driver/Src/stm32f0xx_hal.o
                0x000000000800280c                HAL_Init
 .text.HAL_InitTick
                0x0000000008002834       0x68 ./Drivers/STM32F0xx_HAL_Driver/Src/stm32f0xx_hal.o
                0x0000000008002834                HAL_InitTick
 .text.HAL_IncTick
                0x000000000800289c       0x24 ./Drivers/STM32F0xx_HAL_Driver/Src/stm32f0xx_hal.o
                0x000000000800289c                HAL_IncTick
 .text.HAL_GetTick
                0x00000000080028c0       0x14 ./Drivers/STM32F0xx_HAL_Driver/Src/stm32f0xx_hal.o
                0x00000000080028c0                HAL_GetTick
 .text.HAL_Delay
                0x00000000080028d4       0x48 ./Drivers/STM32F0xx_HAL_Driver/Src/stm32f0xx_hal.o
                0x00000000080028d4                HAL_Delay
 .text.__NVIC_EnableIRQ
                0x000000000800291c       0x34 ./Drivers/STM32F0xx_HAL_Driver/Src/stm32f0xx_hal_cortex.o
 .text.__NVIC_SetPriority
                0x0000000008002950       0xdc ./Drivers/STM32F0xx_HAL_Driver/Src/stm32f0xx_hal_cortex.o
 .text.SysTick_Config
                0x0000000008002a2c       0x48 ./Drivers/STM32F0xx_HAL_Driver/Src/stm32f0xx_hal_cortex.o
 .text.HAL_NVIC_SetPriority
                0x0000000008002a74       0x2a ./Drivers/STM32F0xx_HAL_Driver/Src/stm32f0xx_hal_cortex.o
                0x0000000008002a74                HAL_NVIC_SetPriority
 .text.HAL_NVIC_EnableIRQ
                0x0000000008002a9e       0x20 ./Drivers/STM32F0xx_HAL_Driver/Src/stm32f0xx_hal_cortex.o
                0x0000000008002a9e                HAL_NVIC_EnableIRQ
 .text.HAL_SYSTICK_Config
                0x0000000008002abe       0x1a ./Drivers/STM32F0xx_HAL_Driver/Src/stm32f0xx_hal_cortex.o
                0x0000000008002abe                HAL_SYSTICK_Config
 .text.HAL_GPIO_Init
                0x0000000008002ad8      0x2e0 ./Drivers/STM32F0xx_HAL_Driver/Src/stm32f0xx_hal_gpio.o
                0x0000000008002ad8                HAL_GPIO_Init
 .text.HAL_GPIO_ReadPin
                0x0000000008002db8       0x3a ./Drivers/STM32F0xx_HAL_Driver/Src/stm32f0xx_hal_gpio.o
                0x0000000008002db8                HAL_GPIO_ReadPin
 .text.HAL_GPIO_WritePin
                0x0000000008002df2       0x3a ./Drivers/STM32F0xx_HAL_Driver/Src/stm32f0xx_hal_gpio.o
                0x0000000008002df2                HAL_GPIO_WritePin
 .text.HAL_GPIO_EXTI_IRQHandler
                0x0000000008002e2c       0x38 ./Drivers/STM32F0xx_HAL_Driver/Src/stm32f0xx_hal_gpio.o
                0x0000000008002e2c                HAL_GPIO_EXTI_IRQHandler
 .text.HAL_I2C_Init
                0x0000000008002e64      0x12c ./Drivers/STM32F0xx_HAL_Driver/Src/stm32f0xx_hal_i2c.o
                0x0000000008002e64                HAL_I2C_Init
 .text.HAL_I2C_Mem_Write
                0x0000000008002f90      0x25c ./Drivers/STM32F0xx_HAL_Driver/Src/stm32f0xx_hal_i2c.o
                0x0000000008002f90                HAL_I2C_Mem_Write
 .text.HAL_I2C_Mem_Read
                0x00000000080031ec      0x268 ./Drivers/STM32F0xx_HAL_Driver/Src/stm32f0xx_hal_i2c.o
                0x00000000080031ec                HAL_I2C_Mem_Read
 .text.I2C_RequestMemoryWrite
                0x0000000008003454       0xc8 ./Drivers/STM32F0xx_HAL_Driver/Src/stm32f0xx_hal_i2c.o
 .text.I2C_RequestMemoryRead
                0x000000000800351c       0xc4 ./Drivers/STM32F0xx_HAL_Driver/Src/stm32f0xx_hal_i2c.o
 .text.I2C_Flush_TXDR
                0x00000000080035e0       0x44 ./Drivers/STM32F0xx_HAL_Driver/Src/stm32f0xx_hal_i2c.o
 .text.I2C_WaitOnFlagUntilTimeout
                0x0000000008003624       0x7e ./Drivers/STM32F0xx_HAL_Driver/Src/stm32f0xx_hal_i2c.o
 .text.I2C_WaitOnTXISFlagUntilTimeout
                0x00000000080036a2       0x7e ./Drivers/STM32F0xx_HAL_Driver/Src/stm32f0xx_hal_i2c.o
 .text.I2C_WaitOnSTOPFlagUntilTimeout
                0x0000000008003720       0x78 ./Drivers/STM32F0xx_HAL_Driver/Src/stm32f0xx_hal_i2c.o
 .text.I2C_IsAcknowledgeFailed
                0x0000000008003798       0xf4 ./Drivers/STM32F0xx_HAL_Driver/Src/stm32f0xx_hal_i2c.o
 .text.I2C_TransferConfig
                0x000000000800388c       0x6c ./Drivers/STM32F0xx_HAL_Driver/Src/stm32f0xx_hal_i2c.o
 .text.HAL_I2CEx_ConfigAnalogFilter
                0x00000000080038f8       0x98 ./Drivers/STM32F0xx_HAL_Driver/Src/stm32f0xx_hal_i2c_ex.o
                0x00000000080038f8                HAL_I2CEx_ConfigAnalogFilter
 .text.HAL_I2CEx_ConfigDigitalFilter
                0x0000000008003990       0x98 ./Drivers/STM32F0xx_HAL_Driver/Src/stm32f0xx_hal_i2c_ex.o
                0x0000000008003990                HAL_I2CEx_ConfigDigitalFilter
 .text.HAL_RCC_OscConfig
                0x0000000008003a28      0x634 ./Drivers/STM32F0xx_HAL_Driver/Src/stm32f0xx_hal_rcc.o
                0x0000000008003a28                HAL_RCC_OscConfig
 .text.HAL_RCC_ClockConfig
                0x000000000800405c      0x19c ./Drivers/STM32F0xx_HAL_Driver/Src/stm32f0xx_hal_rcc.o
                0x000000000800405c                HAL_RCC_ClockConfig
 .text.HAL_RCC_GetSysClockFreq
                0x00000000080041f8       0xc8 ./Drivers/STM32F0xx_HAL_Driver/Src/stm32f0xx_hal_rcc.o
                0x00000000080041f8                HAL_RCC_GetSysClockFreq
 .text.HAL_RCC_GetHCLKFreq
                0x00000000080042c0       0x14 ./Drivers/STM32F0xx_HAL_Driver/Src/stm32f0xx_hal_rcc.o
                0x00000000080042c0                HAL_RCC_GetHCLKFreq
 .text.HAL_RCC_GetPCLK1Freq
                0x00000000080042d4       0x2c ./Drivers/STM32F0xx_HAL_Driver/Src/stm32f0xx_hal_rcc.o
                0x00000000080042d4                HAL_RCC_GetPCLK1Freq
 .text.HAL_RCCEx_PeriphCLKConfig
                0x0000000008004300      0x19c ./Drivers/STM32F0xx_HAL_Driver/Src/stm32f0xx_hal_rcc_ex.o
                0x0000000008004300                HAL_RCCEx_PeriphCLKConfig
 .text.HAL_TIM_Base_Init
                0x000000000800449c       0xa0 ./Drivers/STM32F0xx_HAL_Driver/Src/stm32f0xx_hal_tim.o
                0x000000000800449c                HAL_TIM_Base_Init
 .text.HAL_TIM_Base_Start_IT
                0x000000000800453c       0x98 ./Drivers/STM32F0xx_HAL_Driver/Src/stm32f0xx_hal_tim.o
                0x000000000800453c                HAL_TIM_Base_Start_IT
 .text.HAL_TIM_IRQHandler
                0x00000000080045d4      0x22c ./Drivers/STM32F0xx_HAL_Driver/Src/stm32f0xx_hal_tim.o
                0x00000000080045d4                HAL_TIM_IRQHandler
 .text.HAL_TIM_PeriodElapsedCallback
                0x0000000008004800       0x10 ./Drivers/STM32F0xx_HAL_Driver/Src/stm32f0xx_hal_tim.o
                0x0000000008004800                HAL_TIM_PeriodElapsedCallback
 .text.HAL_TIM_OC_DelayElapsedCallback
                0x0000000008004810       0x10 ./Drivers/STM32F0xx_HAL_Driver/Src/stm32f0xx_hal_tim.o
                0x0000000008004810                HAL_TIM_OC_DelayElapsedCallback
 .text.HAL_TIM_IC_CaptureCallback
                0x0000000008004820       0x10 ./Drivers/STM32F0xx_HAL_Driver/Src/stm32f0xx_hal_tim.o
                0x0000000008004820                HAL_TIM_IC_CaptureCallback
 .text.HAL_TIM_PWM_PulseFinishedCallback
                0x0000000008004830       0x10 ./Drivers/STM32F0xx_HAL_Driver/Src/stm32f0xx_hal_tim.o
                0x0000000008004830                HAL_TIM_PWM_PulseFinishedCallback
 .text.HAL_TIM_TriggerCallback
                0x0000000008004840       0x10 ./Drivers/STM32F0xx_HAL_Driver/Src/stm32f0xx_hal_tim.o
                0x0000000008004840                HAL_TIM_TriggerCallback
 .text.TIM_Base_SetConfig
                0x0000000008004850       0xec ./Drivers/STM32F0xx_HAL_Driver/Src/stm32f0xx_hal_tim.o
                0x0000000008004850                TIM_Base_SetConfig
 .text.HAL_TIMEx_CommutCallback
                0x000000000800493c       0x10 ./Drivers/STM32F0xx_HAL_Driver/Src/stm32f0xx_hal_tim_ex.o
                0x000000000800493c                HAL_TIMEx_CommutCallback
 .text.HAL_TIMEx_BreakCallback
                0x000000000800494c       0x10 ./Drivers/STM32F0xx_HAL_Driver/Src/stm32f0xx_hal_tim_ex.o
                0x000000000800494c                HAL_TIMEx_BreakCallback
 .text.HAL_UART_Transmit
                0x000000000800495c      0x152 ./Drivers/STM32F0xx_HAL_Driver/Src/stm32f0xx_hal_uart.o
                0x000000000800495c                HAL_UART_Transmit
 *fill*         0x0000000008004aae        0x2 
 .text.UART_SetConfig
                0x0000000008004ab0      0x280 ./Drivers/STM32F0xx_HAL_Driver/Src/stm32f0xx_hal_uart.o
                0x0000000008004ab0                UART_SetConfig
 .text.UART_AdvFeatureConfig
                0x0000000008004d30      0x168 ./Drivers/STM32F0xx_HAL_Driver/Src/stm32f0xx_hal_uart.o
                0x0000000008004d30                UART_AdvFeatureConfig
 .text.UART_CheckIdleState
                0x0000000008004e98       0x90 ./Drivers/STM32F0xx_HAL_Driver/Src/stm32f0xx_hal_uart.o
                0x0000000008004e98                UART_CheckIdleState
 .text.UART_WaitOnFlagUntilTimeout
                0x0000000008004f28      0x188 ./Drivers/STM32F0xx_HAL_Driver/Src/stm32f0xx_hal_uart.o
                0x0000000008004f28                UART_WaitOnFlagUntilTimeout
 .text.HAL_RS485Ex_Init
                0x00000000080050b0       0xe0 ./Drivers/STM32F0xx_HAL_Driver/Src/stm32f0xx_hal_uart_ex.o
                0x00000000080050b0                HAL_RS485Ex_Init
 .text.__errno  0x0000000008005190        0xc c:/st/stm32cubeide_1.9.0/stm32cubeide/plugins/com.st.stm32cube.ide.mcu.externaltools.gnu-tools-for-stm32.10.3-2021.10.win32_1.0.0.202111181127/tools/bin/../lib/gcc/arm-none-eabi/10.3.1/../../../../arm-none-eabi/lib/thumb/v6-m/nofp\libc_nano.a(lib_a-errno.o)
                0x0000000008005190                __errno
 .text.__libc_init_array
                0x000000000800519c       0x48 c:/st/stm32cubeide_1.9.0/stm32cubeide/plugins/com.st.stm32cube.ide.mcu.externaltools.gnu-tools-for-stm32.10.3-2021.10.win32_1.0.0.202111181127/tools/bin/../lib/gcc/arm-none-eabi/10.3.1/../../../../arm-none-eabi/lib/thumb/v6-m/nofp\libc_nano.a(lib_a-init.o)
                0x000000000800519c                __libc_init_array
 .text.memset   0x00000000080051e4       0x10 c:/st/stm32cubeide_1.9.0/stm32cubeide/plugins/com.st.stm32cube.ide.mcu.externaltools.gnu-tools-for-stm32.10.3-2021.10.win32_1.0.0.202111181127/tools/bin/../lib/gcc/arm-none-eabi/10.3.1/../../../../arm-none-eabi/lib/thumb/v6-m/nofp\libc_nano.a(lib_a-memset.o)
                0x00000000080051e4                memset
 .text.sprintf  0x00000000080051f4       0x40 c:/st/stm32cubeide_1.9.0/stm32cubeide/plugins/com.st.stm32cube.ide.mcu.externaltools.gnu-tools-for-stm32.10.3-2021.10.win32_1.0.0.202111181127/tools/bin/../lib/gcc/arm-none-eabi/10.3.1/../../../../arm-none-eabi/lib/thumb/v6-m/nofp\libc_nano.a(lib_a-sprintf.o)
                0x00000000080051f4                siprintf
                0x00000000080051f4                sprintf
 .text.__ssputs_r
                0x0000000008005234       0xc4 c:/st/stm32cubeide_1.9.0/stm32cubeide/plugins/com.st.stm32cube.ide.mcu.externaltools.gnu-tools-for-stm32.10.3-2021.10.win32_1.0.0.202111181127/tools/bin/../lib/gcc/arm-none-eabi/10.3.1/../../../../arm-none-eabi/lib/thumb/v6-m/nofp\libc_nano.a(lib_a-nano-svfprintf.o)
                0x0000000008005234                __ssputs_r
 .text._svfprintf_r
                0x00000000080052f8      0x200 c:/st/stm32cubeide_1.9.0/stm32cubeide/plugins/com.st.stm32cube.ide.mcu.externaltools.gnu-tools-for-stm32.10.3-2021.10.win32_1.0.0.202111181127/tools/bin/../lib/gcc/arm-none-eabi/10.3.1/../../../../arm-none-eabi/lib/thumb/v6-m/nofp\libc_nano.a(lib_a-nano-svfprintf.o)
                0x00000000080052f8                _svfiprintf_r
                0x00000000080052f8                _svfprintf_r
 .text._printf_common
                0x00000000080054f8       0xde c:/st/stm32cubeide_1.9.0/stm32cubeide/plugins/com.st.stm32cube.ide.mcu.externaltools.gnu-tools-for-stm32.10.3-2021.10.win32_1.0.0.202111181127/tools/bin/../lib/gcc/arm-none-eabi/10.3.1/../../../../arm-none-eabi/lib/thumb/v6-m/nofp\libc_nano.a(lib_a-nano-vfprintf_i.o)
                0x00000000080054f8                _printf_common
 *fill*         0x00000000080055d6        0x2 
 .text._printf_i
                0x00000000080055d8      0x224 c:/st/stm32cubeide_1.9.0/stm32cubeide/plugins/com.st.stm32cube.ide.mcu.externaltools.gnu-tools-for-stm32.10.3-2021.10.win32_1.0.0.202111181127/tools/bin/../lib/gcc/arm-none-eabi/10.3.1/../../../../arm-none-eabi/lib/thumb/v6-m/nofp\libc_nano.a(lib_a-nano-vfprintf_i.o)
                0x00000000080055d8                _printf_i
 .text.memchr   0x00000000080057fc       0x16 c:/st/stm32cubeide_1.9.0/stm32cubeide/plugins/com.st.stm32cube.ide.mcu.externaltools.gnu-tools-for-stm32.10.3-2021.10.win32_1.0.0.202111181127/tools/bin/../lib/gcc/arm-none-eabi/10.3.1/../../../../arm-none-eabi/lib/thumb/v6-m/nofp\libc_nano.a(lib_a-memchr-stub.o)
                0x00000000080057fc                memchr
 .text.memcpy   0x0000000008005812       0x12 c:/st/stm32cubeide_1.9.0/stm32cubeide/plugins/com.st.stm32cube.ide.mcu.externaltools.gnu-tools-for-stm32.10.3-2021.10.win32_1.0.0.202111181127/tools/bin/../lib/gcc/arm-none-eabi/10.3.1/../../../../arm-none-eabi/lib/thumb/v6-m/nofp\libc_nano.a(lib_a-memcpy-stub.o)
                0x0000000008005812                memcpy
 .text.memmove  0x0000000008005824       0x26 c:/st/stm32cubeide_1.9.0/stm32cubeide/plugins/com.st.stm32cube.ide.mcu.externaltools.gnu-tools-for-stm32.10.3-2021.10.win32_1.0.0.202111181127/tools/bin/../lib/gcc/arm-none-eabi/10.3.1/../../../../arm-none-eabi/lib/thumb/v6-m/nofp\libc_nano.a(lib_a-memmove.o)
                0x0000000008005824                memmove
 *fill*         0x000000000800584a        0x2 
 .text._free_r  0x000000000800584c       0x94 c:/st/stm32cubeide_1.9.0/stm32cubeide/plugins/com.st.stm32cube.ide.mcu.externaltools.gnu-tools-for-stm32.10.3-2021.10.win32_1.0.0.202111181127/tools/bin/../lib/gcc/arm-none-eabi/10.3.1/../../../../arm-none-eabi/lib/thumb/v6-m/nofp\libc_nano.a(lib_a-nano-freer.o)
                0x000000000800584c                _free_r
 .text.sbrk_aligned
                0x00000000080058e0       0x44 c:/st/stm32cubeide_1.9.0/stm32cubeide/plugins/com.st.stm32cube.ide.mcu.externaltools.gnu-tools-for-stm32.10.3-2021.10.win32_1.0.0.202111181127/tools/bin/../lib/gcc/arm-none-eabi/10.3.1/../../../../arm-none-eabi/lib/thumb/v6-m/nofp\libc_nano.a(lib_a-nano-mallocr.o)
 .text._malloc_r
                0x0000000008005924       0xec c:/st/stm32cubeide_1.9.0/stm32cubeide/plugins/com.st.stm32cube.ide.mcu.externaltools.gnu-tools-for-stm32.10.3-2021.10.win32_1.0.0.202111181127/tools/bin/../lib/gcc/arm-none-eabi/10.3.1/../../../../arm-none-eabi/lib/thumb/v6-m/nofp\libc_nano.a(lib_a-nano-mallocr.o)
                0x0000000008005924                _malloc_r
 .text._realloc_r
                0x0000000008005a10       0x5e c:/st/stm32cubeide_1.9.0/stm32cubeide/plugins/com.st.stm32cube.ide.mcu.externaltools.gnu-tools-for-stm32.10.3-2021.10.win32_1.0.0.202111181127/tools/bin/../lib/gcc/arm-none-eabi/10.3.1/../../../../arm-none-eabi/lib/thumb/v6-m/nofp\libc_nano.a(lib_a-nano-reallocr.o)
                0x0000000008005a10                _realloc_r
 *fill*         0x0000000008005a6e        0x2 
 .text._sbrk_r  0x0000000008005a70       0x24 c:/st/stm32cubeide_1.9.0/stm32cubeide/plugins/com.st.stm32cube.ide.mcu.externaltools.gnu-tools-for-stm32.10.3-2021.10.win32_1.0.0.202111181127/tools/bin/../lib/gcc/arm-none-eabi/10.3.1/../../../../arm-none-eabi/lib/thumb/v6-m/nofp\libc_nano.a(lib_a-sbrkr.o)
                0x0000000008005a70                _sbrk_r
 .text.__malloc_lock
                0x0000000008005a94       0x10 c:/st/stm32cubeide_1.9.0/stm32cubeide/plugins/com.st.stm32cube.ide.mcu.externaltools.gnu-tools-for-stm32.10.3-2021.10.win32_1.0.0.202111181127/tools/bin/../lib/gcc/arm-none-eabi/10.3.1/../../../../arm-none-eabi/lib/thumb/v6-m/nofp\libc_nano.a(lib_a-mlock.o)
                0x0000000008005a94                __malloc_lock
 .text.__malloc_unlock
                0x0000000008005aa4       0x10 c:/st/stm32cubeide_1.9.0/stm32cubeide/plugins/com.st.stm32cube.ide.mcu.externaltools.gnu-tools-for-stm32.10.3-2021.10.win32_1.0.0.202111181127/tools/bin/../lib/gcc/arm-none-eabi/10.3.1/../../../../arm-none-eabi/lib/thumb/v6-m/nofp\libc_nano.a(lib_a-mlock.o)
                0x0000000008005aa4                __malloc_unlock
 .text._malloc_usable_size_r
                0x0000000008005ab4       0x10 c:/st/stm32cubeide_1.9.0/stm32cubeide/plugins/com.st.stm32cube.ide.mcu.externaltools.gnu-tools-for-stm32.10.3-2021.10.win32_1.0.0.202111181127/tools/bin/../lib/gcc/arm-none-eabi/10.3.1/../../../../arm-none-eabi/lib/thumb/v6-m/nofp\libc_nano.a(lib_a-nano-msizer.o)
                0x0000000008005ab4                _malloc_usable_size_r
 .text.__retarget_lock_acquire_recursive
                0x0000000008005ac4        0x2 c:/st/stm32cubeide_1.9.0/stm32cubeide/plugins/com.st.stm32cube.ide.mcu.externaltools.gnu-tools-for-stm32.10.3-2021.10.win32_1.0.0.202111181127/tools/bin/../lib/gcc/arm-none-eabi/10.3.1/../../../../arm-none-eabi/lib/thumb/v6-m/nofp\libc_nano.a(lib_a-lock.o)
                0x0000000008005ac4                __retarget_lock_acquire_recursive
 .text.__retarget_lock_release_recursive
                0x0000000008005ac6        0x2 c:/st/stm32cubeide_1.9.0/stm32cubeide/plugins/com.st.stm32cube.ide.mcu.externaltools.gnu-tools-for-stm32.10.3-2021.10.win32_1.0.0.202111181127/tools/bin/../lib/gcc/arm-none-eabi/10.3.1/../../../../arm-none-eabi/lib/thumb/v6-m/nofp\libc_nano.a(lib_a-lock.o)
                0x0000000008005ac6                __retarget_lock_release_recursive
 *(.glue_7)
 .glue_7        0x0000000008005ac8        0x0 linker stubs
 *(.glue_7t)
 .glue_7t       0x0000000008005ac8        0x0 linker stubs
 *(.eh_frame)
 .eh_frame      0x0000000008005ac8        0x0 c:/st/stm32cubeide_1.9.0/stm32cubeide/plugins/com.st.stm32cube.ide.mcu.externaltools.gnu-tools-for-stm32.10.3-2021.10.win32_1.0.0.202111181127/tools/bin/../lib/gcc/arm-none-eabi/10.3.1/thumb/v6-m/nofp/crtbegin.o
 *(.init)
 .init          0x0000000008005ac8        0x4 c:/st/stm32cubeide_1.9.0/stm32cubeide/plugins/com.st.stm32cube.ide.mcu.externaltools.gnu-tools-for-stm32.10.3-2021.10.win32_1.0.0.202111181127/tools/bin/../lib/gcc/arm-none-eabi/10.3.1/thumb/v6-m/nofp/crti.o
                0x0000000008005ac8                _init
 .init          0x0000000008005acc        0x8 c:/st/stm32cubeide_1.9.0/stm32cubeide/plugins/com.st.stm32cube.ide.mcu.externaltools.gnu-tools-for-stm32.10.3-2021.10.win32_1.0.0.202111181127/tools/bin/../lib/gcc/arm-none-eabi/10.3.1/thumb/v6-m/nofp/crtn.o
 *(.fini)
 .fini          0x0000000008005ad4        0x4 c:/st/stm32cubeide_1.9.0/stm32cubeide/plugins/com.st.stm32cube.ide.mcu.externaltools.gnu-tools-for-stm32.10.3-2021.10.win32_1.0.0.202111181127/tools/bin/../lib/gcc/arm-none-eabi/10.3.1/thumb/v6-m/nofp/crti.o
                0x0000000008005ad4                _fini
 .fini          0x0000000008005ad8        0x8 c:/st/stm32cubeide_1.9.0/stm32cubeide/plugins/com.st.stm32cube.ide.mcu.externaltools.gnu-tools-for-stm32.10.3-2021.10.win32_1.0.0.202111181127/tools/bin/../lib/gcc/arm-none-eabi/10.3.1/thumb/v6-m/nofp/crtn.o
                0x0000000008005ae0                . = ALIGN (0x4)
                0x0000000008005ae0                _etext = .

.vfp11_veneer   0x0000000008005ae0        0x0
 .vfp11_veneer  0x0000000008005ae0        0x0 linker stubs

.v4_bx          0x0000000008005ae0        0x0
 .v4_bx         0x0000000008005ae0        0x0 linker stubs

.iplt           0x0000000008005ae0        0x0
 .iplt          0x0000000008005ae0        0x0 c:/st/stm32cubeide_1.9.0/stm32cubeide/plugins/com.st.stm32cube.ide.mcu.externaltools.gnu-tools-for-stm32.10.3-2021.10.win32_1.0.0.202111181127/tools/bin/../lib/gcc/arm-none-eabi/10.3.1/thumb/v6-m/nofp/crtbegin.o

.rodata         0x0000000008005ae0      0x298
                0x0000000008005ae0                . = ALIGN (0x4)
 *(.rodata)
 .rodata        0x0000000008005ae0       0xba ./Core/Src/lcd.o
 *fill*         0x0000000008005b9a        0x2 
 .rodata        0x0000000008005b9c       0xa6 ./Core/Src/main.o
 *fill*         0x0000000008005c42        0x2 
 .rodata        0x0000000008005c44       0x20 ./Drivers/STM32F0xx_HAL_Driver/Src/stm32f0xx_hal_rcc.o
 *(.rodata*)
 .rodata.clr_data
                0x0000000008005c64       0x2c ./Core/Src/lcd.o
 .rodata.set_data_positive
                0x0000000008005c90       0x20 ./Core/Src/main.o
 .rodata.set_data_negative
                0x0000000008005cb0       0x20 ./Core/Src/main.o
 .rodata.update_new_data
                0x0000000008005cd0       0x14 ./Core/Src/main.o
 .rodata.update_screen_data
                0x0000000008005ce4       0x1c ./Core/Src/main.o
 .rodata.send_cmd
                0x0000000008005d00       0x2c ./Core/Src/main.o
 .rodata.AHBPrescTable
                0x0000000008005d2c       0x10 ./Core/Src/system_stm32f0xx.o
                0x0000000008005d2c                AHBPrescTable
 .rodata.APBPrescTable
                0x0000000008005d3c        0x8 ./Core/Src/system_stm32f0xx.o
                0x0000000008005d3c                APBPrescTable
 .rodata._svfprintf_r.str1.1
                0x0000000008005d44       0x11 c:/st/stm32cubeide_1.9.0/stm32cubeide/plugins/com.st.stm32cube.ide.mcu.externaltools.gnu-tools-for-stm32.10.3-2021.10.win32_1.0.0.202111181127/tools/bin/../lib/gcc/arm-none-eabi/10.3.1/../../../../arm-none-eabi/lib/thumb/v6-m/nofp\libc_nano.a(lib_a-nano-svfprintf.o)
 .rodata._printf_i.str1.1
                0x0000000008005d55       0x22 c:/st/stm32cubeide_1.9.0/stm32cubeide/plugins/com.st.stm32cube.ide.mcu.externaltools.gnu-tools-for-stm32.10.3-2021.10.win32_1.0.0.202111181127/tools/bin/../lib/gcc/arm-none-eabi/10.3.1/../../../../arm-none-eabi/lib/thumb/v6-m/nofp\libc_nano.a(lib_a-nano-vfprintf_i.o)
                0x0000000008005d78                . = ALIGN (0x4)
 *fill*         0x0000000008005d77        0x1 

.rel.dyn        0x0000000008005d78        0x0
 .rel.iplt      0x0000000008005d78        0x0 c:/st/stm32cubeide_1.9.0/stm32cubeide/plugins/com.st.stm32cube.ide.mcu.externaltools.gnu-tools-for-stm32.10.3-2021.10.win32_1.0.0.202111181127/tools/bin/../lib/gcc/arm-none-eabi/10.3.1/thumb/v6-m/nofp/crtbegin.o

.ARM.extab      0x0000000008005d78        0x0
                0x0000000008005d78                . = ALIGN (0x4)
 *(.ARM.extab* .gnu.linkonce.armextab.*)
                0x0000000008005d78                . = ALIGN (0x4)

.ARM            0x0000000008005d78        0x0
                0x0000000008005d78                . = ALIGN (0x4)
                0x0000000008005d78                __exidx_start = .
 *(.ARM.exidx*)
                0x0000000008005d78                __exidx_end = .
                0x0000000008005d78                . = ALIGN (0x4)

.preinit_array  0x0000000008005d78        0x0
                0x0000000008005d78                . = ALIGN (0x4)
                0x0000000008005d78                PROVIDE (__preinit_array_start = .)
 *(.preinit_array*)
                0x0000000008005d78                PROVIDE (__preinit_array_end = .)
                0x0000000008005d78                . = ALIGN (0x4)

.init_array     0x0000000008005d78        0x4
                0x0000000008005d78                . = ALIGN (0x4)
                0x0000000008005d78                PROVIDE (__init_array_start = .)
 *(SORT_BY_NAME(.init_array.*))
 *(.init_array*)
 .init_array    0x0000000008005d78        0x4 c:/st/stm32cubeide_1.9.0/stm32cubeide/plugins/com.st.stm32cube.ide.mcu.externaltools.gnu-tools-for-stm32.10.3-2021.10.win32_1.0.0.202111181127/tools/bin/../lib/gcc/arm-none-eabi/10.3.1/thumb/v6-m/nofp/crtbegin.o
                0x0000000008005d7c                PROVIDE (__init_array_end = .)
                0x0000000008005d7c                . = ALIGN (0x4)

.fini_array     0x0000000008005d7c        0x4
                0x0000000008005d7c                . = ALIGN (0x4)
                [!provide]                        PROVIDE (__fini_array_start = .)
 *(SORT_BY_NAME(.fini_array.*))
 *(.fini_array*)
 .fini_array    0x0000000008005d7c        0x4 c:/st/stm32cubeide_1.9.0/stm32cubeide/plugins/com.st.stm32cube.ide.mcu.externaltools.gnu-tools-for-stm32.10.3-2021.10.win32_1.0.0.202111181127/tools/bin/../lib/gcc/arm-none-eabi/10.3.1/thumb/v6-m/nofp/crtbegin.o
                [!provide]                        PROVIDE (__fini_array_end = .)
                0x0000000008005d80                . = ALIGN (0x4)
                0x0000000008005d80                _sidata = LOADADDR (.data)

.data           0x0000000020000000       0x7c load address 0x0000000008005d80
                0x0000000020000000                . = ALIGN (0x4)
                0x0000000020000000                _sdata = .
 *(.data)
 *(.data*)
 .data.APDS9960_I2C_ADDR
                0x0000000020000000        0x2 ./Core/Src/gesture.o
                0x0000000020000000                APDS9960_I2C_ADDR
 .data.sensitivity
                0x0000000020000002        0x1 ./Core/Src/gesture.o
                0x0000000020000002                sensitivity
 *fill*         0x0000000020000003        0x1 
 .data.current_pos
                0x0000000020000004        0x2 ./Core/Src/main.o
                0x0000000020000004                current_pos
 *fill*         0x0000000020000006        0x2 
 .data.data_reg
                0x0000000020000008        0x2 ./Core/Src/main.o
                0x0000000020000008                data_reg
 *fill*         0x000000002000000a        0x2 
 .data.SystemCoreClock
                0x000000002000000c        0x4 ./Core/Src/system_stm32f0xx.o
                0x000000002000000c                SystemCoreClock
 .data.uwTickPrio
                0x0000000020000010        0x4 ./Drivers/STM32F0xx_HAL_Driver/Src/stm32f0xx_hal.o
                0x0000000020000010                uwTickPrio
 .data.uwTickFreq
                0x0000000020000014        0x1 ./Drivers/STM32F0xx_HAL_Driver/Src/stm32f0xx_hal.o
                0x0000000020000014                uwTickFreq
 *fill*         0x0000000020000015        0x3 
 .data._impure_ptr
                0x0000000020000018        0x4 c:/st/stm32cubeide_1.9.0/stm32cubeide/plugins/com.st.stm32cube.ide.mcu.externaltools.gnu-tools-for-stm32.10.3-2021.10.win32_1.0.0.202111181127/tools/bin/../lib/gcc/arm-none-eabi/10.3.1/../../../../arm-none-eabi/lib/thumb/v6-m/nofp\libc_nano.a(lib_a-impure.o)
                0x0000000020000018                _impure_ptr
 .data.impure_data
                0x000000002000001c       0x60 c:/st/stm32cubeide_1.9.0/stm32cubeide/plugins/com.st.stm32cube.ide.mcu.externaltools.gnu-tools-for-stm32.10.3-2021.10.win32_1.0.0.202111181127/tools/bin/../lib/gcc/arm-none-eabi/10.3.1/../../../../arm-none-eabi/lib/thumb/v6-m/nofp\libc_nano.a(lib_a-impure.o)
 *(.RamFunc)
 *(.RamFunc*)
                0x000000002000007c                . = ALIGN (0x4)
                0x000000002000007c                _edata = .

.igot.plt       0x000000002000007c        0x0 load address 0x0000000008005dfc
 .igot.plt      0x000000002000007c        0x0 c:/st/stm32cubeide_1.9.0/stm32cubeide/plugins/com.st.stm32cube.ide.mcu.externaltools.gnu-tools-for-stm32.10.3-2021.10.win32_1.0.0.202111181127/tools/bin/../lib/gcc/arm-none-eabi/10.3.1/thumb/v6-m/nofp/crtbegin.o
                0x000000002000007c                . = ALIGN (0x4)

.bss            0x000000002000007c      0x17c load address 0x0000000008005dfc
                0x000000002000007c                _sbss = .
                0x000000002000007c                __bss_start__ = _sbss
 *(.bss)
 .bss           0x000000002000007c       0x1c c:/st/stm32cubeide_1.9.0/stm32cubeide/plugins/com.st.stm32cube.ide.mcu.externaltools.gnu-tools-for-stm32.10.3-2021.10.win32_1.0.0.202111181127/tools/bin/../lib/gcc/arm-none-eabi/10.3.1/thumb/v6-m/nofp/crtbegin.o
 *(.bss*)
 .bss.gesture_enable
                0x0000000020000098        0x1 ./Core/Src/gesture.o
                0x0000000020000098                gesture_enable
 .bss.proximityEnabled
                0x0000000020000099        0x1 ./Core/Src/gesture.o
                0x0000000020000099                proximityEnabled
 .bss._detectedGesture
                0x000000002000009a        0x1 ./Core/Src/gesture.o
                0x000000002000009a                _detectedGesture
 .bss._gestureIn
                0x000000002000009b        0x1 ./Core/Src/gesture.o
                0x000000002000009b                _gestureIn
 .bss._gestureDirectionX
                0x000000002000009c        0x4 ./Core/Src/gesture.o
                0x000000002000009c                _gestureDirectionX
 .bss._gestureDirectionY
                0x00000000200000a0        0x4 ./Core/Src/gesture.o
                0x00000000200000a0                _gestureDirectionY
 .bss._gestureDirInX
                0x00000000200000a4        0x4 ./Core/Src/gesture.o
                0x00000000200000a4                _gestureDirInX
 .bss._gestureDirInY
                0x00000000200000a8        0x4 ./Core/Src/gesture.o
                0x00000000200000a8                _gestureDirInY
 .bss._gestureSensitivity
                0x00000000200000ac        0x4 ./Core/Src/gesture.o
                0x00000000200000ac                _gestureSensitivity
 .bss.timer_intrupt
                0x00000000200000b0        0x4 ./Core/Src/main.o
                0x00000000200000b0                timer_intrupt
 .bss.depth_press
                0x00000000200000b4        0x1 ./Core/Src/main.o
                0x00000000200000b4                depth_press
 .bss.last_pg   0x00000000200000b5        0x1 ./Core/Src/main.o
                0x00000000200000b5                last_pg
 .bss.pg2_fc    0x00000000200000b6        0x1 ./Core/Src/main.o
                0x00000000200000b6                pg2_fc
 .bss.pg3_sm    0x00000000200000b7        0x1 ./Core/Src/main.o
                0x00000000200000b7                pg3_sm
 .bss.pg3_md    0x00000000200000b8        0x1 ./Core/Src/main.o
                0x00000000200000b8                pg3_md
 .bss.pg3_wd    0x00000000200000b9        0x1 ./Core/Src/main.o
                0x00000000200000b9                pg3_wd
 *fill*         0x00000000200000ba        0x2 
 .bss.key_pressed
                0x00000000200000bc        0x1 ./Core/Src/main.o
                0x00000000200000bc                key_pressed
 *fill*         0x00000000200000bd        0x3 
 .bss.interrupt_reg
                0x00000000200000c0        0x1 ./Core/Src/main.o
                0x00000000200000c0                interrupt_reg
 *fill*         0x00000000200000c1        0x3 
 .bss.hi2c1     0x00000000200000c4       0x4c ./Core/Src/main.o
                0x00000000200000c4                hi2c1
 .bss.htim6     0x0000000020000110       0x48 ./Core/Src/main.o
                0x0000000020000110                htim6
 .bss.huart1    0x0000000020000158       0x84 ./Core/Src/main.o
                0x0000000020000158                huart1
 .bss._time.0   0x00000000200001dc        0x4 ./Core/Src/main.o
 .bss.__sbrk_heap_end
                0x00000000200001e0        0x4 ./Core/Src/sysmem.o
 .bss.uwTick    0x00000000200001e4        0x4 ./Drivers/STM32F0xx_HAL_Driver/Src/stm32f0xx_hal.o
                0x00000000200001e4                uwTick
 .bss.__malloc_free_list
                0x00000000200001e8        0x4 c:/st/stm32cubeide_1.9.0/stm32cubeide/plugins/com.st.stm32cube.ide.mcu.externaltools.gnu-tools-for-stm32.10.3-2021.10.win32_1.0.0.202111181127/tools/bin/../lib/gcc/arm-none-eabi/10.3.1/../../../../arm-none-eabi/lib/thumb/v6-m/nofp\libc_nano.a(lib_a-nano-mallocr.o)
                0x00000000200001e8                __malloc_free_list
 .bss.__malloc_sbrk_start
                0x00000000200001ec        0x4 c:/st/stm32cubeide_1.9.0/stm32cubeide/plugins/com.st.stm32cube.ide.mcu.externaltools.gnu-tools-for-stm32.10.3-2021.10.win32_1.0.0.202111181127/tools/bin/../lib/gcc/arm-none-eabi/10.3.1/../../../../arm-none-eabi/lib/thumb/v6-m/nofp\libc_nano.a(lib_a-nano-mallocr.o)
                0x00000000200001ec                __malloc_sbrk_start
 .bss.errno     0x00000000200001f0        0x4 c:/st/stm32cubeide_1.9.0/stm32cubeide/plugins/com.st.stm32cube.ide.mcu.externaltools.gnu-tools-for-stm32.10.3-2021.10.win32_1.0.0.202111181127/tools/bin/../lib/gcc/arm-none-eabi/10.3.1/../../../../arm-none-eabi/lib/thumb/v6-m/nofp\libc_nano.a(lib_a-reent.o)
                0x00000000200001f0                errno
 .bss.__lock___malloc_recursive_mutex
                0x00000000200001f4        0x1 c:/st/stm32cubeide_1.9.0/stm32cubeide/plugins/com.st.stm32cube.ide.mcu.externaltools.gnu-tools-for-stm32.10.3-2021.10.win32_1.0.0.202111181127/tools/bin/../lib/gcc/arm-none-eabi/10.3.1/../../../../arm-none-eabi/lib/thumb/v6-m/nofp\libc_nano.a(lib_a-lock.o)
                0x00000000200001f4                __lock___malloc_recursive_mutex
 *(COMMON)
                0x00000000200001f8                . = ALIGN (0x4)
 *fill*         0x00000000200001f5        0x3 
                0x00000000200001f8                _ebss = .
                0x00000000200001f8                __bss_end__ = _ebss

._user_heap_stack
                0x00000000200001f8      0x600 load address 0x0000000008005dfc
                0x00000000200001f8                . = ALIGN (0x8)
                [!provide]                        PROVIDE (end = .)
                0x00000000200001f8                PROVIDE (_end = .)
                0x00000000200003f8                . = (. + _Min_Heap_Size)
 *fill*         0x00000000200001f8      0x200 
                0x00000000200007f8                . = (. + _Min_Stack_Size)
 *fill*         0x00000000200003f8      0x400 
                0x00000000200007f8                . = ALIGN (0x8)

/DISCARD/
 libc.a(*)
 libm.a(*)
 libgcc.a(*)

.ARM.attributes
                0x0000000000000000       0x28
 *(.ARM.attributes)
 .ARM.attributes
                0x0000000000000000       0x1e c:/st/stm32cubeide_1.9.0/stm32cubeide/plugins/com.st.stm32cube.ide.mcu.externaltools.gnu-tools-for-stm32.10.3-2021.10.win32_1.0.0.202111181127/tools/bin/../lib/gcc/arm-none-eabi/10.3.1/thumb/v6-m/nofp/crti.o
 .ARM.attributes
                0x000000000000001e       0x2c c:/st/stm32cubeide_1.9.0/stm32cubeide/plugins/com.st.stm32cube.ide.mcu.externaltools.gnu-tools-for-stm32.10.3-2021.10.win32_1.0.0.202111181127/tools/bin/../lib/gcc/arm-none-eabi/10.3.1/thumb/v6-m/nofp/crtbegin.o
 .ARM.attributes
                0x000000000000004a       0x2c ./Core/Src/gesture.o
 .ARM.attributes
                0x0000000000000076       0x2c ./Core/Src/lcd.o
 .ARM.attributes
                0x00000000000000a2       0x2c ./Core/Src/main.o
 .ARM.attributes
                0x00000000000000ce       0x2c ./Core/Src/stm32f0xx_hal_msp.o
 .ARM.attributes
                0x00000000000000fa       0x2c ./Core/Src/stm32f0xx_it.o
 .ARM.attributes
                0x0000000000000126       0x2c ./Core/Src/sysmem.o
 .ARM.attributes
                0x0000000000000152       0x2c ./Core/Src/system_stm32f0xx.o
 .ARM.attributes
                0x000000000000017e       0x21 ./Core/Startup/startup_stm32f030c8tx.o
 .ARM.attributes
                0x000000000000019f       0x2c ./Drivers/STM32F0xx_HAL_Driver/Src/stm32f0xx_hal.o
 .ARM.attributes
                0x00000000000001cb       0x2c ./Drivers/STM32F0xx_HAL_Driver/Src/stm32f0xx_hal_cortex.o
 .ARM.attributes
                0x00000000000001f7       0x2c ./Drivers/STM32F0xx_HAL_Driver/Src/stm32f0xx_hal_gpio.o
 .ARM.attributes
                0x0000000000000223       0x2c ./Drivers/STM32F0xx_HAL_Driver/Src/stm32f0xx_hal_i2c.o
 .ARM.attributes
                0x000000000000024f       0x2c ./Drivers/STM32F0xx_HAL_Driver/Src/stm32f0xx_hal_i2c_ex.o
 .ARM.attributes
                0x000000000000027b       0x2c ./Drivers/STM32F0xx_HAL_Driver/Src/stm32f0xx_hal_rcc.o
 .ARM.attributes
                0x00000000000002a7       0x2c ./Drivers/STM32F0xx_HAL_Driver/Src/stm32f0xx_hal_rcc_ex.o
 .ARM.attributes
                0x00000000000002d3       0x2c ./Drivers/STM32F0xx_HAL_Driver/Src/stm32f0xx_hal_tim.o
 .ARM.attributes
                0x00000000000002ff       0x2c ./Drivers/STM32F0xx_HAL_Driver/Src/stm32f0xx_hal_tim_ex.o
 .ARM.attributes
                0x000000000000032b       0x2c ./Drivers/STM32F0xx_HAL_Driver/Src/stm32f0xx_hal_uart.o
 .ARM.attributes
                0x0000000000000357       0x2c ./Drivers/STM32F0xx_HAL_Driver/Src/stm32f0xx_hal_uart_ex.o
 .ARM.attributes
                0x0000000000000383       0x2c c:/st/stm32cubeide_1.9.0/stm32cubeide/plugins/com.st.stm32cube.ide.mcu.externaltools.gnu-tools-for-stm32.10.3-2021.10.win32_1.0.0.202111181127/tools/bin/../lib/gcc/arm-none-eabi/10.3.1/../../../../arm-none-eabi/lib/thumb/v6-m/nofp\libc_nano.a(lib_a-errno.o)
 .ARM.attributes
                0x00000000000003af       0x2c c:/st/stm32cubeide_1.9.0/stm32cubeide/plugins/com.st.stm32cube.ide.mcu.externaltools.gnu-tools-for-stm32.10.3-2021.10.win32_1.0.0.202111181127/tools/bin/../lib/gcc/arm-none-eabi/10.3.1/../../../../arm-none-eabi/lib/thumb/v6-m/nofp\libc_nano.a(lib_a-impure.o)
 .ARM.attributes
                0x00000000000003db       0x2c c:/st/stm32cubeide_1.9.0/stm32cubeide/plugins/com.st.stm32cube.ide.mcu.externaltools.gnu-tools-for-stm32.10.3-2021.10.win32_1.0.0.202111181127/tools/bin/../lib/gcc/arm-none-eabi/10.3.1/../../../../arm-none-eabi/lib/thumb/v6-m/nofp\libc_nano.a(lib_a-init.o)
 .ARM.attributes
                0x0000000000000407       0x2c c:/st/stm32cubeide_1.9.0/stm32cubeide/plugins/com.st.stm32cube.ide.mcu.externaltools.gnu-tools-for-stm32.10.3-2021.10.win32_1.0.0.202111181127/tools/bin/../lib/gcc/arm-none-eabi/10.3.1/../../../../arm-none-eabi/lib/thumb/v6-m/nofp\libc_nano.a(lib_a-memset.o)
 .ARM.attributes
                0x0000000000000433       0x2c c:/st/stm32cubeide_1.9.0/stm32cubeide/plugins/com.st.stm32cube.ide.mcu.externaltools.gnu-tools-for-stm32.10.3-2021.10.win32_1.0.0.202111181127/tools/bin/../lib/gcc/arm-none-eabi/10.3.1/../../../../arm-none-eabi/lib/thumb/v6-m/nofp\libc_nano.a(lib_a-sprintf.o)
 .ARM.attributes
                0x000000000000045f       0x2c c:/st/stm32cubeide_1.9.0/stm32cubeide/plugins/com.st.stm32cube.ide.mcu.externaltools.gnu-tools-for-stm32.10.3-2021.10.win32_1.0.0.202111181127/tools/bin/../lib/gcc/arm-none-eabi/10.3.1/../../../../arm-none-eabi/lib/thumb/v6-m/nofp\libc_nano.a(lib_a-nano-svfprintf.o)
 .ARM.attributes
                0x000000000000048b       0x2c c:/st/stm32cubeide_1.9.0/stm32cubeide/plugins/com.st.stm32cube.ide.mcu.externaltools.gnu-tools-for-stm32.10.3-2021.10.win32_1.0.0.202111181127/tools/bin/../lib/gcc/arm-none-eabi/10.3.1/../../../../arm-none-eabi/lib/thumb/v6-m/nofp\libc_nano.a(lib_a-nano-vfprintf_i.o)
 .ARM.attributes
                0x00000000000004b7       0x2c c:/st/stm32cubeide_1.9.0/stm32cubeide/plugins/com.st.stm32cube.ide.mcu.externaltools.gnu-tools-for-stm32.10.3-2021.10.win32_1.0.0.202111181127/tools/bin/../lib/gcc/arm-none-eabi/10.3.1/../../../../arm-none-eabi/lib/thumb/v6-m/nofp\libc_nano.a(lib_a-memchr-stub.o)
 .ARM.attributes
                0x00000000000004e3       0x2c c:/st/stm32cubeide_1.9.0/stm32cubeide/plugins/com.st.stm32cube.ide.mcu.externaltools.gnu-tools-for-stm32.10.3-2021.10.win32_1.0.0.202111181127/tools/bin/../lib/gcc/arm-none-eabi/10.3.1/../../../../arm-none-eabi/lib/thumb/v6-m/nofp\libc_nano.a(lib_a-memcpy-stub.o)
 .ARM.attributes
                0x000000000000050f       0x2c c:/st/stm32cubeide_1.9.0/stm32cubeide/plugins/com.st.stm32cube.ide.mcu.externaltools.gnu-tools-for-stm32.10.3-2021.10.win32_1.0.0.202111181127/tools/bin/../lib/gcc/arm-none-eabi/10.3.1/../../../../arm-none-eabi/lib/thumb/v6-m/nofp\libc_nano.a(lib_a-memmove.o)
 .ARM.attributes
                0x000000000000053b       0x2c c:/st/stm32cubeide_1.9.0/stm32cubeide/plugins/com.st.stm32cube.ide.mcu.externaltools.gnu-tools-for-stm32.10.3-2021.10.win32_1.0.0.202111181127/tools/bin/../lib/gcc/arm-none-eabi/10.3.1/../../../../arm-none-eabi/lib/thumb/v6-m/nofp\libc_nano.a(lib_a-nano-freer.o)
 .ARM.attributes
                0x0000000000000567       0x2c c:/st/stm32cubeide_1.9.0/stm32cubeide/plugins/com.st.stm32cube.ide.mcu.externaltools.gnu-tools-for-stm32.10.3-2021.10.win32_1.0.0.202111181127/tools/bin/../lib/gcc/arm-none-eabi/10.3.1/../../../../arm-none-eabi/lib/thumb/v6-m/nofp\libc_nano.a(lib_a-nano-mallocr.o)
 .ARM.attributes
                0x0000000000000593       0x2c c:/st/stm32cubeide_1.9.0/stm32cubeide/plugins/com.st.stm32cube.ide.mcu.externaltools.gnu-tools-for-stm32.10.3-2021.10.win32_1.0.0.202111181127/tools/bin/../lib/gcc/arm-none-eabi/10.3.1/../../../../arm-none-eabi/lib/thumb/v6-m/nofp\libc_nano.a(lib_a-nano-reallocr.o)
 .ARM.attributes
                0x00000000000005bf       0x2c c:/st/stm32cubeide_1.9.0/stm32cubeide/plugins/com.st.stm32cube.ide.mcu.externaltools.gnu-tools-for-stm32.10.3-2021.10.win32_1.0.0.202111181127/tools/bin/../lib/gcc/arm-none-eabi/10.3.1/../../../../arm-none-eabi/lib/thumb/v6-m/nofp\libc_nano.a(lib_a-sbrkr.o)
 .ARM.attributes
                0x00000000000005eb       0x2c c:/st/stm32cubeide_1.9.0/stm32cubeide/plugins/com.st.stm32cube.ide.mcu.externaltools.gnu-tools-for-stm32.10.3-2021.10.win32_1.0.0.202111181127/tools/bin/../lib/gcc/arm-none-eabi/10.3.1/../../../../arm-none-eabi/lib/thumb/v6-m/nofp\libc_nano.a(lib_a-mlock.o)
 .ARM.attributes
                0x0000000000000617       0x2c c:/st/stm32cubeide_1.9.0/stm32cubeide/plugins/com.st.stm32cube.ide.mcu.externaltools.gnu-tools-for-stm32.10.3-2021.10.win32_1.0.0.202111181127/tools/bin/../lib/gcc/arm-none-eabi/10.3.1/../../../../arm-none-eabi/lib/thumb/v6-m/nofp\libc_nano.a(lib_a-nano-msizer.o)
 .ARM.attributes
                0x0000000000000643       0x2c c:/st/stm32cubeide_1.9.0/stm32cubeide/plugins/com.st.stm32cube.ide.mcu.externaltools.gnu-tools-for-stm32.10.3-2021.10.win32_1.0.0.202111181127/tools/bin/../lib/gcc/arm-none-eabi/10.3.1/../../../../arm-none-eabi/lib/thumb/v6-m/nofp\libc_nano.a(lib_a-reent.o)
 .ARM.attributes
                0x000000000000066f       0x2c c:/st/stm32cubeide_1.9.0/stm32cubeide/plugins/com.st.stm32cube.ide.mcu.externaltools.gnu-tools-for-stm32.10.3-2021.10.win32_1.0.0.202111181127/tools/bin/../lib/gcc/arm-none-eabi/10.3.1/../../../../arm-none-eabi/lib/thumb/v6-m/nofp\libc_nano.a(lib_a-lock.o)
 .ARM.attributes
                0x000000000000069b       0x1e c:/st/stm32cubeide_1.9.0/stm32cubeide/plugins/com.st.stm32cube.ide.mcu.externaltools.gnu-tools-for-stm32.10.3-2021.10.win32_1.0.0.202111181127/tools/bin/../lib/gcc/arm-none-eabi/10.3.1/thumb/v6-m/nofp\libgcc.a(_thumb1_case_shi.o)
 .ARM.attributes
                0x00000000000006b9       0x1e c:/st/stm32cubeide_1.9.0/stm32cubeide/plugins/com.st.stm32cube.ide.mcu.externaltools.gnu-tools-for-stm32.10.3-2021.10.win32_1.0.0.202111181127/tools/bin/../lib/gcc/arm-none-eabi/10.3.1/thumb/v6-m/nofp\libgcc.a(_udivsi3.o)
 .ARM.attributes
                0x00000000000006d7       0x1e c:/st/stm32cubeide_1.9.0/stm32cubeide/plugins/com.st.stm32cube.ide.mcu.externaltools.gnu-tools-for-stm32.10.3-2021.10.win32_1.0.0.202111181127/tools/bin/../lib/gcc/arm-none-eabi/10.3.1/thumb/v6-m/nofp\libgcc.a(_dvmd_tls.o)
 .ARM.attributes
                0x00000000000006f5       0x1e c:/st/stm32cubeide_1.9.0/stm32cubeide/plugins/com.st.stm32cube.ide.mcu.externaltools.gnu-tools-for-stm32.10.3-2021.10.win32_1.0.0.202111181127/tools/bin/../lib/gcc/arm-none-eabi/10.3.1/thumb/v6-m/nofp/crtn.o
OUTPUT(ot_gesture_updated.elf elf32-littlearm)
LOAD linker stubs
LOAD c:/st/stm32cubeide_1.9.0/stm32cubeide/plugins/com.st.stm32cube.ide.mcu.externaltools.gnu-tools-for-stm32.10.3-2021.10.win32_1.0.0.202111181127/tools/bin/../lib/gcc/arm-none-eabi/10.3.1/../../../../arm-none-eabi/lib/thumb/v6-m/nofp\libc.a
LOAD c:/st/stm32cubeide_1.9.0/stm32cubeide/plugins/com.st.stm32cube.ide.mcu.externaltools.gnu-tools-for-stm32.10.3-2021.10.win32_1.0.0.202111181127/tools/bin/../lib/gcc/arm-none-eabi/10.3.1/../../../../arm-none-eabi/lib/thumb/v6-m/nofp\libm.a
LOAD c:/st/stm32cubeide_1.9.0/stm32cubeide/plugins/com.st.stm32cube.ide.mcu.externaltools.gnu-tools-for-stm32.10.3-2021.10.win32_1.0.0.202111181127/tools/bin/../lib/gcc/arm-none-eabi/10.3.1/thumb/v6-m/nofp\libgcc.a

.debug_info     0x0000000000000000    0x11b5a
 .debug_info    0x0000000000000000      0xebd ./Core/Src/gesture.o
 .debug_info    0x0000000000000ebd      0x549 ./Core/Src/lcd.o
 .debug_info    0x0000000000001406     0x1acd ./Core/Src/main.o
 .debug_info    0x0000000000002ed3     0x11a1 ./Core/Src/stm32f0xx_hal_msp.o
 .debug_info    0x0000000000004074      0x6da ./Core/Src/stm32f0xx_it.o
 .debug_info    0x000000000000474e      0x171 ./Core/Src/sysmem.o
 .debug_info    0x00000000000048bf      0x269 ./Core/Src/system_stm32f0xx.o
 .debug_info    0x0000000000004b28       0x22 ./Core/Startup/startup_stm32f030c8tx.o
 .debug_info    0x0000000000004b4a      0x6bb ./Drivers/STM32F0xx_HAL_Driver/Src/stm32f0xx_hal.o
 .debug_info    0x0000000000005205      0x6f9 ./Drivers/STM32F0xx_HAL_Driver/Src/stm32f0xx_hal_cortex.o
 .debug_info    0x00000000000058fe      0x613 ./Drivers/STM32F0xx_HAL_Driver/Src/stm32f0xx_hal_gpio.o
 .debug_info    0x0000000000005f11     0x2149 ./Drivers/STM32F0xx_HAL_Driver/Src/stm32f0xx_hal_i2c.o
 .debug_info    0x000000000000805a      0x845 ./Drivers/STM32F0xx_HAL_Driver/Src/stm32f0xx_hal_i2c_ex.o
 .debug_info    0x000000000000889f      0x888 ./Drivers/STM32F0xx_HAL_Driver/Src/stm32f0xx_hal_rcc.o
 .debug_info    0x0000000000009127      0x37b ./Drivers/STM32F0xx_HAL_Driver/Src/stm32f0xx_hal_rcc_ex.o
 .debug_info    0x00000000000094a2     0x2b69 ./Drivers/STM32F0xx_HAL_Driver/Src/stm32f0xx_hal_tim.o
 .debug_info    0x000000000000c00b     0x158e ./Drivers/STM32F0xx_HAL_Driver/Src/stm32f0xx_hal_tim_ex.o
 .debug_info    0x000000000000d599     0x3b92 ./Drivers/STM32F0xx_HAL_Driver/Src/stm32f0xx_hal_uart.o
 .debug_info    0x000000000001112b      0xa2f ./Drivers/STM32F0xx_HAL_Driver/Src/stm32f0xx_hal_uart_ex.o

.debug_abbrev   0x0000000000000000     0x26bd
 .debug_abbrev  0x0000000000000000      0x2a3 ./Core/Src/gesture.o
 .debug_abbrev  0x00000000000002a3      0x220 ./Core/Src/lcd.o
 .debug_abbrev  0x00000000000004c3      0x455 ./Core/Src/main.o
 .debug_abbrev  0x0000000000000918      0x1d0 ./Core/Src/stm32f0xx_hal_msp.o
 .debug_abbrev  0x0000000000000ae8      0x195 ./Core/Src/stm32f0xx_it.o
 .debug_abbrev  0x0000000000000c7d       0xbb ./Core/Src/sysmem.o
 .debug_abbrev  0x0000000000000d38      0x116 ./Core/Src/system_stm32f0xx.o
 .debug_abbrev  0x0000000000000e4e       0x12 ./Core/Startup/startup_stm32f030c8tx.o
 .debug_abbrev  0x0000000000000e60      0x23f ./Drivers/STM32F0xx_HAL_Driver/Src/stm32f0xx_hal.o
 .debug_abbrev  0x000000000000109f      0x283 ./Drivers/STM32F0xx_HAL_Driver/Src/stm32f0xx_hal_cortex.o
 .debug_abbrev  0x0000000000001322      0x1bb ./Drivers/STM32F0xx_HAL_Driver/Src/stm32f0xx_hal_gpio.o
 .debug_abbrev  0x00000000000014dd      0x254 ./Drivers/STM32F0xx_HAL_Driver/Src/stm32f0xx_hal_i2c.o
 .debug_abbrev  0x0000000000001731      0x1c1 ./Drivers/STM32F0xx_HAL_Driver/Src/stm32f0xx_hal_i2c_ex.o
 .debug_abbrev  0x00000000000018f2      0x283 ./Drivers/STM32F0xx_HAL_Driver/Src/stm32f0xx_hal_rcc.o
 .debug_abbrev  0x0000000000001b75      0x169 ./Drivers/STM32F0xx_HAL_Driver/Src/stm32f0xx_hal_rcc_ex.o
 .debug_abbrev  0x0000000000001cde      0x26e ./Drivers/STM32F0xx_HAL_Driver/Src/stm32f0xx_hal_tim.o
 .debug_abbrev  0x0000000000001f4c      0x276 ./Drivers/STM32F0xx_HAL_Driver/Src/stm32f0xx_hal_tim_ex.o
 .debug_abbrev  0x00000000000021c2      0x2b6 ./Drivers/STM32F0xx_HAL_Driver/Src/stm32f0xx_hal_uart.o
 .debug_abbrev  0x0000000000002478      0x245 ./Drivers/STM32F0xx_HAL_Driver/Src/stm32f0xx_hal_uart_ex.o

.debug_aranges  0x0000000000000000      0xf98
 .debug_aranges
                0x0000000000000000       0x60 ./Core/Src/gesture.o
 .debug_aranges
                0x0000000000000060       0x78 ./Core/Src/lcd.o
 .debug_aranges
                0x00000000000000d8       0xc0 ./Core/Src/main.o
 .debug_aranges
                0x0000000000000198       0x50 ./Core/Src/stm32f0xx_hal_msp.o
 .debug_aranges
                0x00000000000001e8       0x50 ./Core/Src/stm32f0xx_it.o
 .debug_aranges
                0x0000000000000238       0x20 ./Core/Src/sysmem.o
 .debug_aranges
                0x0000000000000258       0x28 ./Core/Src/system_stm32f0xx.o
 .debug_aranges
                0x0000000000000280       0x28 ./Core/Startup/startup_stm32f030c8tx.o
 .debug_aranges
                0x00000000000002a8       0xd0 ./Drivers/STM32F0xx_HAL_Driver/Src/stm32f0xx_hal.o
 .debug_aranges
                0x0000000000000378       0xc0 ./Drivers/STM32F0xx_HAL_Driver/Src/stm32f0xx_hal_cortex.o
 .debug_aranges
                0x0000000000000438       0x58 ./Drivers/STM32F0xx_HAL_Driver/Src/stm32f0xx_hal_gpio.o
 .debug_aranges
                0x0000000000000490      0x290 ./Drivers/STM32F0xx_HAL_Driver/Src/stm32f0xx_hal_i2c.o
 .debug_aranges
                0x0000000000000720       0x38 ./Drivers/STM32F0xx_HAL_Driver/Src/stm32f0xx_hal_i2c_ex.o
 .debug_aranges
                0x0000000000000758       0x80 ./Drivers/STM32F0xx_HAL_Driver/Src/stm32f0xx_hal_rcc.o
 .debug_aranges
                0x00000000000007d8       0x30 ./Drivers/STM32F0xx_HAL_Driver/Src/stm32f0xx_hal_rcc_ex.o
 .debug_aranges
                0x0000000000000808      0x3d0 ./Drivers/STM32F0xx_HAL_Driver/Src/stm32f0xx_hal_tim.o
 .debug_aranges
                0x0000000000000bd8      0x168 ./Drivers/STM32F0xx_HAL_Driver/Src/stm32f0xx_hal_tim_ex.o
 .debug_aranges
                0x0000000000000d40      0x218 ./Drivers/STM32F0xx_HAL_Driver/Src/stm32f0xx_hal_uart.o
 .debug_aranges
                0x0000000000000f58       0x40 ./Drivers/STM32F0xx_HAL_Driver/Src/stm32f0xx_hal_uart_ex.o

.debug_ranges   0x0000000000000000      0xea0
 .debug_ranges  0x0000000000000000       0x50 ./Core/Src/gesture.o
 .debug_ranges  0x0000000000000050       0x68 ./Core/Src/lcd.o
 .debug_ranges  0x00000000000000b8       0xb0 ./Core/Src/main.o
 .debug_ranges  0x0000000000000168       0x40 ./Core/Src/stm32f0xx_hal_msp.o
 .debug_ranges  0x00000000000001a8       0x40 ./Core/Src/stm32f0xx_it.o
 .debug_ranges  0x00000000000001e8       0x10 ./Core/Src/sysmem.o
 .debug_ranges  0x00000000000001f8       0x18 ./Core/Src/system_stm32f0xx.o
 .debug_ranges  0x0000000000000210       0x20 ./Core/Startup/startup_stm32f030c8tx.o
 .debug_ranges  0x0000000000000230       0xc0 ./Drivers/STM32F0xx_HAL_Driver/Src/stm32f0xx_hal.o
 .debug_ranges  0x00000000000002f0       0xb0 ./Drivers/STM32F0xx_HAL_Driver/Src/stm32f0xx_hal_cortex.o
 .debug_ranges  0x00000000000003a0       0x48 ./Drivers/STM32F0xx_HAL_Driver/Src/stm32f0xx_hal_gpio.o
 .debug_ranges  0x00000000000003e8      0x280 ./Drivers/STM32F0xx_HAL_Driver/Src/stm32f0xx_hal_i2c.o
 .debug_ranges  0x0000000000000668       0x28 ./Drivers/STM32F0xx_HAL_Driver/Src/stm32f0xx_hal_i2c_ex.o
 .debug_ranges  0x0000000000000690       0x70 ./Drivers/STM32F0xx_HAL_Driver/Src/stm32f0xx_hal_rcc.o
 .debug_ranges  0x0000000000000700       0x20 ./Drivers/STM32F0xx_HAL_Driver/Src/stm32f0xx_hal_rcc_ex.o
 .debug_ranges  0x0000000000000720      0x3c0 ./Drivers/STM32F0xx_HAL_Driver/Src/stm32f0xx_hal_tim.o
 .debug_ranges  0x0000000000000ae0      0x158 ./Drivers/STM32F0xx_HAL_Driver/Src/stm32f0xx_hal_tim_ex.o
 .debug_ranges  0x0000000000000c38      0x238 ./Drivers/STM32F0xx_HAL_Driver/Src/stm32f0xx_hal_uart.o
 .debug_ranges  0x0000000000000e70       0x30 ./Drivers/STM32F0xx_HAL_Driver/Src/stm32f0xx_hal_uart_ex.o

.debug_macro    0x0000000000000000    0x11635
 .debug_macro   0x0000000000000000      0x1cb ./Core/Src/gesture.o
 .debug_macro   0x00000000000001cb      0xa4e ./Core/Src/gesture.o
 .debug_macro   0x0000000000000c19      0x133 ./Core/Src/gesture.o
 .debug_macro   0x0000000000000d4c       0x2e ./Core/Src/gesture.o
 .debug_macro   0x0000000000000d7a       0x22 ./Core/Src/gesture.o
 .debug_macro   0x0000000000000d9c       0x22 ./Core/Src/gesture.o
 .debug_macro   0x0000000000000dbe       0x8e ./Core/Src/gesture.o
 .debug_macro   0x0000000000000e4c       0x51 ./Core/Src/gesture.o
 .debug_macro   0x0000000000000e9d      0x103 ./Core/Src/gesture.o
 .debug_macro   0x0000000000000fa0       0x6a ./Core/Src/gesture.o
 .debug_macro   0x000000000000100a      0x1df ./Core/Src/gesture.o
 .debug_macro   0x00000000000011e9       0x1c ./Core/Src/gesture.o
 .debug_macro   0x0000000000001205       0x22 ./Core/Src/gesture.o
 .debug_macro   0x0000000000001227       0xaf ./Core/Src/gesture.o
 .debug_macro   0x00000000000012d6      0x391 ./Core/Src/gesture.o
 .debug_macro   0x0000000000001667     0x6f40 ./Core/Src/gesture.o
 .debug_macro   0x00000000000085a7       0x66 ./Core/Src/gesture.o
 .debug_macro   0x000000000000860d     0x34a6 ./Core/Src/gesture.o
 .debug_macro   0x000000000000bab3      0x174 ./Core/Src/gesture.o
 .debug_macro   0x000000000000bc27       0x55 ./Core/Src/gesture.o
 .debug_macro   0x000000000000bc7c      0x924 ./Core/Src/gesture.o
 .debug_macro   0x000000000000c5a0      0x17f ./Core/Src/gesture.o
 .debug_macro   0x000000000000c71f      0x1af ./Core/Src/gesture.o
 .debug_macro   0x000000000000c8ce       0xd9 ./Core/Src/gesture.o
 .debug_macro   0x000000000000c9a7      0x1a0 ./Core/Src/gesture.o
 .debug_macro   0x000000000000cb47      0x1ed ./Core/Src/gesture.o
 .debug_macro   0x000000000000cd34       0x34 ./Core/Src/gesture.o
 .debug_macro   0x000000000000cd68       0x43 ./Core/Src/gesture.o
 .debug_macro   0x000000000000cdab       0x28 ./Core/Src/gesture.o
 .debug_macro   0x000000000000cdd3       0xb0 ./Core/Src/gesture.o
 .debug_macro   0x000000000000ce83      0x199 ./Core/Src/gesture.o
 .debug_macro   0x000000000000d01c      0x22c ./Core/Src/gesture.o
 .debug_macro   0x000000000000d248       0x61 ./Core/Src/gesture.o
 .debug_macro   0x000000000000d2a9       0xa5 ./Core/Src/gesture.o
 .debug_macro   0x000000000000d34e       0x4c ./Core/Src/gesture.o
 .debug_macro   0x000000000000d39a       0x2b ./Core/Src/gesture.o
 .debug_macro   0x000000000000d3c5      0x8d8 ./Core/Src/gesture.o
 .debug_macro   0x000000000000dc9d       0x28 ./Core/Src/gesture.o
 .debug_macro   0x000000000000dcc5      0x55f ./Core/Src/gesture.o
 .debug_macro   0x000000000000e224       0x3e ./Core/Src/gesture.o
 .debug_macro   0x000000000000e262       0xff ./Core/Src/gesture.o
 .debug_macro   0x000000000000e361      0x321 ./Core/Src/gesture.o
 .debug_macro   0x000000000000e682      0x330 ./Core/Src/lcd.o
 .debug_macro   0x000000000000e9b2       0x52 ./Core/Src/lcd.o
 .debug_macro   0x000000000000ea04       0x18 ./Core/Src/lcd.o
 .debug_macro   0x000000000000ea1c       0x3c ./Core/Src/lcd.o
 .debug_macro   0x000000000000ea58       0x34 ./Core/Src/lcd.o
 .debug_macro   0x000000000000ea8c       0x16 ./Core/Src/lcd.o
 .debug_macro   0x000000000000eaa2       0x35 ./Core/Src/lcd.o
 .debug_macro   0x000000000000ead7      0x341 ./Core/Src/lcd.o
 .debug_macro   0x000000000000ee18       0x10 ./Core/Src/lcd.o
 .debug_macro   0x000000000000ee28       0x16 ./Core/Src/lcd.o
 .debug_macro   0x000000000000ee3e       0x43 ./Core/Src/lcd.o
 .debug_macro   0x000000000000ee81       0x34 ./Core/Src/lcd.o
 .debug_macro   0x000000000000eeb5       0x10 ./Core/Src/lcd.o
 .debug_macro   0x000000000000eec5       0x58 ./Core/Src/lcd.o
 .debug_macro   0x000000000000ef1d       0x71 ./Core/Src/lcd.o
 .debug_macro   0x000000000000ef8e       0x1c ./Core/Src/lcd.o
 .debug_macro   0x000000000000efaa      0x12a ./Core/Src/lcd.o
 .debug_macro   0x000000000000f0d4       0x10 ./Core/Src/lcd.o
 .debug_macro   0x000000000000f0e4       0x1c ./Core/Src/lcd.o
 .debug_macro   0x000000000000f100       0x52 ./Core/Src/lcd.o
 .debug_macro   0x000000000000f152       0x22 ./Core/Src/lcd.o
 .debug_macro   0x000000000000f174       0x10 ./Core/Src/lcd.o
 .debug_macro   0x000000000000f184       0x52 ./Core/Src/lcd.o
 .debug_macro   0x000000000000f1d6       0xd5 ./Core/Src/lcd.o
 .debug_macro   0x000000000000f2ab       0x1c ./Core/Src/lcd.o
 .debug_macro   0x000000000000f2c7       0x3d ./Core/Src/lcd.o
 .debug_macro   0x000000000000f304       0x16 ./Core/Src/lcd.o
 .debug_macro   0x000000000000f31a      0x145 ./Core/Src/lcd.o
 .debug_macro   0x000000000000f45f       0x70 ./Core/Src/lcd.o
 .debug_macro   0x000000000000f4cf      0x33c ./Core/Src/main.o
 .debug_macro   0x000000000000f80b      0x10c ./Core/Src/main.o
 .debug_macro   0x000000000000f917      0x1d1 ./Core/Src/stm32f0xx_hal_msp.o
 .debug_macro   0x000000000000fae8      0x1db ./Core/Src/stm32f0xx_it.o
 .debug_macro   0x000000000000fcc3       0xff ./Core/Src/sysmem.o
 .debug_macro   0x000000000000fdc2      0x23b ./Core/Src/sysmem.o
 .debug_macro   0x000000000000fffd      0x1c2 ./Core/Src/system_stm32f0xx.o
 .debug_macro   0x00000000000101bf      0x1e6 ./Drivers/STM32F0xx_HAL_Driver/Src/stm32f0xx_hal.o
 .debug_macro   0x00000000000103a5      0x1c2 ./Drivers/STM32F0xx_HAL_Driver/Src/stm32f0xx_hal_cortex.o
 .debug_macro   0x0000000000010567      0x1c9 ./Drivers/STM32F0xx_HAL_Driver/Src/stm32f0xx_hal_gpio.o
 .debug_macro   0x0000000000010730      0x287 ./Drivers/STM32F0xx_HAL_Driver/Src/stm32f0xx_hal_i2c.o
 .debug_macro   0x00000000000109b7      0x1c2 ./Drivers/STM32F0xx_HAL_Driver/Src/stm32f0xx_hal_i2c_ex.o
 .debug_macro   0x0000000000010b79      0x1d4 ./Drivers/STM32F0xx_HAL_Driver/Src/stm32f0xx_hal_rcc.o
 .debug_macro   0x0000000000010d4d      0x1c2 ./Drivers/STM32F0xx_HAL_Driver/Src/stm32f0xx_hal_rcc_ex.o
 .debug_macro   0x0000000000010f0f      0x1c3 ./Drivers/STM32F0xx_HAL_Driver/Src/stm32f0xx_hal_tim.o
 .debug_macro   0x00000000000110d2      0x1c2 ./Drivers/STM32F0xx_HAL_Driver/Src/stm32f0xx_hal_tim_ex.o
 .debug_macro   0x0000000000011294      0x1df ./Drivers/STM32F0xx_HAL_Driver/Src/stm32f0xx_hal_uart.o
 .debug_macro   0x0000000000011473      0x1c2 ./Drivers/STM32F0xx_HAL_Driver/Src/stm32f0xx_hal_uart_ex.o

.debug_line     0x0000000000000000    0x134cd
 .debug_line    0x0000000000000000      0x96c ./Core/Src/gesture.o
 .debug_line    0x000000000000096c      0xb2f ./Core/Src/lcd.o
 .debug_line    0x000000000000149b     0x113c ./Core/Src/main.o
 .debug_line    0x00000000000025d7      0x7bb ./Core/Src/stm32f0xx_hal_msp.o
 .debug_line    0x0000000000002d92      0x76d ./Core/Src/stm32f0xx_it.o
 .debug_line    0x00000000000034ff      0x4e5 ./Core/Src/sysmem.o
 .debug_line    0x00000000000039e4      0x743 ./Core/Src/system_stm32f0xx.o
 .debug_line    0x0000000000004127       0x89 ./Core/Startup/startup_stm32f030c8tx.o
 .debug_line    0x00000000000041b0      0x94e ./Drivers/STM32F0xx_HAL_Driver/Src/stm32f0xx_hal.o
 .debug_line    0x0000000000004afe      0x9fa ./Drivers/STM32F0xx_HAL_Driver/Src/stm32f0xx_hal_cortex.o
 .debug_line    0x00000000000054f8      0xacb ./Drivers/STM32F0xx_HAL_Driver/Src/stm32f0xx_hal_gpio.o
 .debug_line    0x0000000000005fc3     0x329e ./Drivers/STM32F0xx_HAL_Driver/Src/stm32f0xx_hal_i2c.o
 .debug_line    0x0000000000009261      0x80f ./Drivers/STM32F0xx_HAL_Driver/Src/stm32f0xx_hal_i2c_ex.o
 .debug_line    0x0000000000009a70      0xd3a ./Drivers/STM32F0xx_HAL_Driver/Src/stm32f0xx_hal_rcc.o
 .debug_line    0x000000000000a7aa      0x8ad ./Drivers/STM32F0xx_HAL_Driver/Src/stm32f0xx_hal_rcc_ex.o
 .debug_line    0x000000000000b057     0x3630 ./Drivers/STM32F0xx_HAL_Driver/Src/stm32f0xx_hal_tim.o
 .debug_line    0x000000000000e687     0x18ba ./Drivers/STM32F0xx_HAL_Driver/Src/stm32f0xx_hal_tim_ex.o
 .debug_line    0x000000000000ff41     0x2b8f ./Drivers/STM32F0xx_HAL_Driver/Src/stm32f0xx_hal_uart.o
 .debug_line    0x0000000000012ad0      0x9fd ./Drivers/STM32F0xx_HAL_Driver/Src/stm32f0xx_hal_uart_ex.o

.debug_str      0x0000000000000000    0x67788
 .debug_str     0x0000000000000000    0x5efd7 ./Core/Src/gesture.o
                                      0x5f32d (size before relaxing)
 .debug_str     0x000000000005efd7     0x3ffb ./Core/Src/lcd.o
                                      0x62166 (size before relaxing)
 .debug_str     0x0000000000062fd2      0xd68 ./Core/Src/main.o
                                      0x634ce (size before relaxing)
 .debug_str     0x0000000000063d3a       0xd1 ./Core/Src/stm32f0xx_hal_msp.o
                                      0x5f172 (size before relaxing)
 .debug_str     0x0000000000063e0b       0xc2 ./Core/Src/stm32f0xx_it.o
                                      0x5ea04 (size before relaxing)
 .debug_str     0x0000000000063ecd      0x4da ./Core/Src/sysmem.o
                                       0x5ca0 (size before relaxing)
 .debug_str     0x00000000000643a7       0x8b ./Core/Src/system_stm32f0xx.o
                                      0x5e17b (size before relaxing)
 .debug_str     0x0000000000064432       0x36 ./Core/Startup/startup_stm32f030c8tx.o
                                         0x6a (size before relaxing)
 .debug_str     0x0000000000064468      0x36e ./Drivers/STM32F0xx_HAL_Driver/Src/stm32f0xx_hal.o
                                      0x5e70c (size before relaxing)
 .debug_str     0x00000000000647d6      0x18d ./Drivers/STM32F0xx_HAL_Driver/Src/stm32f0xx_hal_cortex.o
                                      0x5e4fd (size before relaxing)
 .debug_str     0x0000000000064963       0xc0 ./Drivers/STM32F0xx_HAL_Driver/Src/stm32f0xx_hal_gpio.o
                                      0x5e31c (size before relaxing)
 .debug_str     0x0000000000064a23      0xdc5 ./Drivers/STM32F0xx_HAL_Driver/Src/stm32f0xx_hal_i2c.o
                                      0x5f442 (size before relaxing)
 .debug_str     0x00000000000657e8       0x89 ./Drivers/STM32F0xx_HAL_Driver/Src/stm32f0xx_hal_i2c_ex.o
                                      0x5e6be (size before relaxing)
 .debug_str     0x0000000000065871      0x20f ./Drivers/STM32F0xx_HAL_Driver/Src/stm32f0xx_hal_rcc.o
                                      0x5e5b7 (size before relaxing)
 .debug_str     0x0000000000065a80       0x97 ./Drivers/STM32F0xx_HAL_Driver/Src/stm32f0xx_hal_rcc_ex.o
                                      0x5e2c4 (size before relaxing)
 .debug_str     0x0000000000065b17      0xe38 ./Drivers/STM32F0xx_HAL_Driver/Src/stm32f0xx_hal_tim.o
                                      0x5f581 (size before relaxing)
 .debug_str     0x000000000006694f      0x503 ./Drivers/STM32F0xx_HAL_Driver/Src/stm32f0xx_hal_tim_ex.o
                                      0x5ed9d (size before relaxing)
 .debug_str     0x0000000000066e52      0x84f ./Drivers/STM32F0xx_HAL_Driver/Src/stm32f0xx_hal_uart.o
                                      0x5ee6c (size before relaxing)
 .debug_str     0x00000000000676a1       0xe7 ./Drivers/STM32F0xx_HAL_Driver/Src/stm32f0xx_hal_uart_ex.o
                                      0x5e6d9 (size before relaxing)

.comment        0x0000000000000000       0x50
 .comment       0x0000000000000000       0x50 ./Core/Src/gesture.o
                                         0x51 (size before relaxing)
 .comment       0x0000000000000050       0x51 ./Core/Src/lcd.o
 .comment       0x0000000000000050       0x51 ./Core/Src/main.o
 .comment       0x0000000000000050       0x51 ./Core/Src/stm32f0xx_hal_msp.o
 .comment       0x0000000000000050       0x51 ./Core/Src/stm32f0xx_it.o
 .comment       0x0000000000000050       0x51 ./Core/Src/sysmem.o
 .comment       0x0000000000000050       0x51 ./Core/Src/system_stm32f0xx.o
 .comment       0x0000000000000050       0x51 ./Drivers/STM32F0xx_HAL_Driver/Src/stm32f0xx_hal.o
 .comment       0x0000000000000050       0x51 ./Drivers/STM32F0xx_HAL_Driver/Src/stm32f0xx_hal_cortex.o
 .comment       0x0000000000000050       0x51 ./Drivers/STM32F0xx_HAL_Driver/Src/stm32f0xx_hal_gpio.o
 .comment       0x0000000000000050       0x51 ./Drivers/STM32F0xx_HAL_Driver/Src/stm32f0xx_hal_i2c.o
 .comment       0x0000000000000050       0x51 ./Drivers/STM32F0xx_HAL_Driver/Src/stm32f0xx_hal_i2c_ex.o
 .comment       0x0000000000000050       0x51 ./Drivers/STM32F0xx_HAL_Driver/Src/stm32f0xx_hal_rcc.o
 .comment       0x0000000000000050       0x51 ./Drivers/STM32F0xx_HAL_Driver/Src/stm32f0xx_hal_rcc_ex.o
 .comment       0x0000000000000050       0x51 ./Drivers/STM32F0xx_HAL_Driver/Src/stm32f0xx_hal_tim.o
 .comment       0x0000000000000050       0x51 ./Drivers/STM32F0xx_HAL_Driver/Src/stm32f0xx_hal_tim_ex.o
 .comment       0x0000000000000050       0x51 ./Drivers/STM32F0xx_HAL_Driver/Src/stm32f0xx_hal_uart.o
 .comment       0x0000000000000050       0x51 ./Drivers/STM32F0xx_HAL_Driver/Src/stm32f0xx_hal_uart_ex.o

.debug_frame    0x0000000000000000     0x3bf0
 .debug_frame   0x0000000000000000      0x138 ./Core/Src/gesture.o
 .debug_frame   0x0000000000000138      0x180 ./Core/Src/lcd.o
 .debug_frame   0x00000000000002b8      0x280 ./Core/Src/main.o
 .debug_frame   0x0000000000000538       0xf0 ./Core/Src/stm32f0xx_hal_msp.o
 .debug_frame   0x0000000000000628       0xd4 ./Core/Src/stm32f0xx_it.o
 .debug_frame   0x00000000000006fc       0x30 ./Core/Src/sysmem.o
 .debug_frame   0x000000000000072c       0x4c ./Core/Src/system_stm32f0xx.o
 .debug_frame   0x0000000000000778      0x2a4 ./Drivers/STM32F0xx_HAL_Driver/Src/stm32f0xx_hal.o
 .debug_frame   0x0000000000000a1c      0x2a0 ./Drivers/STM32F0xx_HAL_Driver/Src/stm32f0xx_hal_cortex.o
 .debug_frame   0x0000000000000cbc      0x110 ./Drivers/STM32F0xx_HAL_Driver/Src/stm32f0xx_hal_gpio.o
 .debug_frame   0x0000000000000dcc      0xa24 ./Drivers/STM32F0xx_HAL_Driver/Src/stm32f0xx_hal_i2c.o
 .debug_frame   0x00000000000017f0       0x90 ./Drivers/STM32F0xx_HAL_Driver/Src/stm32f0xx_hal_i2c_ex.o
 .debug_frame   0x0000000000001880      0x198 ./Drivers/STM32F0xx_HAL_Driver/Src/stm32f0xx_hal_rcc.o
 .debug_frame   0x0000000000001a18       0x70 ./Drivers/STM32F0xx_HAL_Driver/Src/stm32f0xx_hal_rcc_ex.o
 .debug_frame   0x0000000000001a88      0xf00 ./Drivers/STM32F0xx_HAL_Driver/Src/stm32f0xx_hal_tim.o
 .debug_frame   0x0000000000002988      0x560 ./Drivers/STM32F0xx_HAL_Driver/Src/stm32f0xx_hal_tim_ex.o
 .debug_frame   0x0000000000002ee8      0x810 ./Drivers/STM32F0xx_HAL_Driver/Src/stm32f0xx_hal_uart.o
 .debug_frame   0x00000000000036f8       0xb8 ./Drivers/STM32F0xx_HAL_Driver/Src/stm32f0xx_hal_uart_ex.o
 .debug_frame   0x00000000000037b0       0x20 c:/st/stm32cubeide_1.9.0/stm32cubeide/plugins/com.st.stm32cube.ide.mcu.externaltools.gnu-tools-for-stm32.10.3-2021.10.win32_1.0.0.202111181127/tools/bin/../lib/gcc/arm-none-eabi/10.3.1/../../../../arm-none-eabi/lib/thumb/v6-m/nofp\libc_nano.a(lib_a-errno.o)
 .debug_frame   0x00000000000037d0       0x2c c:/st/stm32cubeide_1.9.0/stm32cubeide/plugins/com.st.stm32cube.ide.mcu.externaltools.gnu-tools-for-stm32.10.3-2021.10.win32_1.0.0.202111181127/tools/bin/../lib/gcc/arm-none-eabi/10.3.1/../../../../arm-none-eabi/lib/thumb/v6-m/nofp\libc_nano.a(lib_a-init.o)
 .debug_frame   0x00000000000037fc       0x20 c:/st/stm32cubeide_1.9.0/stm32cubeide/plugins/com.st.stm32cube.ide.mcu.externaltools.gnu-tools-for-stm32.10.3-2021.10.win32_1.0.0.202111181127/tools/bin/../lib/gcc/arm-none-eabi/10.3.1/../../../../arm-none-eabi/lib/thumb/v6-m/nofp\libc_nano.a(lib_a-memset.o)
 .debug_frame   0x000000000000381c       0x48 c:/st/stm32cubeide_1.9.0/stm32cubeide/plugins/com.st.stm32cube.ide.mcu.externaltools.gnu-tools-for-stm32.10.3-2021.10.win32_1.0.0.202111181127/tools/bin/../lib/gcc/arm-none-eabi/10.3.1/../../../../arm-none-eabi/lib/thumb/v6-m/nofp\libc_nano.a(lib_a-sprintf.o)
 .debug_frame   0x0000000000003864       0x74 c:/st/stm32cubeide_1.9.0/stm32cubeide/plugins/com.st.stm32cube.ide.mcu.externaltools.gnu-tools-for-stm32.10.3-2021.10.win32_1.0.0.202111181127/tools/bin/../lib/gcc/arm-none-eabi/10.3.1/../../../../arm-none-eabi/lib/thumb/v6-m/nofp\libc_nano.a(lib_a-nano-svfprintf.o)
 .debug_frame   0x00000000000038d8       0x54 c:/st/stm32cubeide_1.9.0/stm32cubeide/plugins/com.st.stm32cube.ide.mcu.externaltools.gnu-tools-for-stm32.10.3-2021.10.win32_1.0.0.202111181127/tools/bin/../lib/gcc/arm-none-eabi/10.3.1/../../../../arm-none-eabi/lib/thumb/v6-m/nofp\libc_nano.a(lib_a-nano-vfprintf_i.o)
 .debug_frame   0x000000000000392c       0x20 c:/st/stm32cubeide_1.9.0/stm32cubeide/plugins/com.st.stm32cube.ide.mcu.externaltools.gnu-tools-for-stm32.10.3-2021.10.win32_1.0.0.202111181127/tools/bin/../lib/gcc/arm-none-eabi/10.3.1/../../../../arm-none-eabi/lib/thumb/v6-m/nofp\libc_nano.a(lib_a-memchr-stub.o)
 .debug_frame   0x000000000000394c       0x28 c:/st/stm32cubeide_1.9.0/stm32cubeide/plugins/com.st.stm32cube.ide.mcu.externaltools.gnu-tools-for-stm32.10.3-2021.10.win32_1.0.0.202111181127/tools/bin/../lib/gcc/arm-none-eabi/10.3.1/../../../../arm-none-eabi/lib/thumb/v6-m/nofp\libc_nano.a(lib_a-memcpy-stub.o)
 .debug_frame   0x0000000000003974       0x28 c:/st/stm32cubeide_1.9.0/stm32cubeide/plugins/com.st.stm32cube.ide.mcu.externaltools.gnu-tools-for-stm32.10.3-2021.10.win32_1.0.0.202111181127/tools/bin/../lib/gcc/arm-none-eabi/10.3.1/../../../../arm-none-eabi/lib/thumb/v6-m/nofp\libc_nano.a(lib_a-memmove.o)
 .debug_frame   0x000000000000399c       0x2c c:/st/stm32cubeide_1.9.0/stm32cubeide/plugins/com.st.stm32cube.ide.mcu.externaltools.gnu-tools-for-stm32.10.3-2021.10.win32_1.0.0.202111181127/tools/bin/../lib/gcc/arm-none-eabi/10.3.1/../../../../arm-none-eabi/lib/thumb/v6-m/nofp\libc_nano.a(lib_a-nano-freer.o)
 .debug_frame   0x00000000000039c8       0x50 c:/st/stm32cubeide_1.9.0/stm32cubeide/plugins/com.st.stm32cube.ide.mcu.externaltools.gnu-tools-for-stm32.10.3-2021.10.win32_1.0.0.202111181127/tools/bin/../lib/gcc/arm-none-eabi/10.3.1/../../../../arm-none-eabi/lib/thumb/v6-m/nofp\libc_nano.a(lib_a-nano-mallocr.o)
 .debug_frame   0x0000000000003a18       0x34 c:/st/stm32cubeide_1.9.0/stm32cubeide/plugins/com.st.stm32cube.ide.mcu.externaltools.gnu-tools-for-stm32.10.3-2021.10.win32_1.0.0.202111181127/tools/bin/../lib/gcc/arm-none-eabi/10.3.1/../../../../arm-none-eabi/lib/thumb/v6-m/nofp\libc_nano.a(lib_a-nano-reallocr.o)
 .debug_frame   0x0000000000003a4c       0x2c c:/st/stm32cubeide_1.9.0/stm32cubeide/plugins/com.st.stm32cube.ide.mcu.externaltools.gnu-tools-for-stm32.10.3-2021.10.win32_1.0.0.202111181127/tools/bin/../lib/gcc/arm-none-eabi/10.3.1/../../../../arm-none-eabi/lib/thumb/v6-m/nofp\libc_nano.a(lib_a-sbrkr.o)
 .debug_frame   0x0000000000003a78       0x40 c:/st/stm32cubeide_1.9.0/stm32cubeide/plugins/com.st.stm32cube.ide.mcu.externaltools.gnu-tools-for-stm32.10.3-2021.10.win32_1.0.0.202111181127/tools/bin/../lib/gcc/arm-none-eabi/10.3.1/../../../../arm-none-eabi/lib/thumb/v6-m/nofp\libc_nano.a(lib_a-mlock.o)
 .debug_frame   0x0000000000003ab8       0x20 c:/st/stm32cubeide_1.9.0/stm32cubeide/plugins/com.st.stm32cube.ide.mcu.externaltools.gnu-tools-for-stm32.10.3-2021.10.win32_1.0.0.202111181127/tools/bin/../lib/gcc/arm-none-eabi/10.3.1/../../../../arm-none-eabi/lib/thumb/v6-m/nofp\libc_nano.a(lib_a-nano-msizer.o)
 .debug_frame   0x0000000000003ad8       0x48 c:/st/stm32cubeide_1.9.0/stm32cubeide/plugins/com.st.stm32cube.ide.mcu.externaltools.gnu-tools-for-stm32.10.3-2021.10.win32_1.0.0.202111181127/tools/bin/../lib/gcc/arm-none-eabi/10.3.1/../../../../arm-none-eabi/lib/thumb/v6-m/nofp\libc_nano.a(lib_a-reent.o)
 .debug_frame   0x0000000000003b20       0xb0 c:/st/stm32cubeide_1.9.0/stm32cubeide/plugins/com.st.stm32cube.ide.mcu.externaltools.gnu-tools-for-stm32.10.3-2021.10.win32_1.0.0.202111181127/tools/bin/../lib/gcc/arm-none-eabi/10.3.1/../../../../arm-none-eabi/lib/thumb/v6-m/nofp\libc_nano.a(lib_a-lock.o)
 .debug_frame   0x0000000000003bd0       0x20 c:/st/stm32cubeide_1.9.0/stm32cubeide/plugins/com.st.stm32cube.ide.mcu.externaltools.gnu-tools-for-stm32.10.3-2021.10.win32_1.0.0.202111181127/tools/bin/../lib/gcc/arm-none-eabi/10.3.1/thumb/v6-m/nofp\libgcc.a(_udivsi3.o)
