../Core/Src/lcd.c:11:6:lcd_init	8	static
../Core/Src/lcd.c:57:6:lcd_write	16	static
../Core/Src/lcd.c:148:6:lcd_puts	16	static
../Core/Src/lcd.c:195:6:clr_data	16	static
../Core/Src/lcd.c:231:6:clr_select	8	static
../Core/Src/lcd.c:240:6:lcd_clear	8	static
../Core/Src/lcd.c:245:6:default_lcd_print	16	static
../Core/Src/lcd.c:303:6:lcd_update	16	static
../Core/Src/lcd.c:344:6:time_calculate	24	static
../Core/Src/lcd.c:355:6:clock_page	8	static
../Core/Src/lcd.c:364:6:Total_Time_Print	48	static
../Core/Src/lcd.c:391:6:home_page	8	static
