../Core/Src/main.c:159:6:print_int	32	static
../Core/Src/main.c:167:9:update_key_press	8	static
../Core/Src/main.c:219:6:set_data_positive	8	static
../Core/Src/main.c:281:6:set_data_negative	8	static
../Core/Src/main.c:339:6:update_new_data	8	static
../Core/Src/main.c:398:6:page_2_print	8	static
../Core/Src/main.c:405:6:page_3_print	16	static
../Core/Src/main.c:437:6:update_screen_data_2	8	static
../Core/Src/main.c:443:6:update_screen_data_3	8	static
../Core/Src/main.c:565:6:update_screen_data	16	static
../Core/Src/main.c:644:6:send_cmd	24	static
../Core/Src/main.c:747:6:page1_print	16	static
../Core/Src/main.c:793:6:HAL_GPIO_EXTI_Callback	16	static
../Core/Src/main.c:848:6:beep_sound	8	static
../Core/Src/main.c:863:5:main	32	static
../Core/Src/main.c:1169:6:SystemClock_Config	96	static
../Core/Src/main.c:1216:13:MX_I2C1_Init	8	static
../Core/Src/main.c:1264:13:MX_TIM6_Init	8	static
../Core/Src/main.c:1294:13:MX_USART1_UART_Init	8	static
../Core/Src/main.c:1329:13:MX_GPIO_Init	48	static
../Core/Src/main.c:1397:6:Error_Handler	8	static,ignoring_inline_asm
