../Core/Src/main.c:165:6:HAL_TIM_PeriodElapsedCallback	16	static
../Core/Src/main.c:176:6:print_int	32	static
../Core/Src/main.c:184:9:update_key_press	8	static
../Core/Src/main.c:236:6:set_data_positive	8	static
../Core/Src/main.c:298:6:set_data_negative	8	static
../Core/Src/main.c:356:6:update_new_data	8	static
../Core/Src/main.c:415:6:page_2_print	8	static
../Core/Src/main.c:422:6:page_3_print	16	static
../Core/Src/main.c:454:6:update_screen_data_2	8	static
../Core/Src/main.c:460:6:update_screen_data_3	8	static
../Core/Src/main.c:597:6:update_screen_data	16	static
../Core/Src/main.c:676:6:send_cmd	24	static
../Core/Src/main.c:779:6:page1_print	16	static
../Core/Src/main.c:825:6:HAL_GPIO_EXTI_Callback	16	static
../Core/Src/main.c:880:6:beep_sound	8	static
../Core/Src/main.c:895:5:main	32	static
../Core/Src/main.c:1202:6:SystemClock_Config	96	static
../Core/Src/main.c:1249:13:MX_I2C1_Init	8	static
../Core/Src/main.c:1297:13:MX_TIM6_Init	8	static
../Core/Src/main.c:1327:13:MX_USART1_UART_Init	8	static
../Core/Src/main.c:1362:13:MX_GPIO_Init	48	static
../Core/Src/main.c:1430:6:Error_Handler	8	static,ignoring_inline_asm
