../Core/Src/main.c:146:6:print_int	32	static
../Core/Src/main.c:154:9:update_key_press	8	static
../Core/Src/main.c:206:6:set_data_positive	8	static
../Core/Src/main.c:235:6:set_data_negative	8	static
../Core/Src/main.c:264:6:update_new_data	8	static
../Core/Src/main.c:305:6:second_screen	16	static
../Core/Src/main.c:354:6:update_screen_data	16	static
../Core/Src/main.c:433:6:send_cmd	24	static
../Core/Src/main.c:489:6:page1_print	16	static
../Core/Src/main.c:535:6:HAL_GPIO_EXTI_Callback	16	static
../Core/Src/main.c:590:6:beep_sound	8	static
../Core/Src/main.c:605:5:main	32	static
../Core/Src/main.c:817:6:SystemClock_Config	96	static
../Core/Src/main.c:864:13:MX_I2C1_Init	8	static
../Core/Src/main.c:912:13:MX_TIM6_Init	8	static
../Core/Src/main.c:942:13:MX_USART1_UART_Init	8	static
../Core/Src/main.c:977:13:MX_GPIO_Init	48	static
../Core/Src/main.c:1045:6:Error_Handler	8	static,ignoring_inline_asm
