20:44:06 **** Incremental Build of configuration Debug for project ot_gesture_updated ****
make -j4 all 
arm-none-eabi-gcc "../Core/Src/main.c" -mcpu=cortex-m0 -std=gnu11 -g3 -DDEBUG -DUSE_HAL_DRIVER -DSTM32F030x8 -c -I../Core/Inc -I../Drivers/STM32F0xx_HAL_Driver/Inc -I../Drivers/STM32F0xx_HAL_Driver/Inc/Legacy -I../Drivers/CMSIS/Device/ST/STM32F0xx/Include -I../Drivers/CMSIS/Include -O0 -ffunction-sections -fdata-sections -Wall -fstack-usage -MMD -MP -MF"Core/Src/main.d" -MT"Core/Src/main.o" --specs=nano.specs -mfloat-abi=soft -mthumb -o "Core/Src/main.o"
../Core/Src/main.c: In function 'print_int':
../Core/Src/main.c:163:10: warning: pointer targets in passing argument 1 of 'sprintf' differ in signedness [-Wpointer-sign]
  163 |  sprintf(buffer, "%02d", _data);
      |          ^~~~~~
      |          |
      |          int8_t * {aka signed char *}
In file included from ../Core/Src/main.c:24:
c:\st\stm32cubeide_1.9.0\stm32cubeide\plugins\com.st.stm32cube.ide.mcu.externaltools.gnu-tools-for-stm32.10.3-2021.10.win32_1.0.0.202111181127\tools\arm-none-eabi\include\stdio.h:244:14: note: expected 'char * restrict' but argument is of type 'int8_t *' {aka 'signed char *'}
  244 | int sprintf (char *__restrict, const char *__restrict, ...)
      |              ^
../Core/Src/main.c: In function 'page_3_print':
../Core/Src/main.c:352:7: warning: unused variable 'buf' [-Wunused-variable]
  352 |  char buf[3];
      |       ^~~
../Core/Src/main.c: In function 'update_screen_data':
../Core/Src/main.c:503:3: warning: implicit declaration of function 'send_cmd' [-Wimplicit-function-declaration]
  503 |   send_cmd(data_reg.intensity,intensity);
      |   ^~~~~~~~
../Core/Src/main.c: At top level:
../Core/Src/main.c:560:6: warning: conflicting types for 'send_cmd'
  560 | void send_cmd(int8_t x, int8_t mode)
      |      ^~~~~~~~
../Core/Src/main.c:503:3: note: previous implicit declaration of 'send_cmd' was here
  503 |   send_cmd(data_reg.intensity,intensity);
      |   ^~~~~~~~
../Core/Src/main.c: In function 'main':
../Core/Src/main.c:988:4: warning: implicit declaration of function 'clock_page' [-Wimplicit-function-declaration]
  988 |    clock_page();
      |    ^~~~~~~~~~
../Core/Src/main.c:989:4: warning: implicit declaration of function 'Total_Time_Print' [-Wimplicit-function-declaration]
  989 |    Total_Time_Print(timer_intrupt);
      |    ^~~~~~~~~~~~~~~~
../Core/Src/main.c:786:10: warning: variable 'sns_status' set but not used [-Wunused-but-set-variable]
  786 |  uint8_t sns_status = 0;
      |          ^~~~~~~~~~
arm-none-eabi-gcc -o "ot_gesture_updated.elf" @"objects.list"   -mcpu=cortex-m0 -T"D:\production\final_ot_ges\ot_gesture_updated\STM32F030C8TX_FLASH.ld" --specs=nosys.specs -Wl,-Map="ot_gesture_updated.map" -Wl,--gc-sections -static --specs=nano.specs -mfloat-abi=soft -mthumb -Wl,--start-group -lc -lm -Wl,--end-group
Finished building target: ot_gesture_updated.elf
 
arm-none-eabi-size   ot_gesture_updated.elf 
arm-none-eabi-objdump -h -S  ot_gesture_updated.elf  > "ot_gesture_updated.list"
   text	   data	    bss	    dec	    hex	filename
  23232	    132	   1916	  25280	   62c0	ot_gesture_updated.elf
Finished building: default.size.stdout
 
Finished building: ot_gesture_updated.list
 
20:44:27 **** Incremental Build of configuration Debug for project ot_gesture_updated ****
make -j4 all 
arm-none-eabi-size   ot_gesture_updated.elf 
   text	   data	    bss	    dec	    hex	filename
  23232	    132	   1916	  25280	   62c0	ot_gesture_updated.elf
Finished building: default.size.stdout
 
20:52:38 **** Incremental Build of configuration Debug for project ot_gesture_updated ****
make -j4 all 
arm-none-eabi-gcc "../Core/Src/main.c" -mcpu=cortex-m0 -std=gnu11 -g3 -DDEBUG -DUSE_HAL_DRIVER -DSTM32F030x8 -c -I../Core/Inc -I../Drivers/STM32F0xx_HAL_Driver/Inc -I../Drivers/STM32F0xx_HAL_Driver/Inc/Legacy -I../Drivers/CMSIS/Device/ST/STM32F0xx/Include -I../Drivers/CMSIS/Include -O0 -ffunction-sections -fdata-sections -Wall -fstack-usage -MMD -MP -MF"Core/Src/main.d" -MT"Core/Src/main.o" --specs=nano.specs -mfloat-abi=soft -mthumb -o "Core/Src/main.o"
../Core/Src/main.c: In function 'print_int':
../Core/Src/main.c:163:10: warning: pointer targets in passing argument 1 of 'sprintf' differ in signedness [-Wpointer-sign]
  163 |  sprintf(buffer, "%02d", _data);
      |          ^~~~~~
      |          |
      |          int8_t * {aka signed char *}
In file included from ../Core/Src/main.c:24:
c:\st\stm32cubeide_1.9.0\stm32cubeide\plugins\com.st.stm32cube.ide.mcu.externaltools.gnu-tools-for-stm32.10.3-2021.10.win32_1.0.0.202111181127\tools\arm-none-eabi\include\stdio.h:244:14: note: expected 'char * restrict' but argument is of type 'int8_t *' {aka 'signed char *'}
  244 | int sprintf (char *__restrict, const char *__restrict, ...)
      |              ^
../Core/Src/main.c: In function 'page_3_print':
../Core/Src/main.c:352:7: warning: unused variable 'buf' [-Wunused-variable]
  352 |  char buf[3];
      |       ^~~
../Core/Src/main.c: In function 'update_screen_data':
../Core/Src/main.c:504:3: warning: implicit declaration of function 'send_cmd' [-Wimplicit-function-declaration]
  504 |   send_cmd(data_reg.intensity,intensity);
      |   ^~~~~~~~
../Core/Src/main.c: At top level:
../Core/Src/main.c:561:6: warning: conflicting types for 'send_cmd'
  561 | void send_cmd(int8_t x, int8_t mode)
      |      ^~~~~~~~
../Core/Src/main.c:504:3: note: previous implicit declaration of 'send_cmd' was here
  504 |   send_cmd(data_reg.intensity,intensity);
      |   ^~~~~~~~
../Core/Src/main.c: In function 'main':
../Core/Src/main.c:989:4: warning: implicit declaration of function 'clock_page' [-Wimplicit-function-declaration]
  989 |    clock_page();
      |    ^~~~~~~~~~
../Core/Src/main.c:990:4: warning: implicit declaration of function 'Total_Time_Print' [-Wimplicit-function-declaration]
  990 |    Total_Time_Print(timer_intrupt);
      |    ^~~~~~~~~~~~~~~~
../Core/Src/main.c:787:10: warning: variable 'sns_status' set but not used [-Wunused-but-set-variable]
  787 |  uint8_t sns_status = 0;
      |          ^~~~~~~~~~
arm-none-eabi-gcc -o "ot_gesture_updated.elf" @"objects.list"   -mcpu=cortex-m0 -T"D:\production\final_ot_ges\ot_gesture_updated\STM32F030C8TX_FLASH.ld" --specs=nosys.specs -Wl,-Map="ot_gesture_updated.map" -Wl,--gc-sections -static --specs=nano.specs -mfloat-abi=soft -mthumb -Wl,--start-group -lc -lm -Wl,--end-group
Finished building target: ot_gesture_updated.elf
 
arm-none-eabi-size   ot_gesture_updated.elf 
arm-none-eabi-objdump -h -S  ot_gesture_updated.elf  > "ot_gesture_updated.list"
   text	   data	    bss	    dec	    hex	filename
  23252	    132	   1916	  25300	   62d4	ot_gesture_updated.elf
Finished building: default.size.stdout
 
Finished building: ot_gesture_updated.list
 
20:54:53 **** Incremental Build of configuration Debug for project ot_gesture_updated ****
make -j4 all 
arm-none-eabi-gcc "../Core/Src/main.c" -mcpu=cortex-m0 -std=gnu11 -g3 -DDEBUG -DUSE_HAL_DRIVER -DSTM32F030x8 -c -I../Core/Inc -I../Drivers/STM32F0xx_HAL_Driver/Inc -I../Drivers/STM32F0xx_HAL_Driver/Inc/Legacy -I../Drivers/CMSIS/Device/ST/STM32F0xx/Include -I../Drivers/CMSIS/Include -O0 -ffunction-sections -fdata-sections -Wall -fstack-usage -MMD -MP -MF"Core/Src/main.d" -MT"Core/Src/main.o" --specs=nano.specs -mfloat-abi=soft -mthumb -o "Core/Src/main.o"
../Core/Src/main.c: In function 'print_int':
../Core/Src/main.c:163:10: warning: pointer targets in passing argument 1 of 'sprintf' differ in signedness [-Wpointer-sign]
  163 |  sprintf(buffer, "%02d", _data);
      |          ^~~~~~
      |          |
      |          int8_t * {aka signed char *}
In file included from ../Core/Src/main.c:24:
c:\st\stm32cubeide_1.9.0\stm32cubeide\plugins\com.st.stm32cube.ide.mcu.externaltools.gnu-tools-for-stm32.10.3-2021.10.win32_1.0.0.202111181127\tools\arm-none-eabi\include\stdio.h:244:14: note: expected 'char * restrict' but argument is of type 'int8_t *' {aka 'signed char *'}
  244 | int sprintf (char *__restrict, const char *__restrict, ...)
      |              ^
../Core/Src/main.c: In function 'page_3_print':
../Core/Src/main.c:352:7: warning: unused variable 'buf' [-Wunused-variable]
  352 |  char buf[3];
      |       ^~~
../Core/Src/main.c: In function 'update_screen_data':
../Core/Src/main.c:504:3: warning: implicit declaration of function 'send_cmd' [-Wimplicit-function-declaration]
  504 |   send_cmd(data_reg.intensity,intensity);
      |   ^~~~~~~~
../Core/Src/main.c: At top level:
../Core/Src/main.c:561:6: warning: conflicting types for 'send_cmd'
  561 | void send_cmd(int8_t x, int8_t mode)
      |      ^~~~~~~~
../Core/Src/main.c:504:3: note: previous implicit declaration of 'send_cmd' was here
  504 |   send_cmd(data_reg.intensity,intensity);
      |   ^~~~~~~~
../Core/Src/main.c: In function 'main':
../Core/Src/main.c:989:4: warning: implicit declaration of function 'clock_page' [-Wimplicit-function-declaration]
  989 |    clock_page();
      |    ^~~~~~~~~~
../Core/Src/main.c:990:4: warning: implicit declaration of function 'Total_Time_Print' [-Wimplicit-function-declaration]
  990 |    Total_Time_Print(timer_intrupt);
      |    ^~~~~~~~~~~~~~~~
../Core/Src/main.c:787:10: warning: variable 'sns_status' set but not used [-Wunused-but-set-variable]
  787 |  uint8_t sns_status = 0;
      |          ^~~~~~~~~~
arm-none-eabi-gcc -o "ot_gesture_updated.elf" @"objects.list"   -mcpu=cortex-m0 -T"D:\production\final_ot_ges\ot_gesture_updated\STM32F030C8TX_FLASH.ld" --specs=nosys.specs -Wl,-Map="ot_gesture_updated.map" -Wl,--gc-sections -static --specs=nano.specs -mfloat-abi=soft -mthumb -Wl,--start-group -lc -lm -Wl,--end-group
Finished building target: ot_gesture_updated.elf
 
arm-none-eabi-size   ot_gesture_updated.elf 
arm-none-eabi-objdump -h -S  ot_gesture_updated.elf  > "ot_gesture_updated.list"
   text	   data	    bss	    dec	    hex	filename
  23260	    132	   1916	  25308	   62dc	ot_gesture_updated.elf
Finished building: default.size.stdout
 
Finished building: ot_gesture_updated.list
 
21:01:20 **** Incremental Build of configuration Debug for project ot_gesture_updated ****
make -j4 all 
arm-none-eabi-gcc "../Core/Src/main.c" -mcpu=cortex-m0 -std=gnu11 -g3 -DDEBUG -DUSE_HAL_DRIVER -DSTM32F030x8 -c -I../Core/Inc -I../Drivers/STM32F0xx_HAL_Driver/Inc -I../Drivers/STM32F0xx_HAL_Driver/Inc/Legacy -I../Drivers/CMSIS/Device/ST/STM32F0xx/Include -I../Drivers/CMSIS/Include -O0 -ffunction-sections -fdata-sections -Wall -fstack-usage -MMD -MP -MF"Core/Src/main.d" -MT"Core/Src/main.o" --specs=nano.specs -mfloat-abi=soft -mthumb -o "Core/Src/main.o"
../Core/Src/main.c: In function 'print_int':
../Core/Src/main.c:163:10: warning: pointer targets in passing argument 1 of 'sprintf' differ in signedness [-Wpointer-sign]
  163 |  sprintf(buffer, "%02d", _data);
      |          ^~~~~~
      |          |
      |          int8_t * {aka signed char *}
In file included from ../Core/Src/main.c:24:
c:\st\stm32cubeide_1.9.0\stm32cubeide\plugins\com.st.stm32cube.ide.mcu.externaltools.gnu-tools-for-stm32.10.3-2021.10.win32_1.0.0.202111181127\tools\arm-none-eabi\include\stdio.h:244:14: note: expected 'char * restrict' but argument is of type 'int8_t *' {aka 'signed char *'}
  244 | int sprintf (char *__restrict, const char *__restrict, ...)
      |              ^
../Core/Src/main.c: In function 'page_3_print':
../Core/Src/main.c:401:7: warning: unused variable 'buf' [-Wunused-variable]
  401 |  char buf[3];
      |       ^~~
../Core/Src/main.c: In function 'update_screen_data':
../Core/Src/main.c:553:3: warning: implicit declaration of function 'send_cmd' [-Wimplicit-function-declaration]
  553 |   send_cmd(data_reg.intensity,intensity);
      |   ^~~~~~~~
../Core/Src/main.c: At top level:
../Core/Src/main.c:610:6: warning: conflicting types for 'send_cmd'
  610 | void send_cmd(int8_t x, int8_t mode)
      |      ^~~~~~~~
../Core/Src/main.c:553:3: note: previous implicit declaration of 'send_cmd' was here
  553 |   send_cmd(data_reg.intensity,intensity);
      |   ^~~~~~~~
../Core/Src/main.c: In function 'main':
../Core/Src/main.c:1038:4: warning: implicit declaration of function 'clock_page' [-Wimplicit-function-declaration]
 1038 |    clock_page();
      |    ^~~~~~~~~~
../Core/Src/main.c:1039:4: warning: implicit declaration of function 'Total_Time_Print' [-Wimplicit-function-declaration]
 1039 |    Total_Time_Print(timer_intrupt);
      |    ^~~~~~~~~~~~~~~~
../Core/Src/main.c:836:10: warning: variable 'sns_status' set but not used [-Wunused-but-set-variable]
  836 |  uint8_t sns_status = 0;
      |          ^~~~~~~~~~
arm-none-eabi-gcc -o "ot_gesture_updated.elf" @"objects.list"   -mcpu=cortex-m0 -T"D:\production\final_ot_ges\ot_gesture_updated\STM32F030C8TX_FLASH.ld" --specs=nosys.specs -Wl,-Map="ot_gesture_updated.map" -Wl,--gc-sections -static --specs=nano.specs -mfloat-abi=soft -mthumb -Wl,--start-group -lc -lm -Wl,--end-group
Finished building target: ot_gesture_updated.elf
 
arm-none-eabi-size   ot_gesture_updated.elf 
arm-none-eabi-objdump -h -S  ot_gesture_updated.elf  > "ot_gesture_updated.list"
   text	   data	    bss	    dec	    hex	filename
  23424	    132	   1916	  25472	   6380	ot_gesture_updated.elf
Finished building: default.size.stdout
 
Finished building: ot_gesture_updated.list
 
21:06:53 **** Incremental Build of configuration Debug for project ot_gesture_updated ****
make -j4 all 
arm-none-eabi-gcc "../Core/Src/main.c" -mcpu=cortex-m0 -std=gnu11 -g3 -DDEBUG -DUSE_HAL_DRIVER -DSTM32F030x8 -c -I../Core/Inc -I../Drivers/STM32F0xx_HAL_Driver/Inc -I../Drivers/STM32F0xx_HAL_Driver/Inc/Legacy -I../Drivers/CMSIS/Device/ST/STM32F0xx/Include -I../Drivers/CMSIS/Include -O0 -ffunction-sections -fdata-sections -Wall -fstack-usage -MMD -MP -MF"Core/Src/main.d" -MT"Core/Src/main.o" --specs=nano.specs -mfloat-abi=soft -mthumb -o "Core/Src/main.o"
../Core/Src/main.c: In function 'print_int':
../Core/Src/main.c:163:10: warning: pointer targets in passing argument 1 of 'sprintf' differ in signedness [-Wpointer-sign]
  163 |  sprintf(buffer, "%02d", _data);
      |          ^~~~~~
      |          |
      |          int8_t * {aka signed char *}
In file included from ../Core/Src/main.c:24:
c:\st\stm32cubeide_1.9.0\stm32cubeide\plugins\com.st.stm32cube.ide.mcu.externaltools.gnu-tools-for-stm32.10.3-2021.10.win32_1.0.0.202111181127\tools\arm-none-eabi\include\stdio.h:244:14: note: expected 'char * restrict' but argument is of type 'int8_t *' {aka 'signed char *'}
  244 | int sprintf (char *__restrict, const char *__restrict, ...)
      |              ^
../Core/Src/main.c: In function 'page_3_print':
../Core/Src/main.c:407:7: warning: unused variable 'buf' [-Wunused-variable]
  407 |  char buf[3];
      |       ^~~
../Core/Src/main.c: In function 'update_screen_data':
../Core/Src/main.c:559:3: warning: implicit declaration of function 'send_cmd' [-Wimplicit-function-declaration]
  559 |   send_cmd(data_reg.intensity,intensity);
      |   ^~~~~~~~
../Core/Src/main.c: At top level:
../Core/Src/main.c:616:6: warning: conflicting types for 'send_cmd'
  616 | void send_cmd(int8_t x, int8_t mode)
      |      ^~~~~~~~
../Core/Src/main.c:559:3: note: previous implicit declaration of 'send_cmd' was here
  559 |   send_cmd(data_reg.intensity,intensity);
      |   ^~~~~~~~
../Core/Src/main.c: In function 'main':
../Core/Src/main.c:1044:4: warning: implicit declaration of function 'clock_page' [-Wimplicit-function-declaration]
 1044 |    clock_page();
      |    ^~~~~~~~~~
../Core/Src/main.c:1045:4: warning: implicit declaration of function 'Total_Time_Print' [-Wimplicit-function-declaration]
 1045 |    Total_Time_Print(timer_intrupt);
      |    ^~~~~~~~~~~~~~~~
../Core/Src/main.c:842:10: warning: variable 'sns_status' set but not used [-Wunused-but-set-variable]
  842 |  uint8_t sns_status = 0;
      |          ^~~~~~~~~~
arm-none-eabi-gcc -o "ot_gesture_updated.elf" @"objects.list"   -mcpu=cortex-m0 -T"D:\production\final_ot_ges\ot_gesture_updated\STM32F030C8TX_FLASH.ld" --specs=nosys.specs -Wl,-Map="ot_gesture_updated.map" -Wl,--gc-sections -static --specs=nano.specs -mfloat-abi=soft -mthumb -Wl,--start-group -lc -lm -Wl,--end-group
Finished building target: ot_gesture_updated.elf
 
arm-none-eabi-size   ot_gesture_updated.elf 
arm-none-eabi-objdump -h -S  ot_gesture_updated.elf  > "ot_gesture_updated.list"
   text	   data	    bss	    dec	    hex	filename
  23460	    132	   1916	  25508	   63a4	ot_gesture_updated.elf
Finished building: default.size.stdout
 
Finished building: ot_gesture_updated.list
 
21:20:58 **** Incremental Build of configuration Debug for project ot_gesture_updated ****
make -j4 all 
arm-none-eabi-gcc "../Core/Src/main.c" -mcpu=cortex-m0 -std=gnu11 -g3 -DDEBUG -DUSE_HAL_DRIVER -DSTM32F030x8 -c -I../Core/Inc -I../Drivers/STM32F0xx_HAL_Driver/Inc -I../Drivers/STM32F0xx_HAL_Driver/Inc/Legacy -I../Drivers/CMSIS/Device/ST/STM32F0xx/Include -I../Drivers/CMSIS/Include -O0 -ffunction-sections -fdata-sections -Wall -fstack-usage -MMD -MP -MF"Core/Src/main.d" -MT"Core/Src/main.o" --specs=nano.specs -mfloat-abi=soft -mthumb -o "Core/Src/main.o"
../Core/Src/main.c: In function 'print_int':
../Core/Src/main.c:163:10: warning: pointer targets in passing argument 1 of 'sprintf' differ in signedness [-Wpointer-sign]
  163 |  sprintf(buffer, "%02d", _data);
      |          ^~~~~~
      |          |
      |          int8_t * {aka signed char *}
In file included from ../Core/Src/main.c:24:
c:\st\stm32cubeide_1.9.0\stm32cubeide\plugins\com.st.stm32cube.ide.mcu.externaltools.gnu-tools-for-stm32.10.3-2021.10.win32_1.0.0.202111181127\tools\arm-none-eabi\include\stdio.h:244:14: note: expected 'char * restrict' but argument is of type 'int8_t *' {aka 'signed char *'}
  244 | int sprintf (char *__restrict, const char *__restrict, ...)
      |              ^
../Core/Src/main.c: In function 'page_3_print':
../Core/Src/main.c:407:7: warning: unused variable 'buf' [-Wunused-variable]
  407 |  char buf[3];
      |       ^~~
../Core/Src/main.c: In function 'update_screen_data':
../Core/Src/main.c:559:3: warning: implicit declaration of function 'send_cmd' [-Wimplicit-function-declaration]
  559 |   send_cmd(data_reg.intensity,intensity);
      |   ^~~~~~~~
../Core/Src/main.c: At top level:
../Core/Src/main.c:616:6: warning: conflicting types for 'send_cmd'
  616 | void send_cmd(int8_t x, int8_t mode)
      |      ^~~~~~~~
../Core/Src/main.c:559:3: note: previous implicit declaration of 'send_cmd' was here
  559 |   send_cmd(data_reg.intensity,intensity);
      |   ^~~~~~~~
../Core/Src/main.c: In function 'main':
../Core/Src/main.c:1068:4: warning: implicit declaration of function 'clock_page' [-Wimplicit-function-declaration]
 1068 |    clock_page();
      |    ^~~~~~~~~~
../Core/Src/main.c:1069:4: warning: implicit declaration of function 'Total_Time_Print' [-Wimplicit-function-declaration]
 1069 |    Total_Time_Print(timer_intrupt);
      |    ^~~~~~~~~~~~~~~~
../Core/Src/main.c:842:10: warning: variable 'sns_status' set but not used [-Wunused-but-set-variable]
  842 |  uint8_t sns_status = 0;
      |          ^~~~~~~~~~
arm-none-eabi-gcc -o "ot_gesture_updated.elf" @"objects.list"   -mcpu=cortex-m0 -T"D:\production\final_ot_ges\ot_gesture_updated\STM32F030C8TX_FLASH.ld" --specs=nosys.specs -Wl,-Map="ot_gesture_updated.map" -Wl,--gc-sections -static --specs=nano.specs -mfloat-abi=soft -mthumb -Wl,--start-group -lc -lm -Wl,--end-group
Finished building target: ot_gesture_updated.elf
 
arm-none-eabi-size   ot_gesture_updated.elf 
arm-none-eabi-objdump -h -S  ot_gesture_updated.elf  > "ot_gesture_updated.list"
   text	   data	    bss	    dec	    hex	filename
  23496	    132	   1916	  25544	   63c8	ot_gesture_updated.elf
Finished building: default.size.stdout
 
Finished building: ot_gesture_updated.list
 
21:24:25 **** Incremental Build of configuration Debug for project ot_gesture_updated ****
make -j4 all 
arm-none-eabi-gcc "../Core/Src/main.c" -mcpu=cortex-m0 -std=gnu11 -g3 -DDEBUG -DUSE_HAL_DRIVER -DSTM32F030x8 -c -I../Core/Inc -I../Drivers/STM32F0xx_HAL_Driver/Inc -I../Drivers/STM32F0xx_HAL_Driver/Inc/Legacy -I../Drivers/CMSIS/Device/ST/STM32F0xx/Include -I../Drivers/CMSIS/Include -O0 -ffunction-sections -fdata-sections -Wall -fstack-usage -MMD -MP -MF"Core/Src/main.d" -MT"Core/Src/main.o" --specs=nano.specs -mfloat-abi=soft -mthumb -o "Core/Src/main.o"
../Core/Src/main.c: In function 'print_int':
../Core/Src/main.c:163:10: warning: pointer targets in passing argument 1 of 'sprintf' differ in signedness [-Wpointer-sign]
  163 |  sprintf(buffer, "%02d", _data);
      |          ^~~~~~
      |          |
      |          int8_t * {aka signed char *}
In file included from ../Core/Src/main.c:24:
c:\st\stm32cubeide_1.9.0\stm32cubeide\plugins\com.st.stm32cube.ide.mcu.externaltools.gnu-tools-for-stm32.10.3-2021.10.win32_1.0.0.202111181127\tools\arm-none-eabi\include\stdio.h:244:14: note: expected 'char * restrict' but argument is of type 'int8_t *' {aka 'signed char *'}
  244 | int sprintf (char *__restrict, const char *__restrict, ...)
      |              ^
../Core/Src/main.c: In function 'page_3_print':
../Core/Src/main.c:407:7: warning: unused variable 'buf' [-Wunused-variable]
  407 |  char buf[3];
      |       ^~~
../Core/Src/main.c: In function 'update_screen_data':
../Core/Src/main.c:559:3: warning: implicit declaration of function 'send_cmd' [-Wimplicit-function-declaration]
  559 |   send_cmd(data_reg.intensity,intensity);
      |   ^~~~~~~~
../Core/Src/main.c: At top level:
../Core/Src/main.c:616:6: warning: conflicting types for 'send_cmd'
  616 | void send_cmd(int8_t x, int8_t mode)
      |      ^~~~~~~~
../Core/Src/main.c:559:3: note: previous implicit declaration of 'send_cmd' was here
  559 |   send_cmd(data_reg.intensity,intensity);
      |   ^~~~~~~~
../Core/Src/main.c: In function 'main':
../Core/Src/main.c:1072:4: warning: implicit declaration of function 'clock_page' [-Wimplicit-function-declaration]
 1072 |    clock_page();
      |    ^~~~~~~~~~
../Core/Src/main.c:1073:4: warning: implicit declaration of function 'Total_Time_Print' [-Wimplicit-function-declaration]
 1073 |    Total_Time_Print(timer_intrupt);
      |    ^~~~~~~~~~~~~~~~
../Core/Src/main.c:842:10: warning: variable 'sns_status' set but not used [-Wunused-but-set-variable]
  842 |  uint8_t sns_status = 0;
      |          ^~~~~~~~~~
arm-none-eabi-gcc -o "ot_gesture_updated.elf" @"objects.list"   -mcpu=cortex-m0 -T"D:\production\final_ot_ges\ot_gesture_updated\STM32F030C8TX_FLASH.ld" --specs=nosys.specs -Wl,-Map="ot_gesture_updated.map" -Wl,--gc-sections -static --specs=nano.specs -mfloat-abi=soft -mthumb -Wl,--start-group -lc -lm -Wl,--end-group
Finished building target: ot_gesture_updated.elf
 
arm-none-eabi-size   ot_gesture_updated.elf 
arm-none-eabi-objdump -h -S  ot_gesture_updated.elf  > "ot_gesture_updated.list"
   text	   data	    bss	    dec	    hex	filename
  23496	    132	   1916	  25544	   63c8	ot_gesture_updated.elf
Finished building: default.size.stdout
 
Finished building: ot_gesture_updated.list
 
21:25:36 **** Incremental Build of configuration Debug for project ot_gesture_updated ****
make -j4 all 
arm-none-eabi-size   ot_gesture_updated.elf 
   text	   data	    bss	    dec	    hex	filename
  23496	    132	   1916	  25544	   63c8	ot_gesture_updated.elf
Finished building: default.size.stdout
 
21:36:51 **** Incremental Build of configuration Debug for project ot_gesture_updated ****
make -j4 all 
arm-none-eabi-gcc "../Core/Src/main.c" -mcpu=cortex-m0 -std=gnu11 -g3 -DDEBUG -DUSE_HAL_DRIVER -DSTM32F030x8 -c -I../Core/Inc -I../Drivers/STM32F0xx_HAL_Driver/Inc -I../Drivers/STM32F0xx_HAL_Driver/Inc/Legacy -I../Drivers/CMSIS/Device/ST/STM32F0xx/Include -I../Drivers/CMSIS/Include -O0 -ffunction-sections -fdata-sections -Wall -fstack-usage -MMD -MP -MF"Core/Src/main.d" -MT"Core/Src/main.o" --specs=nano.specs -mfloat-abi=soft -mthumb -o "Core/Src/main.o"
../Core/Src/main.c: In function 'print_int':
../Core/Src/main.c:163:10: warning: pointer targets in passing argument 1 of 'sprintf' differ in signedness [-Wpointer-sign]
  163 |  sprintf(buffer, "%02d", _data);
      |          ^~~~~~
      |          |
      |          int8_t * {aka signed char *}
In file included from ../Core/Src/main.c:24:
c:\st\stm32cubeide_1.9.0\stm32cubeide\plugins\com.st.stm32cube.ide.mcu.externaltools.gnu-tools-for-stm32.10.3-2021.10.win32_1.0.0.202111181127\tools\arm-none-eabi\include\stdio.h:244:14: note: expected 'char * restrict' but argument is of type 'int8_t *' {aka 'signed char *'}
  244 | int sprintf (char *__restrict, const char *__restrict, ...)
      |              ^
../Core/Src/main.c: In function 'page_3_print':
../Core/Src/main.c:407:7: warning: unused variable 'buf' [-Wunused-variable]
  407 |  char buf[3];
      |       ^~~
../Core/Src/main.c: In function 'update_screen_data':
../Core/Src/main.c:565:3: warning: implicit declaration of function 'send_cmd' [-Wimplicit-function-declaration]
  565 |   send_cmd(data_reg.intensity,intensity);
      |   ^~~~~~~~
../Core/Src/main.c: At top level:
../Core/Src/main.c:622:6: warning: conflicting types for 'send_cmd'
  622 | void send_cmd(int8_t x, int8_t mode)
      |      ^~~~~~~~
../Core/Src/main.c:565:3: note: previous implicit declaration of 'send_cmd' was here
  565 |   send_cmd(data_reg.intensity,intensity);
      |   ^~~~~~~~
../Core/Src/main.c: In function 'main':
../Core/Src/main.c:1078:4: warning: implicit declaration of function 'clock_page' [-Wimplicit-function-declaration]
 1078 |    clock_page();
      |    ^~~~~~~~~~
../Core/Src/main.c:1079:4: warning: implicit declaration of function 'Total_Time_Print' [-Wimplicit-function-declaration]
 1079 |    Total_Time_Print(timer_intrupt);
      |    ^~~~~~~~~~~~~~~~
../Core/Src/main.c:848:10: warning: variable 'sns_status' set but not used [-Wunused-but-set-variable]
  848 |  uint8_t sns_status = 0;
      |          ^~~~~~~~~~
arm-none-eabi-gcc -o "ot_gesture_updated.elf" @"objects.list"   -mcpu=cortex-m0 -T"D:\production\final_ot_ges\ot_gesture_updated\STM32F030C8TX_FLASH.ld" --specs=nosys.specs -Wl,-Map="ot_gesture_updated.map" -Wl,--gc-sections -static --specs=nano.specs -mfloat-abi=soft -mthumb -Wl,--start-group -lc -lm -Wl,--end-group
Finished building target: ot_gesture_updated.elf
 
arm-none-eabi-size   ot_gesture_updated.elf 
arm-none-eabi-objdump -h -S  ot_gesture_updated.elf  > "ot_gesture_updated.list"
   text	   data	    bss	    dec	    hex	filename
  23572	    132	   1916	  25620	   6414	ot_gesture_updated.elf
Finished building: default.size.stdout
 
Finished building: ot_gesture_updated.list
 
21:37:13 **** Incremental Build of configuration Debug for project ot_gesture_updated ****
make -j4 all 
arm-none-eabi-size   ot_gesture_updated.elf 
   text	   data	    bss	    dec	    hex	filename
  23572	    132	   1916	  25620	   6414	ot_gesture_updated.elf
Finished building: default.size.stdout
 
21:38:21 **** Incremental Build of configuration Debug for project ot_gesture_updated ****
make -j4 all 
arm-none-eabi-size   ot_gesture_updated.elf 
   text	   data	    bss	    dec	    hex	filename
  23572	    132	   1916	  25620	   6414	ot_gesture_updated.elf
Finished building: default.size.stdout
 
21:41:00 **** Incremental Build of configuration Debug for project ot_gesture_updated ****
make -j4 all 
arm-none-eabi-gcc "../Core/Src/main.c" -mcpu=cortex-m0 -std=gnu11 -g3 -DDEBUG -DUSE_HAL_DRIVER -DSTM32F030x8 -c -I../Core/Inc -I../Drivers/STM32F0xx_HAL_Driver/Inc -I../Drivers/STM32F0xx_HAL_Driver/Inc/Legacy -I../Drivers/CMSIS/Device/ST/STM32F0xx/Include -I../Drivers/CMSIS/Include -O0 -ffunction-sections -fdata-sections -Wall -fstack-usage -MMD -MP -MF"Core/Src/main.d" -MT"Core/Src/main.o" --specs=nano.specs -mfloat-abi=soft -mthumb -o "Core/Src/main.o"
../Core/Src/main.c: In function 'print_int':
../Core/Src/main.c:163:10: warning: pointer targets in passing argument 1 of 'sprintf' differ in signedness [-Wpointer-sign]
  163 |  sprintf(buffer, "%02d", _data);
      |          ^~~~~~
      |          |
      |          int8_t * {aka signed char *}
In file included from ../Core/Src/main.c:24:
c:\st\stm32cubeide_1.9.0\stm32cubeide\plugins\com.st.stm32cube.ide.mcu.externaltools.gnu-tools-for-stm32.10.3-2021.10.win32_1.0.0.202111181127\tools\arm-none-eabi\include\stdio.h:244:14: note: expected 'char * restrict' but argument is of type 'int8_t *' {aka 'signed char *'}
  244 | int sprintf (char *__restrict, const char *__restrict, ...)
      |              ^
../Core/Src/main.c: In function 'page_3_print':
../Core/Src/main.c:407:7: warning: unused variable 'buf' [-Wunused-variable]
  407 |  char buf[3];
      |       ^~~
../Core/Src/main.c: In function 'update_screen_data':
../Core/Src/main.c:575:3: warning: implicit declaration of function 'send_cmd' [-Wimplicit-function-declaration]
  575 |   send_cmd(data_reg.intensity,intensity);
      |   ^~~~~~~~
../Core/Src/main.c: At top level:
../Core/Src/main.c:632:6: warning: conflicting types for 'send_cmd'
  632 | void send_cmd(int8_t x, int8_t mode)
      |      ^~~~~~~~
../Core/Src/main.c:575:3: note: previous implicit declaration of 'send_cmd' was here
  575 |   send_cmd(data_reg.intensity,intensity);
      |   ^~~~~~~~
../Core/Src/main.c: In function 'main':
../Core/Src/main.c:1088:4: warning: implicit declaration of function 'clock_page' [-Wimplicit-function-declaration]
 1088 |    clock_page();
      |    ^~~~~~~~~~
../Core/Src/main.c:1089:4: warning: implicit declaration of function 'Total_Time_Print' [-Wimplicit-function-declaration]
 1089 |    Total_Time_Print(timer_intrupt);
      |    ^~~~~~~~~~~~~~~~
../Core/Src/main.c:858:10: warning: variable 'sns_status' set but not used [-Wunused-but-set-variable]
  858 |  uint8_t sns_status = 0;
      |          ^~~~~~~~~~
arm-none-eabi-gcc -o "ot_gesture_updated.elf" @"objects.list"   -mcpu=cortex-m0 -T"D:\production\final_ot_ges\ot_gesture_updated\STM32F030C8TX_FLASH.ld" --specs=nosys.specs -Wl,-Map="ot_gesture_updated.map" -Wl,--gc-sections -static --specs=nano.specs -mfloat-abi=soft -mthumb -Wl,--start-group -lc -lm -Wl,--end-group
Finished building target: ot_gesture_updated.elf
 
arm-none-eabi-size   ot_gesture_updated.elf 
arm-none-eabi-objdump -h -S  ot_gesture_updated.elf  > "ot_gesture_updated.list"
   text	   data	    bss	    dec	    hex	filename
  23664	    132	   1916	  25712	   6470	ot_gesture_updated.elf
Finished building: default.size.stdout
 
Finished building: ot_gesture_updated.list
 
21:42:56 **** Incremental Build of configuration Debug for project ot_gesture_updated ****
make -j4 all 
arm-none-eabi-gcc "../Core/Src/main.c" -mcpu=cortex-m0 -std=gnu11 -g3 -DDEBUG -DUSE_HAL_DRIVER -DSTM32F030x8 -c -I../Core/Inc -I../Drivers/STM32F0xx_HAL_Driver/Inc -I../Drivers/STM32F0xx_HAL_Driver/Inc/Legacy -I../Drivers/CMSIS/Device/ST/STM32F0xx/Include -I../Drivers/CMSIS/Include -O0 -ffunction-sections -fdata-sections -Wall -fstack-usage -MMD -MP -MF"Core/Src/main.d" -MT"Core/Src/main.o" --specs=nano.specs -mfloat-abi=soft -mthumb -o "Core/Src/main.o"
../Core/Src/main.c: In function 'print_int':
../Core/Src/main.c:163:10: warning: pointer targets in passing argument 1 of 'sprintf' differ in signedness [-Wpointer-sign]
  163 |  sprintf(buffer, "%02d", _data);
      |          ^~~~~~
      |          |
      |          int8_t * {aka signed char *}
In file included from ../Core/Src/main.c:24:
c:\st\stm32cubeide_1.9.0\stm32cubeide\plugins\com.st.stm32cube.ide.mcu.externaltools.gnu-tools-for-stm32.10.3-2021.10.win32_1.0.0.202111181127\tools\arm-none-eabi\include\stdio.h:244:14: note: expected 'char * restrict' but argument is of type 'int8_t *' {aka 'signed char *'}
  244 | int sprintf (char *__restrict, const char *__restrict, ...)
      |              ^
../Core/Src/main.c: In function 'page_3_print':
../Core/Src/main.c:407:7: warning: unused variable 'buf' [-Wunused-variable]
  407 |  char buf[3];
      |       ^~~
../Core/Src/main.c: In function 'update_screen_data':
../Core/Src/main.c:577:3: warning: implicit declaration of function 'send_cmd' [-Wimplicit-function-declaration]
  577 |   send_cmd(data_reg.intensity,intensity);
      |   ^~~~~~~~
../Core/Src/main.c: At top level:
../Core/Src/main.c:634:6: warning: conflicting types for 'send_cmd'
  634 | void send_cmd(int8_t x, int8_t mode)
      |      ^~~~~~~~
../Core/Src/main.c:577:3: note: previous implicit declaration of 'send_cmd' was here
  577 |   send_cmd(data_reg.intensity,intensity);
      |   ^~~~~~~~
../Core/Src/main.c: In function 'main':
../Core/Src/main.c:1090:4: warning: implicit declaration of function 'clock_page' [-Wimplicit-function-declaration]
 1090 |    clock_page();
      |    ^~~~~~~~~~
../Core/Src/main.c:1091:4: warning: implicit declaration of function 'Total_Time_Print' [-Wimplicit-function-declaration]
 1091 |    Total_Time_Print(timer_intrupt);
      |    ^~~~~~~~~~~~~~~~
../Core/Src/main.c:860:10: warning: variable 'sns_status' set but not used [-Wunused-but-set-variable]
  860 |  uint8_t sns_status = 0;
      |          ^~~~~~~~~~
arm-none-eabi-gcc -o "ot_gesture_updated.elf" @"objects.list"   -mcpu=cortex-m0 -T"D:\production\final_ot_ges\ot_gesture_updated\STM32F030C8TX_FLASH.ld" --specs=nosys.specs -Wl,-Map="ot_gesture_updated.map" -Wl,--gc-sections -static --specs=nano.specs -mfloat-abi=soft -mthumb -Wl,--start-group -lc -lm -Wl,--end-group
Finished building target: ot_gesture_updated.elf
 
arm-none-eabi-size   ot_gesture_updated.elf 
arm-none-eabi-objdump -h -S  ot_gesture_updated.elf  > "ot_gesture_updated.list"
   text	   data	    bss	    dec	    hex	filename
  23648	    132	   1916	  25696	   6460	ot_gesture_updated.elf
Finished building: default.size.stdout
 
Finished building: ot_gesture_updated.list
 
21:44:15 **** Incremental Build of configuration Debug for project ot_gesture_updated ****
make -j4 all 
arm-none-eabi-gcc "../Core/Src/main.c" -mcpu=cortex-m0 -std=gnu11 -g3 -DDEBUG -DUSE_HAL_DRIVER -DSTM32F030x8 -c -I../Core/Inc -I../Drivers/STM32F0xx_HAL_Driver/Inc -I../Drivers/STM32F0xx_HAL_Driver/Inc/Legacy -I../Drivers/CMSIS/Device/ST/STM32F0xx/Include -I../Drivers/CMSIS/Include -O0 -ffunction-sections -fdata-sections -Wall -fstack-usage -MMD -MP -MF"Core/Src/main.d" -MT"Core/Src/main.o" --specs=nano.specs -mfloat-abi=soft -mthumb -o "Core/Src/main.o"
../Core/Src/main.c: In function 'print_int':
../Core/Src/main.c:163:10: warning: pointer targets in passing argument 1 of 'sprintf' differ in signedness [-Wpointer-sign]
  163 |  sprintf(buffer, "%02d", _data);
      |          ^~~~~~
      |          |
      |          int8_t * {aka signed char *}
In file included from ../Core/Src/main.c:24:
c:\st\stm32cubeide_1.9.0\stm32cubeide\plugins\com.st.stm32cube.ide.mcu.externaltools.gnu-tools-for-stm32.10.3-2021.10.win32_1.0.0.202111181127\tools\arm-none-eabi\include\stdio.h:244:14: note: expected 'char * restrict' but argument is of type 'int8_t *' {aka 'signed char *'}
  244 | int sprintf (char *__restrict, const char *__restrict, ...)
      |              ^
../Core/Src/main.c: In function 'page_3_print':
../Core/Src/main.c:407:7: warning: unused variable 'buf' [-Wunused-variable]
  407 |  char buf[3];
      |       ^~~
../Core/Src/main.c: In function 'update_screen_data':
../Core/Src/main.c:577:3: warning: implicit declaration of function 'send_cmd' [-Wimplicit-function-declaration]
  577 |   send_cmd(data_reg.intensity,intensity);
      |   ^~~~~~~~
../Core/Src/main.c: At top level:
../Core/Src/main.c:634:6: warning: conflicting types for 'send_cmd'
  634 | void send_cmd(int8_t x, int8_t mode)
      |      ^~~~~~~~
../Core/Src/main.c:577:3: note: previous implicit declaration of 'send_cmd' was here
  577 |   send_cmd(data_reg.intensity,intensity);
      |   ^~~~~~~~
../Core/Src/main.c: In function 'main':
../Core/Src/main.c:1090:4: warning: implicit declaration of function 'clock_page' [-Wimplicit-function-declaration]
 1090 |    clock_page();
      |    ^~~~~~~~~~
../Core/Src/main.c:1091:4: warning: implicit declaration of function 'Total_Time_Print' [-Wimplicit-function-declaration]
 1091 |    Total_Time_Print(timer_intrupt);
      |    ^~~~~~~~~~~~~~~~
../Core/Src/main.c:860:10: warning: variable 'sns_status' set but not used [-Wunused-but-set-variable]
  860 |  uint8_t sns_status = 0;
      |          ^~~~~~~~~~
arm-none-eabi-gcc -o "ot_gesture_updated.elf" @"objects.list"   -mcpu=cortex-m0 -T"D:\production\final_ot_ges\ot_gesture_updated\STM32F030C8TX_FLASH.ld" --specs=nosys.specs -Wl,-Map="ot_gesture_updated.map" -Wl,--gc-sections -static --specs=nano.specs -mfloat-abi=soft -mthumb -Wl,--start-group -lc -lm -Wl,--end-group
Finished building target: ot_gesture_updated.elf
 
arm-none-eabi-size   ot_gesture_updated.elf 
arm-none-eabi-objdump -h -S  ot_gesture_updated.elf  > "ot_gesture_updated.list"
   text	   data	    bss	    dec	    hex	filename
  23648	    132	   1916	  25696	   6460	ot_gesture_updated.elf
Finished building: default.size.stdout
 
Finished building: ot_gesture_updated.list
 
21:46:08 **** Incremental Build of configuration Debug for project ot_gesture_updated ****
make -j4 all 
arm-none-eabi-gcc "../Core/Src/main.c" -mcpu=cortex-m0 -std=gnu11 -g3 -DDEBUG -DUSE_HAL_DRIVER -DSTM32F030x8 -c -I../Core/Inc -I../Drivers/STM32F0xx_HAL_Driver/Inc -I../Drivers/STM32F0xx_HAL_Driver/Inc/Legacy -I../Drivers/CMSIS/Device/ST/STM32F0xx/Include -I../Drivers/CMSIS/Include -O0 -ffunction-sections -fdata-sections -Wall -fstack-usage -MMD -MP -MF"Core/Src/main.d" -MT"Core/Src/main.o" --specs=nano.specs -mfloat-abi=soft -mthumb -o "Core/Src/main.o"
../Core/Src/main.c: In function 'print_int':
../Core/Src/main.c:163:10: warning: pointer targets in passing argument 1 of 'sprintf' differ in signedness [-Wpointer-sign]
  163 |  sprintf(buffer, "%02d", _data);
      |          ^~~~~~
      |          |
      |          int8_t * {aka signed char *}
In file included from ../Core/Src/main.c:24:
c:\st\stm32cubeide_1.9.0\stm32cubeide\plugins\com.st.stm32cube.ide.mcu.externaltools.gnu-tools-for-stm32.10.3-2021.10.win32_1.0.0.202111181127\tools\arm-none-eabi\include\stdio.h:244:14: note: expected 'char * restrict' but argument is of type 'int8_t *' {aka 'signed char *'}
  244 | int sprintf (char *__restrict, const char *__restrict, ...)
      |              ^
../Core/Src/main.c: In function 'page_3_print':
../Core/Src/main.c:407:7: warning: unused variable 'buf' [-Wunused-variable]
  407 |  char buf[3];
      |       ^~~
../Core/Src/main.c: In function 'update_screen_data':
../Core/Src/main.c:578:3: warning: implicit declaration of function 'send_cmd' [-Wimplicit-function-declaration]
  578 |   send_cmd(data_reg.intensity,intensity);
      |   ^~~~~~~~
../Core/Src/main.c: At top level:
../Core/Src/main.c:635:6: warning: conflicting types for 'send_cmd'
  635 | void send_cmd(int8_t x, int8_t mode)
      |      ^~~~~~~~
../Core/Src/main.c:578:3: note: previous implicit declaration of 'send_cmd' was here
  578 |   send_cmd(data_reg.intensity,intensity);
      |   ^~~~~~~~
../Core/Src/main.c: In function 'main':
../Core/Src/main.c:1091:4: warning: implicit declaration of function 'clock_page' [-Wimplicit-function-declaration]
 1091 |    clock_page();
      |    ^~~~~~~~~~
../Core/Src/main.c:1092:4: warning: implicit declaration of function 'Total_Time_Print' [-Wimplicit-function-declaration]
 1092 |    Total_Time_Print(timer_intrupt);
      |    ^~~~~~~~~~~~~~~~
../Core/Src/main.c:861:10: warning: variable 'sns_status' set but not used [-Wunused-but-set-variable]
  861 |  uint8_t sns_status = 0;
      |          ^~~~~~~~~~
arm-none-eabi-gcc -o "ot_gesture_updated.elf" @"objects.list"   -mcpu=cortex-m0 -T"D:\production\final_ot_ges\ot_gesture_updated\STM32F030C8TX_FLASH.ld" --specs=nosys.specs -Wl,-Map="ot_gesture_updated.map" -Wl,--gc-sections -static --specs=nano.specs -mfloat-abi=soft -mthumb -Wl,--start-group -lc -lm -Wl,--end-group
Finished building target: ot_gesture_updated.elf
 
arm-none-eabi-size   ot_gesture_updated.elf 
arm-none-eabi-objdump -h -S  ot_gesture_updated.elf  > "ot_gesture_updated.list"
   text	   data	    bss	    dec	    hex	filename
  23652	    132	   1916	  25700	   6464	ot_gesture_updated.elf
Finished building: default.size.stdout
 
Finished building: ot_gesture_updated.list
 
21:49:07 **** Incremental Build of configuration Debug for project ot_gesture_updated ****
make -j4 all 
arm-none-eabi-gcc "../Core/Src/main.c" -mcpu=cortex-m0 -std=gnu11 -g3 -DDEBUG -DUSE_HAL_DRIVER -DSTM32F030x8 -c -I../Core/Inc -I../Drivers/STM32F0xx_HAL_Driver/Inc -I../Drivers/STM32F0xx_HAL_Driver/Inc/Legacy -I../Drivers/CMSIS/Device/ST/STM32F0xx/Include -I../Drivers/CMSIS/Include -O0 -ffunction-sections -fdata-sections -Wall -fstack-usage -MMD -MP -MF"Core/Src/main.d" -MT"Core/Src/main.o" --specs=nano.specs -mfloat-abi=soft -mthumb -o "Core/Src/main.o"
../Core/Src/main.c: In function 'print_int':
../Core/Src/main.c:163:10: warning: pointer targets in passing argument 1 of 'sprintf' differ in signedness [-Wpointer-sign]
  163 |  sprintf(buffer, "%02d", _data);
      |          ^~~~~~
      |          |
      |          int8_t * {aka signed char *}
In file included from ../Core/Src/main.c:24:
c:\st\stm32cubeide_1.9.0\stm32cubeide\plugins\com.st.stm32cube.ide.mcu.externaltools.gnu-tools-for-stm32.10.3-2021.10.win32_1.0.0.202111181127\tools\arm-none-eabi\include\stdio.h:244:14: note: expected 'char * restrict' but argument is of type 'int8_t *' {aka 'signed char *'}
  244 | int sprintf (char *__restrict, const char *__restrict, ...)
      |              ^
../Core/Src/main.c: In function 'page_3_print':
../Core/Src/main.c:407:7: warning: unused variable 'buf' [-Wunused-variable]
  407 |  char buf[3];
      |       ^~~
../Core/Src/main.c: In function 'update_screen_data':
../Core/Src/main.c:581:3: warning: implicit declaration of function 'send_cmd' [-Wimplicit-function-declaration]
  581 |   send_cmd(data_reg.intensity,intensity);
      |   ^~~~~~~~
../Core/Src/main.c: At top level:
../Core/Src/main.c:638:6: warning: conflicting types for 'send_cmd'
  638 | void send_cmd(int8_t x, int8_t mode)
      |      ^~~~~~~~
../Core/Src/main.c:581:3: note: previous implicit declaration of 'send_cmd' was here
  581 |   send_cmd(data_reg.intensity,intensity);
      |   ^~~~~~~~
../Core/Src/main.c: In function 'main':
../Core/Src/main.c:1094:4: warning: implicit declaration of function 'clock_page' [-Wimplicit-function-declaration]
 1094 |    clock_page();
      |    ^~~~~~~~~~
../Core/Src/main.c:1095:4: warning: implicit declaration of function 'Total_Time_Print' [-Wimplicit-function-declaration]
 1095 |    Total_Time_Print(timer_intrupt);
      |    ^~~~~~~~~~~~~~~~
../Core/Src/main.c:864:10: warning: variable 'sns_status' set but not used [-Wunused-but-set-variable]
  864 |  uint8_t sns_status = 0;
      |          ^~~~~~~~~~
arm-none-eabi-gcc -o "ot_gesture_updated.elf" @"objects.list"   -mcpu=cortex-m0 -T"D:\production\final_ot_ges\ot_gesture_updated\STM32F030C8TX_FLASH.ld" --specs=nosys.specs -Wl,-Map="ot_gesture_updated.map" -Wl,--gc-sections -static --specs=nano.specs -mfloat-abi=soft -mthumb -Wl,--start-group -lc -lm -Wl,--end-group
Finished building target: ot_gesture_updated.elf
 
arm-none-eabi-size   ot_gesture_updated.elf 
arm-none-eabi-objdump -h -S  ot_gesture_updated.elf  > "ot_gesture_updated.list"
   text	   data	    bss	    dec	    hex	filename
  23680	    132	   1916	  25728	   6480	ot_gesture_updated.elf
Finished building: default.size.stdout
 
Finished building: ot_gesture_updated.list
 
00:13:03 **** Incremental Build of configuration Debug for project ot_gesture_updated ****
make -j4 all 
arm-none-eabi-gcc "../Core/Src/main.c" -mcpu=cortex-m0 -std=gnu11 -g3 -DDEBUG -DUSE_HAL_DRIVER -DSTM32F030x8 -c -I../Core/Inc -I../Drivers/STM32F0xx_HAL_Driver/Inc -I../Drivers/STM32F0xx_HAL_Driver/Inc/Legacy -I../Drivers/CMSIS/Device/ST/STM32F0xx/Include -I../Drivers/CMSIS/Include -O0 -ffunction-sections -fdata-sections -Wall -fstack-usage -MMD -MP -MF"Core/Src/main.d" -MT"Core/Src/main.o" --specs=nano.specs -mfloat-abi=soft -mthumb -o "Core/Src/main.o"
../Core/Src/main.c: In function 'print_int':
../Core/Src/main.c:163:10: warning: pointer targets in passing argument 1 of 'sprintf' differ in signedness [-Wpointer-sign]
  163 |  sprintf(buffer, "%02d", _data);
      |          ^~~~~~
      |          |
      |          int8_t * {aka signed char *}
In file included from ../Core/Src/main.c:24:
c:\st\stm32cubeide_1.9.0\stm32cubeide\plugins\com.st.stm32cube.ide.mcu.externaltools.gnu-tools-for-stm32.10.3-2021.10.win32_1.0.0.202111181127\tools\arm-none-eabi\include\stdio.h:244:14: note: expected 'char * restrict' but argument is of type 'int8_t *' {aka 'signed char *'}
  244 | int sprintf (char *__restrict, const char *__restrict, ...)
      |              ^
../Core/Src/main.c: In function 'page_3_print':
../Core/Src/main.c:407:7: warning: unused variable 'buf' [-Wunused-variable]
  407 |  char buf[3];
      |       ^~~
../Core/Src/main.c: In function 'update_screen_data':
../Core/Src/main.c:581:3: warning: implicit declaration of function 'send_cmd' [-Wimplicit-function-declaration]
  581 |   send_cmd(data_reg.intensity,intensity);
      |   ^~~~~~~~
../Core/Src/main.c: At top level:
../Core/Src/main.c:638:6: warning: conflicting types for 'send_cmd'
  638 | void send_cmd(int8_t x, int8_t mode)
      |      ^~~~~~~~
../Core/Src/main.c:581:3: note: previous implicit declaration of 'send_cmd' was here
  581 |   send_cmd(data_reg.intensity,intensity);
      |   ^~~~~~~~
../Core/Src/main.c: In function 'main':
../Core/Src/main.c:1102:4: warning: implicit declaration of function 'clock_page' [-Wimplicit-function-declaration]
 1102 |    clock_page();
      |    ^~~~~~~~~~
../Core/Src/main.c:1103:4: warning: implicit declaration of function 'Total_Time_Print' [-Wimplicit-function-declaration]
 1103 |    Total_Time_Print(timer_intrupt);
      |    ^~~~~~~~~~~~~~~~
../Core/Src/main.c:864:10: warning: variable 'sns_status' set but not used [-Wunused-but-set-variable]
  864 |  uint8_t sns_status = 0;
      |          ^~~~~~~~~~
arm-none-eabi-gcc -o "ot_gesture_updated.elf" @"objects.list"   -mcpu=cortex-m0 -T"D:\production\final_ot_ges\ot_gesture_updated\STM32F030C8TX_FLASH.ld" --specs=nosys.specs -Wl,-Map="ot_gesture_updated.map" -Wl,--gc-sections -static --specs=nano.specs -mfloat-abi=soft -mthumb -Wl,--start-group -lc -lm -Wl,--end-group
Finished building target: ot_gesture_updated.elf
 
arm-none-eabi-size   ot_gesture_updated.elf 
arm-none-eabi-objdump -h -S  ot_gesture_updated.elf  > "ot_gesture_updated.list"
   text	   data	    bss	    dec	    hex	filename
  23680	    132	   1916	  25728	   6480	ot_gesture_updated.elf
Finished building: default.size.stdout
 
Finished building: ot_gesture_updated.list
 
00:15:33 **** Incremental Build of configuration Debug for project ot_gesture_updated ****
make -j4 all 
arm-none-eabi-gcc "../Core/Src/main.c" -mcpu=cortex-m0 -std=gnu11 -g3 -DDEBUG -DUSE_HAL_DRIVER -DSTM32F030x8 -c -I../Core/Inc -I../Drivers/STM32F0xx_HAL_Driver/Inc -I../Drivers/STM32F0xx_HAL_Driver/Inc/Legacy -I../Drivers/CMSIS/Device/ST/STM32F0xx/Include -I../Drivers/CMSIS/Include -O0 -ffunction-sections -fdata-sections -Wall -fstack-usage -MMD -MP -MF"Core/Src/main.d" -MT"Core/Src/main.o" --specs=nano.specs -mfloat-abi=soft -mthumb -o "Core/Src/main.o"
../Core/Src/main.c: In function 'print_int':
../Core/Src/main.c:163:10: warning: pointer targets in passing argument 1 of 'sprintf' differ in signedness [-Wpointer-sign]
  163 |  sprintf(buffer, "%02d", _data);
      |          ^~~~~~
      |          |
      |          int8_t * {aka signed char *}
In file included from ../Core/Src/main.c:24:
c:\st\stm32cubeide_1.9.0\stm32cubeide\plugins\com.st.stm32cube.ide.mcu.externaltools.gnu-tools-for-stm32.10.3-2021.10.win32_1.0.0.202111181127\tools\arm-none-eabi\include\stdio.h:244:14: note: expected 'char * restrict' but argument is of type 'int8_t *' {aka 'signed char *'}
  244 | int sprintf (char *__restrict, const char *__restrict, ...)
      |              ^
../Core/Src/main.c: In function 'page_3_print':
../Core/Src/main.c:407:7: warning: unused variable 'buf' [-Wunused-variable]
  407 |  char buf[3];
      |       ^~~
../Core/Src/main.c: In function 'update_screen_data':
../Core/Src/main.c:584:3: warning: implicit declaration of function 'send_cmd' [-Wimplicit-function-declaration]
  584 |   send_cmd(data_reg.intensity,intensity);
      |   ^~~~~~~~
../Core/Src/main.c: At top level:
../Core/Src/main.c:641:6: warning: conflicting types for 'send_cmd'
  641 | void send_cmd(int8_t x, int8_t mode)
      |      ^~~~~~~~
../Core/Src/main.c:584:3: note: previous implicit declaration of 'send_cmd' was here
  584 |   send_cmd(data_reg.intensity,intensity);
      |   ^~~~~~~~
../Core/Src/main.c: In function 'main':
../Core/Src/main.c:1105:4: warning: implicit declaration of function 'clock_page' [-Wimplicit-function-declaration]
 1105 |    clock_page();
      |    ^~~~~~~~~~
../Core/Src/main.c:1106:4: warning: implicit declaration of function 'Total_Time_Print' [-Wimplicit-function-declaration]
 1106 |    Total_Time_Print(timer_intrupt);
      |    ^~~~~~~~~~~~~~~~
../Core/Src/main.c:867:10: warning: variable 'sns_status' set but not used [-Wunused-but-set-variable]
  867 |  uint8_t sns_status = 0;
      |          ^~~~~~~~~~
arm-none-eabi-gcc -o "ot_gesture_updated.elf" @"objects.list"   -mcpu=cortex-m0 -T"D:\production\final_ot_ges\ot_gesture_updated\STM32F030C8TX_FLASH.ld" --specs=nosys.specs -Wl,-Map="ot_gesture_updated.map" -Wl,--gc-sections -static --specs=nano.specs -mfloat-abi=soft -mthumb -Wl,--start-group -lc -lm -Wl,--end-group
Finished building target: ot_gesture_updated.elf
 
arm-none-eabi-size   ot_gesture_updated.elf 
arm-none-eabi-objdump -h -S  ot_gesture_updated.elf  > "ot_gesture_updated.list"
   text	   data	    bss	    dec	    hex	filename
  23692	    132	   1916	  25740	   648c	ot_gesture_updated.elf
Finished building: default.size.stdout
 
Finished building: ot_gesture_updated.list
 
00:17:02 **** Incremental Build of configuration Debug for project ot_gesture_updated ****
make -j4 all 
arm-none-eabi-gcc "../Core/Src/main.c" -mcpu=cortex-m0 -std=gnu11 -g3 -DDEBUG -DUSE_HAL_DRIVER -DSTM32F030x8 -c -I../Core/Inc -I../Drivers/STM32F0xx_HAL_Driver/Inc -I../Drivers/STM32F0xx_HAL_Driver/Inc/Legacy -I../Drivers/CMSIS/Device/ST/STM32F0xx/Include -I../Drivers/CMSIS/Include -O0 -ffunction-sections -fdata-sections -Wall -fstack-usage -MMD -MP -MF"Core/Src/main.d" -MT"Core/Src/main.o" --specs=nano.specs -mfloat-abi=soft -mthumb -o "Core/Src/main.o"
../Core/Src/main.c: In function 'print_int':
../Core/Src/main.c:163:10: warning: pointer targets in passing argument 1 of 'sprintf' differ in signedness [-Wpointer-sign]
  163 |  sprintf(buffer, "%02d", _data);
      |          ^~~~~~
      |          |
      |          int8_t * {aka signed char *}
In file included from ../Core/Src/main.c:24:
c:\st\stm32cubeide_1.9.0\stm32cubeide\plugins\com.st.stm32cube.ide.mcu.externaltools.gnu-tools-for-stm32.10.3-2021.10.win32_1.0.0.202111181127\tools\arm-none-eabi\include\stdio.h:244:14: note: expected 'char * restrict' but argument is of type 'int8_t *' {aka 'signed char *'}
  244 | int sprintf (char *__restrict, const char *__restrict, ...)
      |              ^
../Core/Src/main.c: In function 'page_3_print':
../Core/Src/main.c:407:7: warning: unused variable 'buf' [-Wunused-variable]
  407 |  char buf[3];
      |       ^~~
../Core/Src/main.c: In function 'update_screen_data':
../Core/Src/main.c:584:3: warning: implicit declaration of function 'send_cmd' [-Wimplicit-function-declaration]
  584 |   send_cmd(data_reg.intensity,intensity);
      |   ^~~~~~~~
../Core/Src/main.c: At top level:
../Core/Src/main.c:641:6: warning: conflicting types for 'send_cmd'
  641 | void send_cmd(int8_t x, int8_t mode)
      |      ^~~~~~~~
../Core/Src/main.c:584:3: note: previous implicit declaration of 'send_cmd' was here
  584 |   send_cmd(data_reg.intensity,intensity);
      |   ^~~~~~~~
../Core/Src/main.c: In function 'main':
../Core/Src/main.c:1105:4: warning: implicit declaration of function 'clock_page' [-Wimplicit-function-declaration]
 1105 |    clock_page();
      |    ^~~~~~~~~~
../Core/Src/main.c:1106:4: warning: implicit declaration of function 'Total_Time_Print' [-Wimplicit-function-declaration]
 1106 |    Total_Time_Print(timer_intrupt);
      |    ^~~~~~~~~~~~~~~~
../Core/Src/main.c:867:10: warning: variable 'sns_status' set but not used [-Wunused-but-set-variable]
  867 |  uint8_t sns_status = 0;
      |          ^~~~~~~~~~
arm-none-eabi-gcc -o "ot_gesture_updated.elf" @"objects.list"   -mcpu=cortex-m0 -T"D:\production\final_ot_ges\ot_gesture_updated\STM32F030C8TX_FLASH.ld" --specs=nosys.specs -Wl,-Map="ot_gesture_updated.map" -Wl,--gc-sections -static --specs=nano.specs -mfloat-abi=soft -mthumb -Wl,--start-group -lc -lm -Wl,--end-group
Finished building target: ot_gesture_updated.elf
 
arm-none-eabi-size   ot_gesture_updated.elf 
arm-none-eabi-objdump -h -S  ot_gesture_updated.elf  > "ot_gesture_updated.list"
   text	   data	    bss	    dec	    hex	filename
  23700	    132	   1916	  25748	   6494	ot_gesture_updated.elf
Finished building: default.size.stdout
 
Finished building: ot_gesture_updated.list
 
00:18:35 **** Incremental Build of configuration Debug for project ot_gesture_updated ****
make -j4 all 
arm-none-eabi-gcc "../Core/Src/main.c" -mcpu=cortex-m0 -std=gnu11 -g3 -DDEBUG -DUSE_HAL_DRIVER -DSTM32F030x8 -c -I../Core/Inc -I../Drivers/STM32F0xx_HAL_Driver/Inc -I../Drivers/STM32F0xx_HAL_Driver/Inc/Legacy -I../Drivers/CMSIS/Device/ST/STM32F0xx/Include -I../Drivers/CMSIS/Include -O0 -ffunction-sections -fdata-sections -Wall -fstack-usage -MMD -MP -MF"Core/Src/main.d" -MT"Core/Src/main.o" --specs=nano.specs -mfloat-abi=soft -mthumb -o "Core/Src/main.o"
../Core/Src/main.c: In function 'print_int':
../Core/Src/main.c:163:10: warning: pointer targets in passing argument 1 of 'sprintf' differ in signedness [-Wpointer-sign]
  163 |  sprintf(buffer, "%02d", _data);
      |          ^~~~~~
      |          |
      |          int8_t * {aka signed char *}
In file included from ../Core/Src/main.c:24:
c:\st\stm32cubeide_1.9.0\stm32cubeide\plugins\com.st.stm32cube.ide.mcu.externaltools.gnu-tools-for-stm32.10.3-2021.10.win32_1.0.0.202111181127\tools\arm-none-eabi\include\stdio.h:244:14: note: expected 'char * restrict' but argument is of type 'int8_t *' {aka 'signed char *'}
  244 | int sprintf (char *__restrict, const char *__restrict, ...)
      |              ^
../Core/Src/main.c: In function 'page_3_print':
../Core/Src/main.c:407:7: warning: unused variable 'buf' [-Wunused-variable]
  407 |  char buf[3];
      |       ^~~
../Core/Src/main.c: In function 'update_screen_data':
../Core/Src/main.c:584:3: warning: implicit declaration of function 'send_cmd' [-Wimplicit-function-declaration]
  584 |   send_cmd(data_reg.intensity,intensity);
      |   ^~~~~~~~
../Core/Src/main.c: At top level:
../Core/Src/main.c:641:6: warning: conflicting types for 'send_cmd'
  641 | void send_cmd(int8_t x, int8_t mode)
      |      ^~~~~~~~
../Core/Src/main.c:584:3: note: previous implicit declaration of 'send_cmd' was here
  584 |   send_cmd(data_reg.intensity,intensity);
      |   ^~~~~~~~
../Core/Src/main.c: In function 'main':
../Core/Src/main.c:1105:4: warning: implicit declaration of function 'clock_page' [-Wimplicit-function-declaration]
 1105 |    clock_page();
      |    ^~~~~~~~~~
../Core/Src/main.c:1106:4: warning: implicit declaration of function 'Total_Time_Print' [-Wimplicit-function-declaration]
 1106 |    Total_Time_Print(timer_intrupt);
      |    ^~~~~~~~~~~~~~~~
../Core/Src/main.c:867:10: warning: variable 'sns_status' set but not used [-Wunused-but-set-variable]
  867 |  uint8_t sns_status = 0;
      |          ^~~~~~~~~~
arm-none-eabi-gcc -o "ot_gesture_updated.elf" @"objects.list"   -mcpu=cortex-m0 -T"D:\production\final_ot_ges\ot_gesture_updated\STM32F030C8TX_FLASH.ld" --specs=nosys.specs -Wl,-Map="ot_gesture_updated.map" -Wl,--gc-sections -static --specs=nano.specs -mfloat-abi=soft -mthumb -Wl,--start-group -lc -lm -Wl,--end-group
Finished building target: ot_gesture_updated.elf
 
arm-none-eabi-size   ot_gesture_updated.elf 
arm-none-eabi-objdump -h -S  ot_gesture_updated.elf  > "ot_gesture_updated.list"
   text	   data	    bss	    dec	    hex	filename
  23700	    132	   1916	  25748	   6494	ot_gesture_updated.elf
Finished building: default.size.stdout
 
Finished building: ot_gesture_updated.list
 
00:20:17 **** Incremental Build of configuration Debug for project ot_gesture_updated ****
make -j4 all 
arm-none-eabi-gcc "../Core/Src/main.c" -mcpu=cortex-m0 -std=gnu11 -g3 -DDEBUG -DUSE_HAL_DRIVER -DSTM32F030x8 -c -I../Core/Inc -I../Drivers/STM32F0xx_HAL_Driver/Inc -I../Drivers/STM32F0xx_HAL_Driver/Inc/Legacy -I../Drivers/CMSIS/Device/ST/STM32F0xx/Include -I../Drivers/CMSIS/Include -O0 -ffunction-sections -fdata-sections -Wall -fstack-usage -MMD -MP -MF"Core/Src/main.d" -MT"Core/Src/main.o" --specs=nano.specs -mfloat-abi=soft -mthumb -o "Core/Src/main.o"
../Core/Src/main.c: In function 'print_int':
../Core/Src/main.c:163:10: warning: pointer targets in passing argument 1 of 'sprintf' differ in signedness [-Wpointer-sign]
  163 |  sprintf(buffer, "%02d", _data);
      |          ^~~~~~
      |          |
      |          int8_t * {aka signed char *}
In file included from ../Core/Src/main.c:24:
c:\st\stm32cubeide_1.9.0\stm32cubeide\plugins\com.st.stm32cube.ide.mcu.externaltools.gnu-tools-for-stm32.10.3-2021.10.win32_1.0.0.202111181127\tools\arm-none-eabi\include\stdio.h:244:14: note: expected 'char * restrict' but argument is of type 'int8_t *' {aka 'signed char *'}
  244 | int sprintf (char *__restrict, const char *__restrict, ...)
      |              ^
../Core/Src/main.c: In function 'page_3_print':
../Core/Src/main.c:407:7: warning: unused variable 'buf' [-Wunused-variable]
  407 |  char buf[3];
      |       ^~~
../Core/Src/main.c: In function 'update_screen_data':
../Core/Src/main.c:584:3: warning: implicit declaration of function 'send_cmd' [-Wimplicit-function-declaration]
  584 |   send_cmd(data_reg.intensity,intensity);
      |   ^~~~~~~~
../Core/Src/main.c: At top level:
../Core/Src/main.c:641:6: warning: conflicting types for 'send_cmd'
  641 | void send_cmd(int8_t x, int8_t mode)
      |      ^~~~~~~~
../Core/Src/main.c:584:3: note: previous implicit declaration of 'send_cmd' was here
  584 |   send_cmd(data_reg.intensity,intensity);
      |   ^~~~~~~~
../Core/Src/main.c: In function 'main':
../Core/Src/main.c:1105:4: warning: implicit declaration of function 'clock_page' [-Wimplicit-function-declaration]
 1105 |    clock_page();
      |    ^~~~~~~~~~
../Core/Src/main.c:1106:4: warning: implicit declaration of function 'Total_Time_Print' [-Wimplicit-function-declaration]
 1106 |    Total_Time_Print(timer_intrupt);
      |    ^~~~~~~~~~~~~~~~
../Core/Src/main.c:867:10: warning: variable 'sns_status' set but not used [-Wunused-but-set-variable]
  867 |  uint8_t sns_status = 0;
      |          ^~~~~~~~~~
arm-none-eabi-gcc -o "ot_gesture_updated.elf" @"objects.list"   -mcpu=cortex-m0 -T"D:\production\final_ot_ges\ot_gesture_updated\STM32F030C8TX_FLASH.ld" --specs=nosys.specs -Wl,-Map="ot_gesture_updated.map" -Wl,--gc-sections -static --specs=nano.specs -mfloat-abi=soft -mthumb -Wl,--start-group -lc -lm -Wl,--end-group
Finished building target: ot_gesture_updated.elf
 
arm-none-eabi-size   ot_gesture_updated.elf 
arm-none-eabi-objdump -h -S  ot_gesture_updated.elf  > "ot_gesture_updated.list"
   text	   data	    bss	    dec	    hex	filename
  23700	    132	   1916	  25748	   6494	ot_gesture_updated.elf
Finished building: default.size.stdout
 
Finished building: ot_gesture_updated.list
 
00:22:09 **** Incremental Build of configuration Debug for project ot_gesture_updated ****
make -j4 all 
arm-none-eabi-gcc "../Core/Src/main.c" -mcpu=cortex-m0 -std=gnu11 -g3 -DDEBUG -DUSE_HAL_DRIVER -DSTM32F030x8 -c -I../Core/Inc -I../Drivers/STM32F0xx_HAL_Driver/Inc -I../Drivers/STM32F0xx_HAL_Driver/Inc/Legacy -I../Drivers/CMSIS/Device/ST/STM32F0xx/Include -I../Drivers/CMSIS/Include -O0 -ffunction-sections -fdata-sections -Wall -fstack-usage -MMD -MP -MF"Core/Src/main.d" -MT"Core/Src/main.o" --specs=nano.specs -mfloat-abi=soft -mthumb -o "Core/Src/main.o"
../Core/Src/main.c: In function 'print_int':
../Core/Src/main.c:163:10: warning: pointer targets in passing argument 1 of 'sprintf' differ in signedness [-Wpointer-sign]
  163 |  sprintf(buffer, "%02d", _data);
      |          ^~~~~~
      |          |
      |          int8_t * {aka signed char *}
In file included from ../Core/Src/main.c:24:
c:\st\stm32cubeide_1.9.0\stm32cubeide\plugins\com.st.stm32cube.ide.mcu.externaltools.gnu-tools-for-stm32.10.3-2021.10.win32_1.0.0.202111181127\tools\arm-none-eabi\include\stdio.h:244:14: note: expected 'char * restrict' but argument is of type 'int8_t *' {aka 'signed char *'}
  244 | int sprintf (char *__restrict, const char *__restrict, ...)
      |              ^
../Core/Src/main.c: In function 'page_3_print':
../Core/Src/main.c:407:7: warning: unused variable 'buf' [-Wunused-variable]
  407 |  char buf[3];
      |       ^~~
../Core/Src/main.c: In function 'update_screen_data':
../Core/Src/main.c:584:3: warning: implicit declaration of function 'send_cmd' [-Wimplicit-function-declaration]
  584 |   send_cmd(data_reg.intensity,intensity);
      |   ^~~~~~~~
../Core/Src/main.c: At top level:
../Core/Src/main.c:641:6: warning: conflicting types for 'send_cmd'
  641 | void send_cmd(int8_t x, int8_t mode)
      |      ^~~~~~~~
../Core/Src/main.c:584:3: note: previous implicit declaration of 'send_cmd' was here
  584 |   send_cmd(data_reg.intensity,intensity);
      |   ^~~~~~~~
../Core/Src/main.c: In function 'main':
../Core/Src/main.c:1105:4: warning: implicit declaration of function 'clock_page' [-Wimplicit-function-declaration]
 1105 |    clock_page();
      |    ^~~~~~~~~~
../Core/Src/main.c:1106:4: warning: implicit declaration of function 'Total_Time_Print' [-Wimplicit-function-declaration]
 1106 |    Total_Time_Print(timer_intrupt);
      |    ^~~~~~~~~~~~~~~~
../Core/Src/main.c:867:10: warning: variable 'sns_status' set but not used [-Wunused-but-set-variable]
  867 |  uint8_t sns_status = 0;
      |          ^~~~~~~~~~
arm-none-eabi-gcc -o "ot_gesture_updated.elf" @"objects.list"   -mcpu=cortex-m0 -T"D:\production\final_ot_ges\ot_gesture_updated\STM32F030C8TX_FLASH.ld" --specs=nosys.specs -Wl,-Map="ot_gesture_updated.map" -Wl,--gc-sections -static --specs=nano.specs -mfloat-abi=soft -mthumb -Wl,--start-group -lc -lm -Wl,--end-group
Finished building target: ot_gesture_updated.elf
 
arm-none-eabi-size   ot_gesture_updated.elf 
arm-none-eabi-objdump -h -S  ot_gesture_updated.elf  > "ot_gesture_updated.list"
   text	   data	    bss	    dec	    hex	filename
  23700	    132	   1916	  25748	   6494	ot_gesture_updated.elf
Finished building: default.size.stdout
 
Finished building: ot_gesture_updated.list
 
00:32:57 **** Incremental Build of configuration Debug for project ot_gesture_updated ****
make -j4 all 
arm-none-eabi-gcc "../Core/Src/main.c" -mcpu=cortex-m0 -std=gnu11 -g3 -DDEBUG -DUSE_HAL_DRIVER -DSTM32F030x8 -c -I../Core/Inc -I../Drivers/STM32F0xx_HAL_Driver/Inc -I../Drivers/STM32F0xx_HAL_Driver/Inc/Legacy -I../Drivers/CMSIS/Device/ST/STM32F0xx/Include -I../Drivers/CMSIS/Include -O0 -ffunction-sections -fdata-sections -Wall -fstack-usage -MMD -MP -MF"Core/Src/main.d" -MT"Core/Src/main.o" --specs=nano.specs -mfloat-abi=soft -mthumb -o "Core/Src/main.o"
../Core/Src/main.c: In function 'print_int':
../Core/Src/main.c:163:10: warning: pointer targets in passing argument 1 of 'sprintf' differ in signedness [-Wpointer-sign]
  163 |  sprintf(buffer, "%02d", _data);
      |          ^~~~~~
      |          |
      |          int8_t * {aka signed char *}
In file included from ../Core/Src/main.c:24:
c:\st\stm32cubeide_1.9.0\stm32cubeide\plugins\com.st.stm32cube.ide.mcu.externaltools.gnu-tools-for-stm32.10.3-2021.10.win32_1.0.0.202111181127\tools\arm-none-eabi\include\stdio.h:244:14: note: expected 'char * restrict' but argument is of type 'int8_t *' {aka 'signed char *'}
  244 | int sprintf (char *__restrict, const char *__restrict, ...)
      |              ^
../Core/Src/main.c: In function 'page_3_print':
../Core/Src/main.c:407:7: warning: unused variable 'buf' [-Wunused-variable]
  407 |  char buf[3];
      |       ^~~
../Core/Src/main.c: In function 'update_screen_data':
../Core/Src/main.c:584:3: warning: implicit declaration of function 'send_cmd' [-Wimplicit-function-declaration]
  584 |   send_cmd(data_reg.intensity,intensity);
      |   ^~~~~~~~
../Core/Src/main.c: At top level:
../Core/Src/main.c:641:6: warning: conflicting types for 'send_cmd'
  641 | void send_cmd(int8_t x, int8_t mode)
      |      ^~~~~~~~
../Core/Src/main.c:584:3: note: previous implicit declaration of 'send_cmd' was here
  584 |   send_cmd(data_reg.intensity,intensity);
      |   ^~~~~~~~
../Core/Src/main.c: In function 'main':
../Core/Src/main.c:1105:4: warning: implicit declaration of function 'clock_page' [-Wimplicit-function-declaration]
 1105 |    clock_page();
      |    ^~~~~~~~~~
../Core/Src/main.c:1106:4: warning: implicit declaration of function 'Total_Time_Print' [-Wimplicit-function-declaration]
 1106 |    Total_Time_Print(timer_intrupt);
      |    ^~~~~~~~~~~~~~~~
../Core/Src/main.c:867:10: warning: variable 'sns_status' set but not used [-Wunused-but-set-variable]
  867 |  uint8_t sns_status = 0;
      |          ^~~~~~~~~~
arm-none-eabi-gcc -o "ot_gesture_updated.elf" @"objects.list"   -mcpu=cortex-m0 -T"D:\production\final_ot_ges\ot_gesture_updated\STM32F030C8TX_FLASH.ld" --specs=nosys.specs -Wl,-Map="ot_gesture_updated.map" -Wl,--gc-sections -static --specs=nano.specs -mfloat-abi=soft -mthumb -Wl,--start-group -lc -lm -Wl,--end-group
Finished building target: ot_gesture_updated.elf
 
arm-none-eabi-size   ot_gesture_updated.elf 
arm-none-eabi-objdump -h -S  ot_gesture_updated.elf  > "ot_gesture_updated.list"
   text	   data	    bss	    dec	    hex	filename
  23700	    132	   1916	  25748	   6494	ot_gesture_updated.elf
Finished building: default.size.stdout
 
Finished building: ot_gesture_updated.list
 
00:51:33 **** Incremental Build of configuration Debug for project ot_gesture_updated ****
make -j4 all 
arm-none-eabi-gcc "../Core/Src/main.c" -mcpu=cortex-m0 -std=gnu11 -g3 -DDEBUG -DUSE_HAL_DRIVER -DSTM32F030x8 -c -I../Core/Inc -I../Drivers/STM32F0xx_HAL_Driver/Inc -I../Drivers/STM32F0xx_HAL_Driver/Inc/Legacy -I../Drivers/CMSIS/Device/ST/STM32F0xx/Include -I../Drivers/CMSIS/Include -O0 -ffunction-sections -fdata-sections -Wall -fstack-usage -MMD -MP -MF"Core/Src/main.d" -MT"Core/Src/main.o" --specs=nano.specs -mfloat-abi=soft -mthumb -o "Core/Src/main.o"
../Core/Src/main.c: In function 'print_int':
../Core/Src/main.c:163:10: warning: pointer targets in passing argument 1 of 'sprintf' differ in signedness [-Wpointer-sign]
  163 |  sprintf(buffer, "%02d", _data);
      |          ^~~~~~
      |          |
      |          int8_t * {aka signed char *}
In file included from ../Core/Src/main.c:24:
c:\st\stm32cubeide_1.9.0\stm32cubeide\plugins\com.st.stm32cube.ide.mcu.externaltools.gnu-tools-for-stm32.10.3-2021.10.win32_1.0.0.202111181127\tools\arm-none-eabi\include\stdio.h:244:14: note: expected 'char * restrict' but argument is of type 'int8_t *' {aka 'signed char *'}
  244 | int sprintf (char *__restrict, const char *__restrict, ...)
      |              ^
../Core/Src/main.c: In function 'page_3_print':
../Core/Src/main.c:407:7: warning: unused variable 'buf' [-Wunused-variable]
  407 |  char buf[3];
      |       ^~~
../Core/Src/main.c: In function 'main':
../Core/Src/main.c:1155:4: warning: implicit declaration of function 'clock_page' [-Wimplicit-function-declaration]
 1155 |    clock_page();
      |    ^~~~~~~~~~
../Core/Src/main.c:1156:4: warning: implicit declaration of function 'Total_Time_Print' [-Wimplicit-function-declaration]
 1156 |    Total_Time_Print(timer_intrupt);
      |    ^~~~~~~~~~~~~~~~
../Core/Src/main.c:917:10: warning: variable 'sns_status' set but not used [-Wunused-but-set-variable]
  917 |  uint8_t sns_status = 0;
      |          ^~~~~~~~~~
arm-none-eabi-gcc -o "ot_gesture_updated.elf" @"objects.list"   -mcpu=cortex-m0 -T"D:\production\final_ot_ges\ot_gesture_updated\STM32F030C8TX_FLASH.ld" --specs=nosys.specs -Wl,-Map="ot_gesture_updated.map" -Wl,--gc-sections -static --specs=nano.specs -mfloat-abi=soft -mthumb -Wl,--start-group -lc -lm -Wl,--end-group
Finished building target: ot_gesture_updated.elf
 
arm-none-eabi-size   ot_gesture_updated.elf 
arm-none-eabi-objdump -h -S  ot_gesture_updated.elf  > "ot_gesture_updated.list"
   text	   data	    bss	    dec	    hex	filename
  24000	    132	   1916	  26048	   65c0	ot_gesture_updated.elf
Finished building: default.size.stdout
 
Finished building: ot_gesture_updated.list
 
00:55:00 **** Incremental Build of configuration Debug for project ot_gesture_updated ****
make -j4 all 
arm-none-eabi-gcc "../Core/Src/main.c" -mcpu=cortex-m0 -std=gnu11 -g3 -DDEBUG -DUSE_HAL_DRIVER -DSTM32F030x8 -c -I../Core/Inc -I../Drivers/STM32F0xx_HAL_Driver/Inc -I../Drivers/STM32F0xx_HAL_Driver/Inc/Legacy -I../Drivers/CMSIS/Device/ST/STM32F0xx/Include -I../Drivers/CMSIS/Include -O0 -ffunction-sections -fdata-sections -Wall -fstack-usage -MMD -MP -MF"Core/Src/main.d" -MT"Core/Src/main.o" --specs=nano.specs -mfloat-abi=soft -mthumb -o "Core/Src/main.o"
../Core/Src/main.c: In function 'print_int':
../Core/Src/main.c:163:10: warning: pointer targets in passing argument 1 of 'sprintf' differ in signedness [-Wpointer-sign]
  163 |  sprintf(buffer, "%02d", _data);
      |          ^~~~~~
      |          |
      |          int8_t * {aka signed char *}
In file included from ../Core/Src/main.c:24:
c:\st\stm32cubeide_1.9.0\stm32cubeide\plugins\com.st.stm32cube.ide.mcu.externaltools.gnu-tools-for-stm32.10.3-2021.10.win32_1.0.0.202111181127\tools\arm-none-eabi\include\stdio.h:244:14: note: expected 'char * restrict' but argument is of type 'int8_t *' {aka 'signed char *'}
  244 | int sprintf (char *__restrict, const char *__restrict, ...)
      |              ^
../Core/Src/main.c: In function 'page_3_print':
../Core/Src/main.c:407:7: warning: unused variable 'buf' [-Wunused-variable]
  407 |  char buf[3];
      |       ^~~
../Core/Src/main.c: In function 'main':
../Core/Src/main.c:1157:4: warning: implicit declaration of function 'clock_page' [-Wimplicit-function-declaration]
 1157 |    clock_page();
      |    ^~~~~~~~~~
../Core/Src/main.c:1158:4: warning: implicit declaration of function 'Total_Time_Print' [-Wimplicit-function-declaration]
 1158 |    Total_Time_Print(timer_intrupt);
      |    ^~~~~~~~~~~~~~~~
../Core/Src/main.c:917:10: warning: variable 'sns_status' set but not used [-Wunused-but-set-variable]
  917 |  uint8_t sns_status = 0;
      |          ^~~~~~~~~~
arm-none-eabi-gcc -o "ot_gesture_updated.elf" @"objects.list"   -mcpu=cortex-m0 -T"D:\production\final_ot_ges\ot_gesture_updated\STM32F030C8TX_FLASH.ld" --specs=nosys.specs -Wl,-Map="ot_gesture_updated.map" -Wl,--gc-sections -static --specs=nano.specs -mfloat-abi=soft -mthumb -Wl,--start-group -lc -lm -Wl,--end-group
Finished building target: ot_gesture_updated.elf
 
arm-none-eabi-size   ot_gesture_updated.elf 
arm-none-eabi-objdump -h -S  ot_gesture_updated.elf  > "ot_gesture_updated.list"
   text	   data	    bss	    dec	    hex	filename
  23992	    132	   1916	  26040	   65b8	ot_gesture_updated.elf
Finished building: default.size.stdout
 
Finished building: ot_gesture_updated.list
 
00:55:15 **** Incremental Build of configuration Debug for project ot_gesture_updated ****
make -j4 all 
arm-none-eabi-size   ot_gesture_updated.elf 
   text	   data	    bss	    dec	    hex	filename
  23992	    132	   1916	  26040	   65b8	ot_gesture_updated.elf
Finished building: default.size.stdout
 
00:57:47 **** Incremental Build of configuration Debug for project ot_gesture_updated ****
make -j4 all 
arm-none-eabi-gcc "../Core/Src/main.c" -mcpu=cortex-m0 -std=gnu11 -g3 -DDEBUG -DUSE_HAL_DRIVER -DSTM32F030x8 -c -I../Core/Inc -I../Drivers/STM32F0xx_HAL_Driver/Inc -I../Drivers/STM32F0xx_HAL_Driver/Inc/Legacy -I../Drivers/CMSIS/Device/ST/STM32F0xx/Include -I../Drivers/CMSIS/Include -O0 -ffunction-sections -fdata-sections -Wall -fstack-usage -MMD -MP -MF"Core/Src/main.d" -MT"Core/Src/main.o" --specs=nano.specs -mfloat-abi=soft -mthumb -o "Core/Src/main.o"
../Core/Src/main.c: In function 'print_int':
../Core/Src/main.c:163:10: warning: pointer targets in passing argument 1 of 'sprintf' differ in signedness [-Wpointer-sign]
  163 |  sprintf(buffer, "%02d", _data);
      |          ^~~~~~
      |          |
      |          int8_t * {aka signed char *}
In file included from ../Core/Src/main.c:24:
c:\st\stm32cubeide_1.9.0\stm32cubeide\plugins\com.st.stm32cube.ide.mcu.externaltools.gnu-tools-for-stm32.10.3-2021.10.win32_1.0.0.202111181127\tools\arm-none-eabi\include\stdio.h:244:14: note: expected 'char * restrict' but argument is of type 'int8_t *' {aka 'signed char *'}
  244 | int sprintf (char *__restrict, const char *__restrict, ...)
      |              ^
../Core/Src/main.c: In function 'page_3_print':
../Core/Src/main.c:407:7: warning: unused variable 'buf' [-Wunused-variable]
  407 |  char buf[3];
      |       ^~~
../Core/Src/main.c: In function 'main':
../Core/Src/main.c:1157:4: warning: implicit declaration of function 'clock_page' [-Wimplicit-function-declaration]
 1157 |    clock_page();
      |    ^~~~~~~~~~
../Core/Src/main.c:1158:4: warning: implicit declaration of function 'Total_Time_Print' [-Wimplicit-function-declaration]
 1158 |    Total_Time_Print(timer_intrupt);
      |    ^~~~~~~~~~~~~~~~
../Core/Src/main.c:917:10: warning: variable 'sns_status' set but not used [-Wunused-but-set-variable]
  917 |  uint8_t sns_status = 0;
      |          ^~~~~~~~~~
arm-none-eabi-gcc -o "ot_gesture_updated.elf" @"objects.list"   -mcpu=cortex-m0 -T"D:\production\final_ot_ges\ot_gesture_updated\STM32F030C8TX_FLASH.ld" --specs=nosys.specs -Wl,-Map="ot_gesture_updated.map" -Wl,--gc-sections -static --specs=nano.specs -mfloat-abi=soft -mthumb -Wl,--start-group -lc -lm -Wl,--end-group
Finished building target: ot_gesture_updated.elf
 
arm-none-eabi-size   ot_gesture_updated.elf 
arm-none-eabi-objdump -h -S  ot_gesture_updated.elf  > "ot_gesture_updated.list"
   text	   data	    bss	    dec	    hex	filename
  23984	    132	   1916	  26032	   65b0	ot_gesture_updated.elf
Finished building: default.size.stdout
 
Finished building: ot_gesture_updated.list
 
00:58:39 **** Incremental Build of configuration Debug for project ot_gesture_updated ****
make -j4 all 
arm-none-eabi-gcc "../Core/Src/main.c" -mcpu=cortex-m0 -std=gnu11 -g3 -DDEBUG -DUSE_HAL_DRIVER -DSTM32F030x8 -c -I../Core/Inc -I../Drivers/STM32F0xx_HAL_Driver/Inc -I../Drivers/STM32F0xx_HAL_Driver/Inc/Legacy -I../Drivers/CMSIS/Device/ST/STM32F0xx/Include -I../Drivers/CMSIS/Include -O0 -ffunction-sections -fdata-sections -Wall -fstack-usage -MMD -MP -MF"Core/Src/main.d" -MT"Core/Src/main.o" --specs=nano.specs -mfloat-abi=soft -mthumb -o "Core/Src/main.o"
../Core/Src/main.c: In function 'print_int':
../Core/Src/main.c:163:10: warning: pointer targets in passing argument 1 of 'sprintf' differ in signedness [-Wpointer-sign]
  163 |  sprintf(buffer, "%02d", _data);
      |          ^~~~~~
      |          |
      |          int8_t * {aka signed char *}
In file included from ../Core/Src/main.c:24:
c:\st\stm32cubeide_1.9.0\stm32cubeide\plugins\com.st.stm32cube.ide.mcu.externaltools.gnu-tools-for-stm32.10.3-2021.10.win32_1.0.0.202111181127\tools\arm-none-eabi\include\stdio.h:244:14: note: expected 'char * restrict' but argument is of type 'int8_t *' {aka 'signed char *'}
  244 | int sprintf (char *__restrict, const char *__restrict, ...)
      |              ^
../Core/Src/main.c: In function 'page_3_print':
../Core/Src/main.c:407:7: warning: unused variable 'buf' [-Wunused-variable]
  407 |  char buf[3];
      |       ^~~
../Core/Src/main.c: In function 'main':
../Core/Src/main.c:1157:4: warning: implicit declaration of function 'clock_page' [-Wimplicit-function-declaration]
 1157 |    clock_page();
      |    ^~~~~~~~~~
../Core/Src/main.c:1158:4: warning: implicit declaration of function 'Total_Time_Print' [-Wimplicit-function-declaration]
 1158 |    Total_Time_Print(timer_intrupt);
      |    ^~~~~~~~~~~~~~~~
../Core/Src/main.c:917:10: warning: variable 'sns_status' set but not used [-Wunused-but-set-variable]
  917 |  uint8_t sns_status = 0;
      |          ^~~~~~~~~~
arm-none-eabi-gcc -o "ot_gesture_updated.elf" @"objects.list"   -mcpu=cortex-m0 -T"D:\production\final_ot_ges\ot_gesture_updated\STM32F030C8TX_FLASH.ld" --specs=nosys.specs -Wl,-Map="ot_gesture_updated.map" -Wl,--gc-sections -static --specs=nano.specs -mfloat-abi=soft -mthumb -Wl,--start-group -lc -lm -Wl,--end-group
Finished building target: ot_gesture_updated.elf
 
arm-none-eabi-size   ot_gesture_updated.elf 
arm-none-eabi-objdump -h -S  ot_gesture_updated.elf  > "ot_gesture_updated.list"
   text	   data	    bss	    dec	    hex	filename
  23988	    132	   1916	  26036	   65b4	ot_gesture_updated.elf
Finished building: default.size.stdout
 
Finished building: ot_gesture_updated.list
 
01:00:18 **** Incremental Build of configuration Debug for project ot_gesture_updated ****
make -j4 all 
arm-none-eabi-gcc "../Core/Src/main.c" -mcpu=cortex-m0 -std=gnu11 -g3 -DDEBUG -DUSE_HAL_DRIVER -DSTM32F030x8 -c -I../Core/Inc -I../Drivers/STM32F0xx_HAL_Driver/Inc -I../Drivers/STM32F0xx_HAL_Driver/Inc/Legacy -I../Drivers/CMSIS/Device/ST/STM32F0xx/Include -I../Drivers/CMSIS/Include -O0 -ffunction-sections -fdata-sections -Wall -fstack-usage -MMD -MP -MF"Core/Src/main.d" -MT"Core/Src/main.o" --specs=nano.specs -mfloat-abi=soft -mthumb -o "Core/Src/main.o"
../Core/Src/main.c: In function 'print_int':
../Core/Src/main.c:163:10: warning: pointer targets in passing argument 1 of 'sprintf' differ in signedness [-Wpointer-sign]
  163 |  sprintf(buffer, "%02d", _data);
      |          ^~~~~~
      |          |
      |          int8_t * {aka signed char *}
In file included from ../Core/Src/main.c:24:
c:\st\stm32cubeide_1.9.0\stm32cubeide\plugins\com.st.stm32cube.ide.mcu.externaltools.gnu-tools-for-stm32.10.3-2021.10.win32_1.0.0.202111181127\tools\arm-none-eabi\include\stdio.h:244:14: note: expected 'char * restrict' but argument is of type 'int8_t *' {aka 'signed char *'}
  244 | int sprintf (char *__restrict, const char *__restrict, ...)
      |              ^
../Core/Src/main.c: In function 'page_3_print':
../Core/Src/main.c:407:7: warning: unused variable 'buf' [-Wunused-variable]
  407 |  char buf[3];
      |       ^~~
../Core/Src/main.c: In function 'main':
../Core/Src/main.c:1158:4: warning: implicit declaration of function 'clock_page' [-Wimplicit-function-declaration]
 1158 |    clock_page();
      |    ^~~~~~~~~~
../Core/Src/main.c:1159:4: warning: implicit declaration of function 'Total_Time_Print' [-Wimplicit-function-declaration]
 1159 |    Total_Time_Print(timer_intrupt);
      |    ^~~~~~~~~~~~~~~~
../Core/Src/main.c:917:10: warning: variable 'sns_status' set but not used [-Wunused-but-set-variable]
  917 |  uint8_t sns_status = 0;
      |          ^~~~~~~~~~
arm-none-eabi-gcc -o "ot_gesture_updated.elf" @"objects.list"   -mcpu=cortex-m0 -T"D:\production\final_ot_ges\ot_gesture_updated\STM32F030C8TX_FLASH.ld" --specs=nosys.specs -Wl,-Map="ot_gesture_updated.map" -Wl,--gc-sections -static --specs=nano.specs -mfloat-abi=soft -mthumb -Wl,--start-group -lc -lm -Wl,--end-group
Finished building target: ot_gesture_updated.elf
 
arm-none-eabi-size   ot_gesture_updated.elf 
arm-none-eabi-objdump -h -S  ot_gesture_updated.elf  > "ot_gesture_updated.list"
   text	   data	    bss	    dec	    hex	filename
  24000	    132	   1916	  26048	   65c0	ot_gesture_updated.elf
Finished building: default.size.stdout
 
Finished building: ot_gesture_updated.list
 
01:03:31 **** Incremental Build of configuration Debug for project ot_gesture_updated ****
make -j4 all 
arm-none-eabi-gcc "../Core/Src/main.c" -mcpu=cortex-m0 -std=gnu11 -g3 -DDEBUG -DUSE_HAL_DRIVER -DSTM32F030x8 -c -I../Core/Inc -I../Drivers/STM32F0xx_HAL_Driver/Inc -I../Drivers/STM32F0xx_HAL_Driver/Inc/Legacy -I../Drivers/CMSIS/Device/ST/STM32F0xx/Include -I../Drivers/CMSIS/Include -O0 -ffunction-sections -fdata-sections -Wall -fstack-usage -MMD -MP -MF"Core/Src/main.d" -MT"Core/Src/main.o" --specs=nano.specs -mfloat-abi=soft -mthumb -o "Core/Src/main.o"
../Core/Src/main.c: In function 'print_int':
../Core/Src/main.c:163:10: warning: pointer targets in passing argument 1 of 'sprintf' differ in signedness [-Wpointer-sign]
  163 |  sprintf(buffer, "%02d", _data);
      |          ^~~~~~
      |          |
      |          int8_t * {aka signed char *}
In file included from ../Core/Src/main.c:24:
c:\st\stm32cubeide_1.9.0\stm32cubeide\plugins\com.st.stm32cube.ide.mcu.externaltools.gnu-tools-for-stm32.10.3-2021.10.win32_1.0.0.202111181127\tools\arm-none-eabi\include\stdio.h:244:14: note: expected 'char * restrict' but argument is of type 'int8_t *' {aka 'signed char *'}
  244 | int sprintf (char *__restrict, const char *__restrict, ...)
      |              ^
../Core/Src/main.c: In function 'page_3_print':
../Core/Src/main.c:407:7: warning: unused variable 'buf' [-Wunused-variable]
  407 |  char buf[3];
      |       ^~~
../Core/Src/main.c: In function 'main':
../Core/Src/main.c:1158:4: warning: implicit declaration of function 'clock_page' [-Wimplicit-function-declaration]
 1158 |    clock_page();
      |    ^~~~~~~~~~
../Core/Src/main.c:1159:4: warning: implicit declaration of function 'Total_Time_Print' [-Wimplicit-function-declaration]
 1159 |    Total_Time_Print(timer_intrupt);
      |    ^~~~~~~~~~~~~~~~
../Core/Src/main.c:917:10: warning: variable 'sns_status' set but not used [-Wunused-but-set-variable]
  917 |  uint8_t sns_status = 0;
      |          ^~~~~~~~~~
arm-none-eabi-gcc -o "ot_gesture_updated.elf" @"objects.list"   -mcpu=cortex-m0 -T"D:\production\final_ot_ges\ot_gesture_updated\STM32F030C8TX_FLASH.ld" --specs=nosys.specs -Wl,-Map="ot_gesture_updated.map" -Wl,--gc-sections -static --specs=nano.specs -mfloat-abi=soft -mthumb -Wl,--start-group -lc -lm -Wl,--end-group
Finished building target: ot_gesture_updated.elf
 
arm-none-eabi-size   ot_gesture_updated.elf 
arm-none-eabi-objdump -h -S  ot_gesture_updated.elf  > "ot_gesture_updated.list"
   text	   data	    bss	    dec	    hex	filename
  23984	    132	   1916	  26032	   65b0	ot_gesture_updated.elf
Finished building: default.size.stdout
 
Finished building: ot_gesture_updated.list
 
01:05:35 **** Incremental Build of configuration Debug for project ot_gesture_updated ****
make -j4 all 
arm-none-eabi-gcc "../Core/Src/main.c" -mcpu=cortex-m0 -std=gnu11 -g3 -DDEBUG -DUSE_HAL_DRIVER -DSTM32F030x8 -c -I../Core/Inc -I../Drivers/STM32F0xx_HAL_Driver/Inc -I../Drivers/STM32F0xx_HAL_Driver/Inc/Legacy -I../Drivers/CMSIS/Device/ST/STM32F0xx/Include -I../Drivers/CMSIS/Include -O0 -ffunction-sections -fdata-sections -Wall -fstack-usage -MMD -MP -MF"Core/Src/main.d" -MT"Core/Src/main.o" --specs=nano.specs -mfloat-abi=soft -mthumb -o "Core/Src/main.o"
../Core/Src/main.c: In function 'print_int':
../Core/Src/main.c:163:10: warning: pointer targets in passing argument 1 of 'sprintf' differ in signedness [-Wpointer-sign]
  163 |  sprintf(buffer, "%02d", _data);
      |          ^~~~~~
      |          |
      |          int8_t * {aka signed char *}
In file included from ../Core/Src/main.c:24:
c:\st\stm32cubeide_1.9.0\stm32cubeide\plugins\com.st.stm32cube.ide.mcu.externaltools.gnu-tools-for-stm32.10.3-2021.10.win32_1.0.0.202111181127\tools\arm-none-eabi\include\stdio.h:244:14: note: expected 'char * restrict' but argument is of type 'int8_t *' {aka 'signed char *'}
  244 | int sprintf (char *__restrict, const char *__restrict, ...)
      |              ^
../Core/Src/main.c: In function 'page_3_print':
../Core/Src/main.c:407:7: warning: unused variable 'buf' [-Wunused-variable]
  407 |  char buf[3];
      |       ^~~
../Core/Src/main.c: In function 'main':
../Core/Src/main.c:1158:4: warning: implicit declaration of function 'clock_page' [-Wimplicit-function-declaration]
 1158 |    clock_page();
      |    ^~~~~~~~~~
../Core/Src/main.c:1159:4: warning: implicit declaration of function 'Total_Time_Print' [-Wimplicit-function-declaration]
 1159 |    Total_Time_Print(timer_intrupt);
      |    ^~~~~~~~~~~~~~~~
../Core/Src/main.c:917:10: warning: variable 'sns_status' set but not used [-Wunused-but-set-variable]
  917 |  uint8_t sns_status = 0;
      |          ^~~~~~~~~~
arm-none-eabi-gcc -o "ot_gesture_updated.elf" @"objects.list"   -mcpu=cortex-m0 -T"D:\production\final_ot_ges\ot_gesture_updated\STM32F030C8TX_FLASH.ld" --specs=nosys.specs -Wl,-Map="ot_gesture_updated.map" -Wl,--gc-sections -static --specs=nano.specs -mfloat-abi=soft -mthumb -Wl,--start-group -lc -lm -Wl,--end-group
Finished building target: ot_gesture_updated.elf
 
arm-none-eabi-size   ot_gesture_updated.elf 
arm-none-eabi-objdump -h -S  ot_gesture_updated.elf  > "ot_gesture_updated.list"
   text	   data	    bss	    dec	    hex	filename
  23928	    132	   1916	  25976	   6578	ot_gesture_updated.elf
Finished building: default.size.stdout
 
Finished building: ot_gesture_updated.list
 
01:08:04 **** Incremental Build of configuration Debug for project ot_gesture_updated ****
make -j4 all 
arm-none-eabi-gcc "../Core/Src/main.c" -mcpu=cortex-m0 -std=gnu11 -g3 -DDEBUG -DUSE_HAL_DRIVER -DSTM32F030x8 -c -I../Core/Inc -I../Drivers/STM32F0xx_HAL_Driver/Inc -I../Drivers/STM32F0xx_HAL_Driver/Inc/Legacy -I../Drivers/CMSIS/Device/ST/STM32F0xx/Include -I../Drivers/CMSIS/Include -O0 -ffunction-sections -fdata-sections -Wall -fstack-usage -MMD -MP -MF"Core/Src/main.d" -MT"Core/Src/main.o" --specs=nano.specs -mfloat-abi=soft -mthumb -o "Core/Src/main.o"
../Core/Src/main.c: In function 'print_int':
../Core/Src/main.c:163:10: warning: pointer targets in passing argument 1 of 'sprintf' differ in signedness [-Wpointer-sign]
  163 |  sprintf(buffer, "%02d", _data);
      |          ^~~~~~
      |          |
      |          int8_t * {aka signed char *}
In file included from ../Core/Src/main.c:24:
c:\st\stm32cubeide_1.9.0\stm32cubeide\plugins\com.st.stm32cube.ide.mcu.externaltools.gnu-tools-for-stm32.10.3-2021.10.win32_1.0.0.202111181127\tools\arm-none-eabi\include\stdio.h:244:14: note: expected 'char * restrict' but argument is of type 'int8_t *' {aka 'signed char *'}
  244 | int sprintf (char *__restrict, const char *__restrict, ...)
      |              ^
../Core/Src/main.c: In function 'page_3_print':
../Core/Src/main.c:407:7: warning: unused variable 'buf' [-Wunused-variable]
  407 |  char buf[3];
      |       ^~~
../Core/Src/main.c: In function 'main':
../Core/Src/main.c:1152:4: warning: implicit declaration of function 'clock_page' [-Wimplicit-function-declaration]
 1152 |    clock_page();
      |    ^~~~~~~~~~
../Core/Src/main.c:1153:4: warning: implicit declaration of function 'Total_Time_Print' [-Wimplicit-function-declaration]
 1153 |    Total_Time_Print(timer_intrupt);
      |    ^~~~~~~~~~~~~~~~
../Core/Src/main.c:911:10: warning: variable 'sns_status' set but not used [-Wunused-but-set-variable]
  911 |  uint8_t sns_status = 0;
      |          ^~~~~~~~~~
arm-none-eabi-gcc -o "ot_gesture_updated.elf" @"objects.list"   -mcpu=cortex-m0 -T"D:\production\final_ot_ges\ot_gesture_updated\STM32F030C8TX_FLASH.ld" --specs=nosys.specs -Wl,-Map="ot_gesture_updated.map" -Wl,--gc-sections -static --specs=nano.specs -mfloat-abi=soft -mthumb -Wl,--start-group -lc -lm -Wl,--end-group
Finished building target: ot_gesture_updated.elf
 
arm-none-eabi-size   ot_gesture_updated.elf 
arm-none-eabi-objdump -h -S  ot_gesture_updated.elf  > "ot_gesture_updated.list"
   text	   data	    bss	    dec	    hex	filename
  23928	    132	   1916	  25976	   6578	ot_gesture_updated.elf
Finished building: default.size.stdout
 
Finished building: ot_gesture_updated.list
 
